__label__1
__label__1 好き
__label__1 不慣れ
__label__1 非常
__label__1 ダメ ダメ
__label__1
__label__1 有名 好き 変 色々 必要 色々
__label__1
__label__1 不具合 同様 的 不具合
__label__1 粗悪
__label__1 的 的
__label__1 不審 なめらか
__label__1 必須 簡単 可能 順調 的 幸い
__label__1 残念
__label__1
__label__1
__label__1 好き 非常 残念
__label__1 酷
__label__1 不安
__label__1 大切
__label__1
__label__1 不快 本当
__label__1 大変
__label__1
__label__1 無事 不安 無難
__label__1
__label__1
__label__1
__label__1
__label__1 高度 必要 上手 温和 下手 嫌 圧倒的
__label__1 簡単
__label__1
__label__1 不能 過大
__label__1
__label__1
__label__1 不具合 非常 残念
__label__1
__label__1
__label__1 不可能 粗大
__label__1 異様
__label__1 的 不具合
__label__1 正直 当たり前 夢中 明らか 誇大
__label__1
__label__1
__label__1 個別 真摯 悪質 非常 非常 積極 的 明らか 確実 好き 安心 好き 確実 当たり前 悪質 確実 馬鹿 大量 的 大変 強気
__label__1
__label__1 的
__label__1
__label__1 正直
__label__1 中途半端 非常 残念
__label__1
__label__1 駄目 デリケート 台無し 貧弱 貧弱 的 伊達 幸い
__label__1
__label__1
__label__1
__label__1 シンプル
__label__1 残念 粗悪
__label__1
__label__1 非常
__label__1
__label__1 簡単 不良 不明 重要
__label__1 的 不具合
__label__1 高額 ショック 早急 不親切 同然
__label__1 主 危険 十分 危険 普通 重要
__label__1
__label__1 まとも 的 的 早急
__label__1
__label__1 確か 綺麗 的 厄介 大変
__label__1
__label__1 不安
__label__1 当たり前
__label__1 不具合 普通 不便 残念
__label__1 面倒 非常 残念
__label__1 直ぐ 最悪
__label__1
__label__1
__label__1
__label__1
__label__1
__label__1
__label__1 勝手 非常
__label__1 不快 勝手 皆無 不可能 可能
__label__1 非常 非常 綺麗 静か 耳障り 正常 有名 静か 特別 敏感 必要 有名 静か 普通 有名 有名 みたい 静か 十分
__label__1 正常 正式
__label__1 非常
__label__1 盛ん 不自由
__label__1
__label__1 様々 安価 はるか
__label__1 高価 残念
__label__1
__label__1
__label__1 同様
__label__1 確か ピュア
__label__1 いい加減
__label__1 嫌い
__label__1
__label__1 無駄 安定
__label__1 普通
__label__1 可能 みたい
__label__1 公式
__label__1 大きめ カチカチ
__label__1 ダメ
__label__1 明らか 非常 面倒
__label__1 キレイ
__label__1 最適
__label__1 駄目 残念
__label__1 スムーズ
__label__1 静か
__label__1
__label__1 不正
__label__1 妥当 残念
__label__1
__label__1 無駄 可能 必要
__label__1
__label__1 ダメ みたい みたい 普通
__label__1
__label__1
__label__1 正規 大変 直ぐ
__label__1
__label__1
__label__1 不透明 不公平
__label__1 大変 綺麗
__label__1
__label__1 的 複雑
__label__1 必要
__label__1 完璧 みたい
__label__1 余計 危険
__label__1 大丈夫
__label__1 普通 明らか 丈夫 元気 丈夫 最低
__label__1 残念
__label__1 普通
__label__1
__label__1 当たり前 がち
__label__1 不明 的
__label__1
__label__1
__label__1 ダメ
__label__1
__label__1
__label__1
__label__1
__label__1 同じ
__label__1
__label__1 ピュア ギリギリ 無駄 卑怯 直ぐ 勝手 勝手 悪質 必要 悪質 同様 詳細
__label__1 必要 不能 可能 不能
__label__1 大量 残念 至極
__label__1 不安
__label__1 残念
__label__1
__label__1 正常
__label__1
__label__1
__label__1 変
__label__1 可能 可能
__label__1 残念
__label__1 普通 的 駄目 無駄
__label__1
__label__1 正直
__label__1
__label__1 普通
__label__1 残念
__label__1 安心 綺麗 残念
__label__1
__label__1 派手 確実 滅茶苦茶 豊富 華麗 豊富 だめ 的 ダメ シリアス 無駄
__label__1 安全
__label__1
__label__1 不正 大量 不正
__label__1 だめ
__label__1
__label__1 普通
__label__1
__label__1 不安
__label__1 普通
__label__1 残念
__label__1
__label__1 丁寧
__label__1 不安
__label__1 不正
__label__1 爽快
__label__1 簡単
__label__1
__label__1
__label__1 肝心 不快 残念 純粋
__label__1
__label__1 非常 非常 適当 不明
__label__1 正常 正式
__label__1
__label__1 様々 簡単
__label__1
__label__1 安定
__label__1
__label__1 不安 非常 可能
__label__1
__label__1 確か 面倒
__label__1
__label__1
__label__1
__label__1 必要
__label__1
__label__1 嫌 まとも 別々
__label__1
__label__1
__label__1
__label__1 キレイ
__label__1
__label__1 不良 滑らか 非常 危険 残念
__label__1
__label__1
__label__1 明らか 明らか
__label__1 不具合 迅速
__label__1 的 的 裕福 大切 的
__label__1 正常 不正 嫌 公式 詳細 的 重要
__label__1 無事 快適 特殊
__label__1
__label__1 みたい
__label__1
__label__1
__label__1 的 不具合
__label__1 不快 可能 可能 健康 様々 健康 有益 必要 健康
__label__1
__label__1
__label__1 正直 純粋 賢明 面倒 正直
__label__1 簡単
__label__1 好き
__label__1
__label__1
__label__1 完全
__label__1
__label__1
__label__1 的
__label__1
__label__1
__label__1
__label__1 勝手 丈夫 残念 正直 まとも
__label__1
__label__1
__label__1 ダメ
__label__1 無駄 安価 異常 不便 賢明
__label__1 普通 透明 的
__label__1
__label__1 絶大
__label__1 完全 粗大
__label__1 不思議 不具合
__label__1 残念
__label__1 普通 的 駄目 無駄
__label__1
__label__1 ダメ
__label__1 不正
__label__1 不正 大変 巧妙 的 不正 無事 大変
__label__1
__label__1
__label__1 的
__label__1 簡単 新た ダメ ダメ ダメ
__label__1 可哀想 ダメ 困難 疑問
__label__1 不明 大量
__label__1
__label__1 ダメ 無駄
__label__1
__label__1 頻繁
__label__1
__label__1
__label__1 勝手 必要 色々
__label__1 台無し
__label__1 スカスカ 不安 不安 残念
__label__1
__label__1
__label__1
__label__1 こまめ
__label__1
__label__1 正常 不正
__label__1 シンプル
__label__1 大量 残念 至極
__label__1 みたい 残念
__label__1
__label__1 重要
__label__1 不具合
__label__1
__label__1 可能
__label__1
__label__1 正直 不安定 手短
__label__1
__label__1 残念
__label__1 当たり前
__label__1 不具合
__label__1 急 同様
__label__1 確か 不便
__label__1 素直 迷惑 無駄 正直
__label__1
__label__1 駄目 的
__label__1
__label__1 フル 誠実 別 別 的 無駄
__label__1
__label__1
__label__1 極端 不便
__label__1 盛大 不安
__label__1 純正 無理 丁寧
__label__1 残念
__label__1
__label__1 不安
__label__1 残念
__label__1 急
__label__1
__label__1 ガサガサ 確か 可能 残念
__label__1
__label__1
__label__1
__label__1 馬鹿 駄目 綺麗
__label__1 大変
__label__1
__label__1 危険 不良 可能 残念
__label__1 迅速 不良 いい加減
__label__1 真っ黒 真っ黒
__label__1 ダメ スムーズ 頻繁
__label__1
__label__1 異常 本当 嫌
__label__1 不正 大量 不正
__label__1 必要 残念
__label__1
__label__1
__label__1
__label__1 大変 残念
__label__1
__label__1 不安 正常 大変 苦痛
__label__1
__label__1 無能 理不尽 無駄
__label__1 必要
__label__1
__label__1 不正
__label__1 様々
__label__1
__label__1 不便
__label__1
__label__1 非常
__label__1 ダメ ダメ 不便
__label__1
__label__1
__label__1
__label__1 残念
__label__1 残念
__label__1 正常 不正 嫌 公式 詳細 的 重要
__label__1 爽やか 確実 異常
__label__1 必要
__label__1 的
__label__1
__label__1 勝手 増し 丈夫 乱暴 残念 残念 不良 高額 大事 高額 大切 残念 高額 大切 更 高額 端的 残念 普通 高額 大切 みたい 必要 神経質 残念
__label__1 確か 的 必死 かわいそう みたい 的
__label__1
__label__1
__label__1
__label__1
__label__1 可能 駄目
__label__1 スムーズ
__label__1 残念
__label__1 不安 異常
__label__1 駄目 駄目
__label__1
__label__1
__label__1
__label__1
__label__1 十分 きれい 必要 残念
__label__1
__label__1
__label__1
__label__1 自然
__label__1 残念
__label__1 ダメ
__label__1
__label__1
__label__1 的 大変 的 的 的 不調 残念
__label__1 ダメ まとも 完全 だめ
__label__1
__label__1 同等 急激
__label__1 ダメ 必要
__label__1 単純 雑 嫌 みたい
__label__1
__label__1 直ぐ 的
__label__1
__label__1 大丈夫 必須
__label__1 最適 勝手 勝手 卑怯
__label__1 迷惑
__label__1 残念
__label__1
__label__1
__label__1 不具合
__label__1 遥か 理不尽
__label__1
__label__1 残念
__label__1
__label__1 不明 不明 不能 公的
__label__1
__label__1
__label__1 安定 安定
__label__1 正常 不正
__label__1 邪魔 完全
__label__1 無駄
__label__1
__label__1 真剣 生半可
__label__1 迅速 雑
__label__1 急 敏感 残念
__label__1
__label__1
__label__1
__label__1 不正 大変 巧妙 的 不正 無事 大変
__label__1 必要
__label__1 不正 大量 不正
__label__1
__label__1 普通 必要
__label__1 まとも 残念
__label__1
__label__1
__label__1
__label__1
__label__1 確実
__label__1 様々
__label__1 生 重厚 当たり前 自由
__label__1 的
__label__1 好き
__label__1
__label__1
__label__1 キレイ
__label__1 鋭利 真剣
__label__1 最適 勝手 勝手 卑怯
__label__1
__label__1
__label__1 勝手 非常
__label__1
__label__1 キレイ 夢中 上手 的 当たり前 上手 様々 様々
__label__1 必要
__label__1
__label__1
__label__1 個別 真摯 悪質 非常 非常 積極 的 明らか 確実 好き 安心 好き 確実 当たり前 悪質 確実 馬鹿 大量 的 大変 強気
__label__1
__label__1 残念
__label__1 丁寧
__label__1
__label__1 まとも 勝手 不正
__label__1 正常
__label__1 平等
__label__1
__label__1 不安
__label__1 残念
__label__1
__label__1
__label__1 特殊
__label__1 的 不親切
__label__1 無駄
__label__1 残念
__label__1 下手
__label__1 公式 無駄
__label__1
__label__1 危険
__label__1 簡単
__label__1
__label__1 大変 みたい
__label__1 異常 的
__label__1
__label__1 非常 残念
__label__1 半端
__label__1
__label__1 みたい 正直 必須 めちゃくちゃ 無駄
__label__1 不正 不正 ダメ 不正 ダメ
__label__1 メジャー 微妙
__label__1
__label__1
__label__1
__label__1 好き
__label__1 不正
__label__1 綺麗 残念
__label__1 楽 遥か
__label__1 大変 簡単 明らか 頻繁 不能 明らか 的 不可能 的 的 温厚 不可能 早急 大切 相当 健康 不快 平穏 必要
__label__1 好き
__label__1 快適 的 不可能
__label__1 急 残念
__label__1 好き
__label__1 正常 不正
__label__1 明らか 新た 稚拙 明らか イケイケ 見事 無能
__label__1
__label__1
__label__1 有名 不自然 不自然
__label__1
__label__1 正常 不正 嫌 公式 詳細 的 重要
__label__1 きれい
__label__1 頻繁 まとも
__label__1
__label__1 残念
__label__1
__label__1
__label__1 ぴったり シビア 確実 ざった シビア 無駄
__label__1 可能
__label__1 みたい 変
__label__1 乱暴 執拗 陰湿 必要 必要 無駄 下手 不可能 苦手 重大 かわいそう
__label__1 みたい
__label__1 不可能 不可能
__label__1 非常 残念
__label__1
__label__1
__label__1
__label__1
__label__1 残念
__label__1 独自 当たり前
__label__1 普通
__label__1 面倒
__label__1 浅はか ダメ
__label__1
__label__1 無駄 無駄
__label__1
__label__1 キレイ 困難 大変 残念 フル フル 鮮明 フル 不具合 フル フル
__label__1
__label__1
__label__1 無難
__label__1
__label__1
__label__1 不正 不正 ダメ 不正 ダメ
__label__1 小柄 困難
__label__1 不安定 不可能 公式
__label__1
__label__1 無事 不安 無難
__label__1 キレイ
__label__1 正直 必須 変 的
__label__1 上々 不幸 疑問 大好き
__label__1 みたい 不正 非情 大変 残念
__label__1
__label__1 不安 可能
__label__1 確か
__label__1 様々 必須 まとも
__label__1
__label__1 無駄
__label__1 大好き
__label__1 好き 残念 不便
__label__1 悪質
__label__1
__label__1
__label__1
__label__1
__label__1 みたい 不正 非情 大変 残念
__label__1 高額 高額 はるか
__label__1 詳細 残念
__label__1 大変
__label__1
__label__1
__label__1 必要 面倒 迷惑
__label__1
__label__1
__label__1
__label__1
__label__1 不正 不正 ダメ 不正 ダメ
__label__1
__label__1
__label__1
__label__1
__label__1
__label__1 スムーズ 残念
__label__1
__label__1
__label__1 異常 無理 的 怠惰 無理
__label__1 不良
__label__1
__label__1 様々 不具合 必要 必要 正直 身近
__label__1
__label__1 同様
__label__1 的
__label__1 まとも
__label__1 ダメ ダメ
__label__1 同様 正常
__label__1 肝心
__label__1
__label__1 みたい 大丈夫
__label__1 急 残念
__label__1 ダメ
__label__1
__label__1 的 残念
__label__1 様々 的 的 的確 異常 爽快 不具合 的 的 お粗末 圧倒的 的 理不尽 格段 異常 非常 余計 圧倒的 異様 異様 様々
__label__1 残念
__label__1 正常 正式
__label__1 不正 大量 不正
__label__1
__label__1 不良
__label__1 残念
__label__1
__label__1 非常 重要 みたい
__label__1 ダメ ダメ
__label__1 嫌
__label__1 まとも 勝手 不正
__label__1 的 不誠実 カジュアル 平坦 残念
__label__1 不良 不良 不良 不正 残念
__label__1 だめ
__label__1 不正 不正 ダメ 不正 ダメ
__label__1 簡単
__label__1
__label__1 確か 的 同様 的
__label__1
__label__1
__label__1 こまめ
__label__1
__label__1 非常
__label__1 不安
__label__1 残念
__label__1
__label__1 妥当 残念
__label__1
__label__1 不明
__label__1 残念
__label__1
__label__1
__label__1 変
__label__1 様々 不具合 必要 必要 正直 身近
__label__1 ダメ 不要 ダメ
__label__1 無事 極端 快適 快適 無事 完全 完全 残念
__label__1 正直 駄目
__label__1 大切
__label__1 無駄
__label__1 好き
__label__1 悪質
__label__1 的
__label__1 普通 いかが
__label__1
__label__1
__label__1
__label__1 不能 不調 迷惑
__label__1
__label__1
__label__1
__label__1
__label__1 不十分 豊か
__label__1 特殊
__label__1 不安 正常 大変 苦痛
__label__1 流石 疑問 疑問
__label__1
__label__1 広範囲
__label__1
__label__1
__label__1 簡単
__label__1 圧倒的 有利 不利 的
__label__1
__label__1 好き 自然 カサカサ カサカサ 好き カサカサ カサカサ 小さめ 綺麗 大変 カサカサ カサカサ 大好き カサカサ 安心
__label__1
__label__1
__label__1 的
__label__1 残念
__label__1 残念
__label__1 普通
__label__1
__label__1 みたい
__label__1
__label__1 単純 雑 嫌 みたい
__label__1 まとも 勝手 不正
__label__1 素直 迷惑 無駄 正直
__label__1 不良
__label__1 異常 不良
__label__1 好き 好き 同様 まとも 適当
__label__1
__label__1 異常 的 大変 残念
__label__1 不利 まとも 的 普通
__label__1
__label__1
__label__1 滅多
__label__1
__label__1 不正
__label__1 不具合 明白
__label__1 まばら
__label__1
__label__1 的 不良 不良
__label__1
__label__1
__label__1 大丈夫
__label__1 必要 直ぐ
__label__1 意地悪 怠慢
__label__1 鮮明 高価
__label__1
__label__1 可能
__label__1
__label__1 素直 迷惑 無駄 正直
__label__1 残念
__label__1
__label__1 かすか
__label__1
__label__1 普通
__label__1
__label__1 駄目 非常 残念
__label__1
__label__1 不正確 不要 詳細
__label__1
__label__1
__label__1 面倒
__label__1 必要 苦手 綺麗
__label__1
__label__1 正直 有益 無駄 重要 必要 貧相 豊か 必要 不可欠
__label__1
__label__1
__label__1 非常 非常 慎重 慎重
__label__1 大変
__label__1 大丈夫 同じ 不安
__label__1 意外 残念
__label__1 不安 正確 不安
__label__1 最適 勝手 勝手 卑怯
__label__1 みたい
__label__1
__label__1 不正 大変 巧妙 的 不正 無事 大変
__label__1
__label__1 色々 必要
__label__1
__label__1 無駄
__label__1 疑問 的
__label__1
__label__1 必要 違法 非常 不安
__label__1
__label__1 皆無
__label__1
__label__1
__label__1 正常 正式
__label__1 色々 嫌 嫌 異常 フル 確か 大げさ 不可能 不利 あからさま 貧弱 幼稚 フル 単純 絶妙 的 貴重
__label__1
__label__1 駄目
__label__1 駄目 駄目
__label__1 切 残念
__label__1
__label__1 可能 非常 危険
__label__1 必要
__label__1 勝手
__label__1 色々 必要 可能
__label__1 好き
__label__1
__label__1
__label__1 完全
__label__1
__label__1 シビア 真っ暗 相応
__label__1
__label__1 肝心 簡単 残念
__label__1 無事 不安 無難
__label__1
__label__1
__label__1 極端 必要
__label__1 強力
__label__1
__label__1 強力
__label__1 残念
__label__1 純正 的 正直
__label__1 残念
__label__1 好き 正直
__label__1 迷惑
__label__1
__label__1
__label__1 好き
__label__1
__label__1 大事 大変
__label__1 残念
__label__1 不要
__label__1 完全 的 公式 的 重要 普通 スムーズ
__label__1
__label__1 綺麗
__label__1 主 勝手 不具合 不具合 不具合
__label__1 不明 非常 不愉快
__label__1
__label__1
__label__1 不良 過剰 安易
__label__1 正常
__label__1 確か
__label__1
__label__1 勝手
__label__1
__label__1 異常 無理 的 怠惰 無理
__label__1
__label__1
__label__1 面倒
__label__1
__label__1
__label__1 不便 詳細
__label__1
__label__1 不安
__label__1
__label__1 当たり前 必要 不安 必要 不安 みたい 充分
__label__1
__label__1 急
__label__1
__label__1 半端
__label__1 最適 勝手 勝手 卑怯
__label__1
__label__1 公式 適切 無責任 公式 疑問 いい加減 的 公平 謙虚
__label__1 異常 無理 的 怠惰 無理
__label__1 非常 確実 的
__label__1 丁寧 無駄
__label__1 公式 悪質
__label__1 無知
__label__1
__label__1
__label__1
__label__1 残念
__label__1
__label__1 大丈夫
__label__1 不正 大変 巧妙 的 不正 無事 大変
__label__1
__label__1 不良 みたい
__label__1
__label__1 安心
__label__1
__label__1 無事 不安 無難
__label__1 みたい 完全
__label__1 透明 面倒
__label__1
__label__1
__label__2
__label__2
__label__2 簡単 スムーズ キレイ 好き
__label__2 当たり前 当たり前 異様 鈍重
__label__2
__label__2
__label__2 見事 綺麗
__label__2
__label__2 無理
__label__2 残念
__label__2 高度
__label__2 フル
__label__2
__label__2
__label__2
__label__2
__label__2 独特 独特 抜群 的
__label__2 みたい 変 みたい
__label__2
__label__2 普通
__label__2 正直 派手
__label__2
__label__2 コンパクト
__label__2
__label__2 大変 必要
__label__2
__label__2 フル 好き フル 手軽
__label__2 残念
__label__2
__label__2 的 微妙
__label__2
__label__2
__label__2
__label__2 イヤ 好き
__label__2
__label__2 高額 慎重 不良 同様 主要 必要 可能 安価 頑丈 切実 的 不要
__label__2 残念
__label__2 スムーズ めちゃくちゃ 特別 みたい
__label__2
__label__2
__label__2 不具合 可能
__label__2
__label__2
__label__2 独特 正直
__label__2 可哀想 駄目
__label__2 明確 残念 不安 的 的 高度 多大
__label__2 だめ 適正 肝心 適正 逆さま 必要 必要 けなげ
__label__2 鮮やか 的 確か
__label__2
__label__2 強烈
__label__2 嫌
__label__2 残念 必要
__label__2 みたい 変 みたい
__label__2 不可能 微妙
__label__2 高額 便利
__label__2
__label__2 残念 ちんぷんかんぷん 必要 正直
__label__2 大量
__label__2
__label__2 快適 有名 劇的
__label__2
__label__2 非常 好き 的
__label__2
__label__2
__label__2
__label__2 綺麗
__label__2 めちゃくちゃ 大量
__label__2 十分
__label__2 普通 大丈夫
__label__2
__label__2
__label__2 独特
__label__2 ダメ
__label__2
__label__2 公式
__label__2 駄目
__label__2 異常
__label__2
__label__2 台無し
__label__2 明らか
__label__2 神経質
__label__2 的 非常
__label__2 好き みたい 必須
__label__2 不適切 台無し
__label__2 的 安定 私的 的
__label__2 好き 好き 器用
__label__2 頑固
__label__2 的 必要
__label__2 邪魔
__label__2
__label__2 非常 残念
__label__2 率直
__label__2
__label__2 的 不快 的 楽 きれい 的
__label__2
__label__2 嫌い
__label__2 確か 無理
__label__2
__label__2
__label__2 非常 残念
__label__2 駄目
__label__2 的 急 露骨
__label__2 残念
__label__2 完全 不要
__label__2 買い得 便利
__label__2 無駄
__label__2 高額 便利
__label__2
__label__2 非常
__label__2 複雑
__label__2
__label__2 勝手
__label__2 面倒
__label__2
__label__2 残念
__label__2 素直 必要
__label__2 満足 邪魔 大丈夫
__label__2 無事 嫌 不安
__label__2
__label__2
__label__2 品薄
__label__2
__label__2 的 残念
__label__2 残念
__label__2
__label__2 不当 的 正当 ネガティブ 微妙 非常 的 必要 勝手 絶妙 邪魔
__label__2 下手
__label__2
__label__2
__label__2
__label__2 大事
__label__2 直ぐ 面倒
__label__2 普通
__label__2 十分 必要
__label__2 みたい 無理
__label__2 好き
__label__2 スムーズ 非常 有用
__label__2
__label__2 大量
__label__2 普通
__label__2
__label__2 スリム
__label__2 非常
__label__2 めちゃくちゃ 丁寧 丁寧 普通
__label__2
__label__2 余計 簡単
__label__2
__label__2 かすか 好き 好き 皆無 完全 正直 健全
__label__2 明細
__label__2
__label__2 的 メジャー 大雑把
__label__2
__label__2
__label__2 大好き 大好き 残念 中途半端
__label__2 手軽
__label__2 残念
__label__2
__label__2 執拗
__label__2 ダメ 大変 残念
__label__2 的 的
__label__2 非常 残念 好き みたい 嫌 色々 いかが 異常
__label__2
__label__2 正直 重要 必要
__label__2
__label__2
__label__2 普通
__label__2 大事 可能 公式 高性能
__label__2 おろそか
__label__2 安定 残念 親切
__label__2 残念
__label__2 真っ赤 無理
__label__2 過大
__label__2 微妙
__label__2
__label__2
__label__2
__label__2 冗長
__label__2
__label__2
__label__2
__label__2 必要
__label__2 正直
__label__2 不便 安全 正直 不具合 面倒 安全
__label__2 的
__label__2 簡単 勝手 ダメ 残念
__label__2 キレイ
__label__2 割高 独特 割高
__label__2 可能 必要 勝手 勝手 みたい
__label__2 だめ 残念
__label__2 不思議
__label__2 不安 重要
__label__2 簡単 公式 確か クール 確か 好き
__label__2
__label__2 普通 無理
__label__2
__label__2 不向き
__label__2
__label__2
__label__2 好き あからさま 面倒
__label__2
__label__2 有名
__label__2 不具合 異常
__label__2 不能 残念
__label__2
__label__2
__label__2
__label__2 無理 まとも 無理
__label__2
__label__2
__label__2
__label__2
__label__2
__label__2 的
__label__2 嫌い
__label__2 微妙 皆無
__label__2
__label__2 元気
__label__2 透明 頻繁 気軽
__label__2 的 大丈夫
__label__2 正直
__label__2 肝心
__label__2 骨太 的
__label__2
__label__2 簡単 公式 好き 嫌
__label__2
__label__2 安価 不安
__label__2
__label__2 普通 完全 的 普通 慎重 優秀
__label__2
__label__2 雑
__label__2 割高 独特 割高
__label__2 静か
__label__2
__label__2 簡易 大丈夫
__label__2
__label__2 的 不明 不思議
__label__2 勝手 放題 独自 的 不自然
__label__2 残念
__label__2 重要 必要 曖昧 簡単
__label__2 非常
__label__2 スムーズ
__label__2
__label__2 便利
__label__2
__label__2
__label__2 間抜け 必須
__label__2 必要
__label__2 余分
__label__2
__label__2
__label__2 的 的 立派 大変 優秀
__label__2 確か 高性能 不要 的 的
__label__2 当たり前
__label__2 的 稚拙
__label__2 誇大 確か 不安
__label__2
__label__2 きれい 確か きれい きれい 必要
__label__2
__label__2 滅茶苦茶
__label__2 頻繁 大丈夫
__label__2
__label__2 必須
__label__2 自然
__label__2
__label__2 便利
__label__2 不便
__label__2 おろそか
__label__2
__label__2 的
__label__2 簡単 公式 好き 嫌
__label__2 まちまち 不安 自動的 地味 便利 面倒 的 不安 無理 必要 簡単 スマート 不便 不良
__label__2 変 非常
__label__2
__label__2 明らか 疑問
__label__2
__label__2
__label__2 迷惑
__label__2 忠実 不完全
__label__2 みたい
__label__2 強烈
__label__2 大変
__label__2 肝心
__label__2 普通
__label__2 大変
__label__2 みたい 丁寧
__label__2
__label__2 微妙 不便
__label__2
__label__2 的 丈夫 割高
__label__2
__label__2
__label__2
__label__2 コンパクト
__label__2 必須 快適 必須 正直 不可能 重要 慎重 嫌 的 最低 自由 幸い
__label__2
__label__2
__label__2 残念
__label__2 不具合
__label__2 普通
__label__2 高額 便利
__label__2 必要 普通 きれい
__label__2
__label__2 満足
__label__2
__label__2 普通
__label__2 完全 柔らか 残念 耳障り
__label__2 満足
__label__2 必要 だめ 面倒 頻繁 勝手 必要 面倒
__label__2 台無し
__label__2 不具合 可能
__label__2
__label__2 的 普通
__label__2 安定
__label__2
__label__2
__label__2 残念 公式 簡単 好き 必要
__label__2 強力
__label__2 ガサガサ
__label__2
__label__2
__label__2 微妙 不便
__label__2
__label__2 大人気 嫌
__label__2 明らか
__label__2 公式 みたい
__label__2
__label__2 高額 便利
__label__2 大変 器用
__label__2 綺麗 綺麗 楽 普通
__label__2
__label__2 不良 的 必要 不良 可能
__label__2 控えめ 柔軟
__label__2
__label__2 好き
__label__2
__label__2 非常 好き 的
__label__2 真っ白 丁度 安定
__label__2 必要
__label__2 嫌い
__label__2 無理 変 みたい 大丈夫 憂鬱
__label__2 肝心 的
__label__2 きれい
__label__2
__label__2
__label__2 綺麗 雑 雑 残念 不具合 疑問 勝手
__label__2
__label__2
__label__2 不明
__label__2 非常 疑問 簡単 みたい 簡単 不思議
__label__2
__label__2 簡単 強力
__label__2 不具合 不具合
__label__2 非常 単純 的 可能
__label__2
__label__2 あきらか 肝心
__label__2
__label__2 ビジュアル あたりまえ 必要
__label__2 必要 必須 大切 必要 色々 必要
__label__2 私的 嫌
__label__2 短め
__label__2
__label__2 スタンダード 正直
__label__2 執拗
__label__2 無事 雑 残念
__label__2 異常 不安定 異常 残念
__label__2 当たり前 正直 嫌 的
__label__2 地味 縦横無尽 適当 特別 不便 ダメ
__label__2
__label__2
__label__2 大幅 迅速
__label__2
__label__2 急 露骨 嫌
__label__2 台無し
__label__2 正直 簡単
__label__2 確か 透明 不快 正直
__label__2
__label__2 安価 普通 必要
__label__2 暇
__label__2 明らか スムース 不調 残念
__label__2 必要
__label__2 非常 不愉快 余計 残念
__label__2 残念
__label__2
__label__2 的
__label__2
__label__2 みたい
__label__2 まし
__label__2
__label__2
__label__2 みたい
__label__2
__label__2 直ぐ 肝心
__label__2
__label__2 便利
__label__2 シビア 簡略
__label__2 主 ダメ 駄目
__label__2 余計 必要
__label__2 公式 公式 正直
__label__2
__label__2 まろやか
__label__2 普通
__label__2 爽やか
__label__2 不快
__label__2 残念
__label__2
__label__2 嫌 肝心 残念
__label__2
__label__2 勝手
__label__2
__label__2
__label__2 有名
__label__2 ダメ
__label__2
__label__2 明らか
__label__2 有名
__label__2 雑 適当 まばら
__label__2
__label__2
__label__2
__label__2 非常 不安定 まとも 簡単 残念
__label__2 大量 こまめ
__label__2 簡単 不親切 面倒 非常 リーズナブル
__label__2 アコースティック 手頃 必要 必須 的 面倒
__label__2 様々 余計
__label__2 誇大 確か 不安
__label__2 綺麗
__label__2 スタンダード 正直
__label__2
__label__2 柔軟
__label__2
__label__2 残念
__label__2 中途半端 邪魔
__label__2 普通
__label__2 頑固 頑固
__label__2
__label__2 高度
__label__2 色々 不安
__label__2
__label__2 十分
__label__2 確か 無効 残念
__label__2 便利
__label__2 確か みたい 独特
__label__2
__label__2
__label__2 皆無 不便 みたい 色々 不能 可能 不便
__label__2
__label__2 残念
__label__2 キレイ 自由 好き 自由 好き 苦手 不可能 大幅 不自然 的 端的 圧倒的 単純 残念
__label__2 シビア 広大 自由 シビア 必要 シビア 独自 雑多 孤独 残念 自由 自由 的 幸い
__label__2 スタンダード 正直
__label__2 的 必要
__label__2 肝心 無傷
__label__2 フル
__label__2 的
__label__2 キレイ 自由 好き 自由 好き 苦手 不可能 大幅 不自然 的 端的 圧倒的 単純 残念
__label__2 みたい 変 みたい
__label__2
__label__2 主 可能
__label__2 みたい ギザギザ
__label__2
__label__2
__label__2 素直 率直 的
__label__2
__label__2 微妙 残念
__label__2
__label__2
__label__2
__label__2
__label__2 不具合 不具合 不具合 可能 迅速
__label__2
__label__2 有用 的 有効 真っ当
__label__2 気軽 クタクタ
__label__2 簡単 新た
__label__2
__label__2 まし 自由
__label__2 正直 残念 共通
__label__2 微妙 的
__label__2 大丈夫 ダメ 嫌
__label__2
__label__2 非常
__label__2 必須
__label__2 僅か 不器用 迂闊
__label__2 可能
__label__2 放題 懸命
__label__2 的
__label__2 的
__label__2 手軽
__label__2 デブ 頑丈 好き 不全
__label__2 頻繁
__label__2 小柄 貧相 必要 圧倒的 正直
__label__2
__label__2
__label__2 急
__label__2 勝手
__label__2 爽やか 便利
__label__2 不能 不良
__label__2 肝心 神経質
__label__2 正直 公式 純粋
__label__2
__label__2
__label__2 不思議
__label__2
__label__2 無駄 特殊 幸い
__label__2
__label__2 明らか
__label__2
__label__2 的
__label__2
__label__2 イヤー 的 適当
__label__2 残念 迅速
__label__2
__label__2 無理
__label__2
__label__2 簡単 新た
__label__2 的
__label__2 ダメ
__label__2 誇大 確か 不安
__label__2 秀逸 重要 不要 的 自然 的 自然 急速 多様 大量 的 的 大量 大量 残念
__label__2
__label__2 不良 面倒 邪魔 残念 安定 滅多 快適
__label__2
__label__2 確か きれい 確か
__label__2 不向き
__label__2 色々 普通
__label__2 フル 無効 余計
__label__2 駄目
__label__2 安定 残念 親切
__label__2
__label__2 当たり前 必要 簡単
__label__2 割高
__label__2 僅か 残念
__label__2 みたい
__label__2 残念
__label__2
__label__2
__label__2 著名
__label__2
__label__2 肝心
__label__2 必要 的 残念 的 普通 主 だめ ダメ ダメ みたい ポジティブ
__label__2
__label__2 不思議 正直
__label__2 高価 駄目
__label__2 残念
__label__2 明らか
__label__2 不明 綺麗 私的
__label__2 尋常 嫌
__label__2 明らか
__label__2
__label__2 斬新 確か 殺風景
__label__2 必須 快適 必須 正直 不可能 重要 慎重 嫌 的 最低 自由 幸い
__label__2
__label__2
__label__2 割高
__label__2 ダメ 可能
__label__2 残念
__label__2 残念
__label__2 安定 残念 親切
__label__2 的
__label__2 大丈夫
__label__2
__label__2 滑らか 普通 面倒 丁寧
__label__2
__label__2 急 不愉快
__label__2 綺麗 不向き まじ
__label__2
__label__2 透明 大変
__label__2
__label__2
__label__2
__label__2 手頃 ダメ
__label__2
__label__2
__label__2 的 必要 重要
__label__2 僅か 残念
__label__2
__label__2 スムーズ
__label__2 格安
__label__2
__label__2 非常 面倒 非常 面倒
__label__2
__label__2
__label__2
__label__2 不安 的 不安
__label__2 非常 迷惑 非常
__label__2
__label__2
__label__2 不安 ギリギリ
__label__2 必要 積極 的
__label__2
__label__2 的 可能 不便
__label__2 的 好き 的 的
__label__2 残念
__label__2 的 センセーショナル
__label__2
__label__2 的 楽 独りよがり
__label__2 透明 透明 透明 透明 非常 きれい 透明 透明 明確
__label__2 正直
__label__2 綺麗 雑 雑 残念 不具合 疑問 勝手
__label__2 姑息
__label__2
__label__2
__label__2
__label__2
__label__2 割高
__label__2 明らか
__label__2 正直 割安 残念
__label__2 的
__label__2 ダメ 平ら ダメ 残念
__label__2 鮮明
__label__2
__label__2 ハード 散々
__label__2 不向き
__label__2 正直 みたい 正直
__label__2
__label__2 色々 疑問
__label__2
__label__2 みたい 完全 残念 素敵 綺麗
__label__2
__label__2
__label__2
__label__2 非常 不親切 親切 簡単 大変
__label__2 主 可能
__label__2
__label__2 残念
__label__2 安全 便利
__label__2 残念
__label__2 大量 残念
__label__2
__label__2 残念 大丈夫
__label__2 有益 無駄 無駄
__label__2 様々 高額 普通 みたい 不明 迷惑 大変 不快 まし
__label__2 手軽
__label__2
__label__2
__label__2 不愉快 可能 更 必要 不思議
__label__2
__label__2 便利 更 的 的
__label__2 的
__label__2 様々 高額 普通 みたい 不明 迷惑 大変 不快 まし
__label__2 残念 丈夫 的
__label__2
__label__2
__label__2
__label__2 有効 ダメ ギリギリ
__label__2 確実
__label__2 必要 同様 完全 無事 無効 有効 有効 無効 無効 有効 完全 駄目 公式 同様 確実 残念 無事 不要 控え目 シンプル ソフト 非常 残念 更
__label__2 短め 残念
__label__2 残念
__label__2 有名 ダメ
__label__2 的 ダメ 的 意外 素直
__label__2
__label__2
__label__2 普通 残念
__label__2 困難
__label__2
__label__2 主 可能
__label__2 非常 ラッキー
__label__2 大変
__label__2
__label__2
__label__2 新た
__label__2
__label__2 当たり前
__label__2 綺麗 綺麗 楽 普通
__label__2 不審
__label__2 最悪
__label__2 必要
__label__2
__label__2 好き
__label__2 大好き 俊敏 急 好き 的 微妙
__label__2
__label__2
__label__2
__label__2 新鮮 完全 透明 完璧
__label__2 大量 透明 透明 少な目
__label__2 的 便利
__label__2
__label__2
__label__2 残念
__label__2
__label__2 きれい きれい めちゃくちゃ
__label__2 退屈 退屈 立派 立派 有効 便利 便利 有益 無駄
__label__2 簡単 簡単 必要 微妙
__label__2 当たり前 普通
__label__2
__label__2
__label__2 単調
__label__2 キレイ
__label__2
__label__2 必要 非常 非常
__label__2
__label__2
__label__2 疑問
__label__2 私的 的
__label__2
__label__2 必要 綺麗
__label__2
__label__2 綺麗 不安
__label__2 フル
__label__2 的
__label__2
__label__2
__label__2
__label__2
__label__2
__label__2 不明 単純 的 疑問 優位 的 自然
__label__2 シビア 無傷
__label__2 必要
__label__2 不思議
__label__2 雑
__label__2 明らか 疑問
__label__2 公式 微妙 公式
__label__2 的 ダメ
__label__2 勝手 稀 勝手
__label__2 散漫
__label__2 的 詳細 みたい 綺麗 残念
__label__2 台無し
__label__2 ダメ
__label__2
__label__2 だめ
__label__2 不便
__label__2
__label__2
__label__2 多め 可能
__label__2 不正
__label__2
__label__2
__label__2
__label__2 便利 変 変 妙
__label__2 微妙
__label__2
__label__2 可能 必要 勝手 勝手 みたい
__label__2
__label__2 微妙
__label__2 シンプル
__label__2 メイン 明らか 同等
__label__2
__label__2 当たり前
__label__2 的
__label__2 簡単
__label__2 残念
__label__2 大変 残念 残念 公式 正直 公式 公式 主
__label__2 明らか 勝手 ダメ 微妙 疑問 残念
__label__2
__label__2
__label__2
__label__2 リーズナブル 微妙 残念 リーズナブル
__label__2
__label__2 綺麗
__label__2 残念
__label__2 正直
__label__2 様々 高額 普通 みたい 不明 迷惑 大変 不快 まし
__label__2 邪魔 微妙 頑丈
__label__2 残念 必要
__label__2
__label__2 雑 微妙
__label__2 様々 高額 普通 みたい 不明 迷惑 大変 不快 まし
__label__2 ダメ
__label__2
__label__2 親切
__label__2
__label__2 満足
__label__2 同様 みたい
__label__2 十分 不安 残念
__label__2
__label__2
__label__2 確か 明らか
__label__2
__label__2 詳細
__label__2
__label__2 好き 的
__label__2 的 孤独 的 的
__label__2 肝心 非常
__label__2 大変 大変
__label__2 確か
__label__2
__label__2 的
__label__2 綺麗 普通 肝心 縦長 面倒
__label__2
__label__2
__label__2 だめ 邪魔 邪魔 嫌 だめ だめ 残念
__label__2 しどろもどろ 的 明確 必要
__label__2 大変
__label__2
__label__2
__label__2
__label__2 残念
__label__2 相応
__label__2 綺麗 可能
__label__2 不快
__label__2 無駄 大丈夫
__label__2 別
__label__2
__label__2 好き 普通
__label__2
__label__2
__label__2 危険
__label__2 まし
__label__2 がち
__label__2 的 残念 健康
__label__3 静か
__label__3
__label__3
__label__3
__label__3 不具合 緩慢 安価 軽快 的 大丈夫 必要
__label__3 好き みたい
__label__3 普通 楽
__label__3
__label__3
__label__3 残念
__label__3
__label__3 公式 完全 必要 的
__label__3 的
__label__3 不明 ピュア
__label__3 面倒 便利
__label__3 完全 無理
__label__3 面倒 駄目 ヒマ 駄目 過酷 的 真っ白
__label__3 割高 ダメ
__label__3 完全
__label__3
__label__3 強烈
__label__3
__label__3
__label__3 的 必要 肝心 的 的 高額 大変
__label__3
__label__3
__label__3 的 同じ 必要
__label__3 微妙
__label__3
__label__3
__label__3 みたい
__label__3 便利 公式 簡単 便利
__label__3
__label__3 的
__label__3 安定
__label__3 変
__label__3 大量 大事 無意味
__label__3
__label__3
__label__3
__label__3
__label__3 大丈夫 きれい 不良 ダメ 確か 透明 きれい 無駄 ダメ
__label__3 大変
__label__3 頻繁
__label__3
__label__3 優秀 必要 必要
__label__3 的
__label__3
__label__3 丈夫
__label__3 粗末 強大
__label__3
__label__3
__label__3 的 必要 肝心 的 的 高額 大変
__label__3 不潔 ショック 的
__label__3
__label__3 無謀
__label__3 的
__label__3 無効 綺麗 面倒
__label__3 ダメ
__label__3 必要 必要 必要
__label__3 安価 的 正直
__label__3 まとも
__label__3
__label__3
__label__3 妙 妙
__label__3
__label__3 残念
__label__3 普通 純正 必要
__label__3
__label__3 大幅
__label__3
__label__3
__label__3 迅速 莫大
__label__3
__label__3
__label__3
__label__3 不要 楽 バラバラ
__label__3
__label__3 普通
__label__3
__label__3 大量 可能
__label__3
__label__3
__label__3 楽
__label__3
__label__3
__label__3 残念 適当
__label__3 割高
__label__3
__label__3 非常
__label__3 大量 便利
__label__3 安定
__label__3 丁度
__label__3
__label__3
__label__3 面倒 不具合 的 ダメ
__label__3 満足 的 不安定 普通
__label__3
__label__3 みたい
__label__3 必要 厄介 結構 複雑
__label__3
__label__3 簡単
__label__3
__label__3 変
__label__3 大変
__label__3 的 残念 必要
__label__3
__label__3 端的 適度 不十分 的 極小 変 無駄 ハッピー
__label__3 異様 憂鬱 普通 大事 好き 便利
__label__3 必要
__label__3 同様 可能 みたい
__label__3
__label__3
__label__3 的 自然 大変 頻繁 自然 ダメ 大きめ 色々 ダメ
__label__3 様々 完全
__label__3 的 斬新
__label__3
__label__3
__label__3 必要
__label__3 普通 穏やか
__label__3 正直
__label__3 大好き
__label__3
__label__3
__label__3 完全 残念
__label__3 残念
__label__3
__label__3
__label__3 複雑 同様 的
__label__3 公式 非常 温暖
__label__3 普通
__label__3 便利 がち 高価
__label__3
__label__3 可能
__label__3 異常 曖昧 賢明
__label__3 コンパクト
__label__3
__label__3 好き 独特 スカスカ 残念
__label__3 的 的 豊富 皮肉 的 ネガティブ 冗長
__label__3
__label__3 窮屈 苦手 無理 嫌い 不快 不安 不良 面倒 安定 だめ 安定 安定 安定 満足
__label__3 的
__label__3
__label__3 必須 必須
__label__3 単調
__label__3
__label__3 簡単 ダメ 不親切 親切
__label__3
__label__3 便利 正直 十分
__label__3 簡単
__label__3
__label__3 的
__label__3
__label__3
__label__3 正常 普通 小さめ 平凡
__label__3 便利
__label__3
__label__3 静粛
__label__3 不安 確か 簡単
__label__3
__label__3 確か 普通
__label__3 残念 普通
__label__3 大変 困難 的
__label__3
__label__3 好き
__label__3 簡単 必要 的 必要 必要 簡単 明確 非常 残念 無理 簡単 非常 邪魔 的
__label__3
__label__3 好き
__label__3 的 大雑把
__label__3 静か
__label__3
__label__3
__label__3
__label__3 残念 きれい
__label__3
__label__3 大丈夫
__label__3 柔軟 駄目
__label__3 完全
__label__3
__label__3
__label__3
__label__3
__label__3 豪快
__label__3 無理
__label__3 的
__label__3 面倒 不具合 的 ダメ
__label__3
__label__3 派手
__label__3 簡単 好き
__label__3 不思議
__label__3 残念
__label__3 みたい 大変
__label__3
__label__3
__label__3 簡単
__label__3 大好き 夢中
__label__3
__label__3 爽やか 変
__label__3 十分 的 非常 手頃
__label__3 不快 不快 不快 不快 普通 可能
__label__3 的 普通
__label__3 普通 普通
__label__3 必要
__label__3
__label__3
__label__3 有名
__label__3
__label__3 必要
__label__3
__label__3 大雑把 必要 不具合
__label__3 的
__label__3 遥か
__label__3 普通
__label__3 相応
__label__3 大丈夫
__label__3 単純
__label__3 繊細 不便 不良 十分
__label__3 手頃 変
__label__3 楽 的
__label__3
__label__3
__label__3 普通 的 割高 不快
__label__3 簡単 自由 面倒 的 的
__label__3
__label__3
__label__3 的 不安
__label__3
__label__3
__label__3 ストイック ストイック 必要 楽 無駄 的
__label__3
__label__3 的 確か 肝心
__label__3
__label__3 変 確か
__label__3
__label__3 不快 残念
__label__3
__label__3
__label__3 普通
__label__3
__label__3 柔軟 駄目
__label__3
__label__3 的
__label__3
__label__3 流石 必須 的 ソフト 正直
__label__3
__label__3 華麗 華麗 大まか 有名 著名 不遇
__label__3
__label__3
__label__3 不思議 可能 良好 疑問 安価 容易 可能
__label__3 大変
__label__3 上手
__label__3
__label__3 特別
__label__3 面倒 的 必要 十分
__label__3 ストイック
__label__3 的
__label__3
__label__3 普通
__label__3 的 的 不快 強力 余計 妥当 非常 残念 明確 怠慢 杜撰 非常 残念
__label__3 的 広範 著名 強引 残念
__label__3 手軽 便利
__label__3
__label__3 普通 普通
__label__3 安定 安価 みたい
__label__3 的
__label__3 勝手 不調 不調 勝手 勝手 不調
__label__3
__label__3
__label__3
__label__3 非常
__label__3
__label__3 高級 ガサガサ
__label__3 スリム
__label__3
__label__3
__label__3 綺麗
__label__3 高額 十分
__label__3 的
__label__3
__label__3 好き
__label__3
__label__3
__label__3
__label__3
__label__3 的 ランダム 非常 高度 頻繁 高度 可能 高度 的 正直 的 完全 的
__label__3
__label__3 同様 劇的 均一 余計
__label__3 綺麗
__label__3 不器用
__label__3 小さめ
__label__3
__label__3
__label__3 同様 割高 残念
__label__3
__label__3
__label__3
__label__3 非常 適度
__label__3
__label__3 安定
__label__3 公式 自由 必要
__label__3
__label__3 的 的 必要 面倒 便利
__label__3 残念
__label__3 綺麗
__label__3
__label__3 駄目 必要 メイン みたい 平和
__label__3 無理
__label__3 普通 確か
__label__3
__label__3
__label__3
__label__3
__label__3
__label__3
__label__3 頻繁 便利
__label__3
__label__3
__label__3
__label__3 非力 微妙
__label__3
__label__3 的 不公平
__label__3 派手
__label__3
__label__3
__label__3 完全 残念
__label__3
__label__3
__label__3
__label__3 必要
__label__3 面倒
__label__3 好き
__label__3
__label__3 的
__label__3 残念
__label__3
__label__3
__label__3 適当 詳細
__label__3 手軽
__label__3 的 嫌い 好き 完全 少なめ
__label__3 静か 普通 充分
__label__3
__label__3 面倒 駄目 ヒマ 駄目 過酷 的 真っ白
__label__3 普通
__label__3
__label__3 手軽 大量 みたい
__label__3 極端
__label__3
__label__3 安心 雑 過剰
__label__3
__label__3
__label__3 十分 完全 不向き
__label__3
__label__3
__label__3
__label__3 簡単 可能 非常 便利
__label__3
__label__3
__label__3
__label__3 不安 面倒
__label__3
__label__3 高飛車
__label__3 みたい 不明
__label__3
__label__3
__label__3 十分
__label__3
__label__3
__label__3
__label__3 同様
__label__3 色々
__label__3
__label__3
__label__3
__label__3 メジャー
__label__3 高価 直ぐ
__label__3 普通
__label__3 普通
__label__3 不安定 不可能 安定 正常 大好き 微妙 無理
__label__3
__label__3 最適 スマート 的 苦手 苦手 非常 大変 便利
__label__3 普通 ショック
__label__3 まし 貧弱 バラバラ 非常
__label__3 当たり前 的
__label__3
__label__3 簡単
__label__3 適度 的 嫌い 穏やか 的 苦手
__label__3 強力 強力
__label__3 的
__label__3
__label__3
__label__3 生
__label__3
__label__3 疑問 的 確か 的 みたい
__label__3 高貴 単純
__label__3 特別 十分 オシャレ
__label__3 圧倒的
__label__3
__label__3 的 割高 半端 無駄
__label__3 大事 残念
__label__3 的 意外
__label__3 特別
__label__3 正直 無理 完全 可能
__label__3 暇
__label__3
__label__3 的 適切
__label__3
__label__3 綺麗 不良 安定 残念 安定
__label__3 独特
__label__3
__label__3 みたい
__label__3 残念
__label__3
__label__3 的 頻繁 的
__label__3
__label__3 正確 不自由
__label__3 普通
__label__3
__label__3 シンプル 的 透明
__label__3 独特 的 楽
__label__3 不明 大切
__label__3 相応 的
__label__3 丈夫
__label__3
__label__3 完全 旧式
__label__3 確か 的 正直 豊富 完全
__label__3
__label__3
__label__3
__label__3
__label__3
__label__3
__label__3 面倒 不当 面倒 勝手
__label__3
__label__3
__label__3 邪魔 普通
__label__3 可能
__label__3 必要 必要
__label__3
__label__3 的
__label__3
__label__3 みたい
__label__3 みたい
__label__3 完全 完全 正直 残念
__label__3
__label__3 特別 普通
__label__3 大切 的 簡単 中途半端 徹底的
__label__3 完全 難解 確実
__label__3 的
__label__3 確か 的
__label__3 大量
__label__3
__label__3 迅速
__label__3 皆無
__label__3 面倒 不具合 的 ダメ
__label__3 的 好き 単純
__label__3 普通 シンプル
__label__3 おおげさ 薄っぺら
__label__3 好き 人的 微妙 派手
__label__3
__label__3 好き 苦手
__label__3 普通 豊富
__label__3 疑問
__label__3
__label__3
__label__3 確実
__label__3
__label__3 必要
__label__3 同じ 手軽
__label__3
__label__3
__label__3 高価 高価 完全 頻繁 十分 満足
__label__3
__label__3 便利
__label__3
__label__3
__label__3
__label__3 大丈夫 強力
__label__3 極端 十分 怪しげ 十分
__label__3 非常 的
__label__3
__label__3
__label__3
__label__3 正直 みたい 微妙 微妙
__label__3 素直
__label__3
__label__3
__label__3 残念
__label__3 普通 残念 苦手
__label__3 的 的
__label__3 平易 冗長
__label__3 なめらか 確か
__label__3 必要
__label__3
__label__3
__label__3 みたい みたい 正直 まし
__label__3 的
__label__3
__label__3
__label__3
__label__3 得意 苦手
__label__3 大量 無理 的
__label__3 手ごろ
__label__3 ダメ 不明
__label__3 直ぐ
__label__3 ダイレクト 過度
__label__3 十分
__label__3 的 的
__label__3 大切
__label__3 微妙 劇的 適正
__label__3 下手 大丈夫
__label__3
__label__3 様々
__label__3
__label__3
__label__3
__label__3 無味 独特 的
__label__3 普通 不明 正常
__label__3 大丈夫 健康
__label__3
__label__3 普通
__label__3
__label__3
__label__3 楽
__label__3
__label__3 不安 普通
__label__3 非常
__label__3 賑やか 的 満足
__label__3 大丈夫 普通 完全 的
__label__3
__label__3
__label__3 充分 充分 必要 最適
__label__3 同様
__label__3 便利
__label__3 当たり前 豊か 的 十分 的 的 明らか 必要 的
__label__3 無理
__label__3 薄っぺら 重要
__label__3 的 キレイ
__label__3 便利
__label__3 相応
__label__3 簡単
__label__3 的 確か 好き
__label__3
__label__3 必要 好き
__label__3 健全
__label__3 残念
__label__3 必須
__label__3 簡単
__label__3 不要 安心
__label__3 粗末 強大
__label__3 残念 的
__label__3
__label__3 大丈夫 満足
__label__3 貧弱
__label__3 みたい
__label__3 シンプル 無理 肝心 非常 非常 面倒
__label__3 広範囲
__label__3 気軽
__label__3 的 可能
__label__3
__label__3 早急 完全 大変
__label__3 可能
__label__3 普通
__label__3 劇的 みたい 好き
__label__3 同様
__label__3 みたい 不具合 不具合 いかが
__label__3 きれい
__label__3
__label__3 不正確 的
__label__3
__label__3
__label__3
__label__3 残念 不明
__label__3 不安
__label__3 無駄
__label__3 特別
__label__3
__label__3 的 大丈夫 不安
__label__3 スムース 的
__label__3 充分 主流 主流
__label__3
__label__3 普通
__label__3
__label__3 みたい
__label__3 キレイ 割高
__label__3 元気 駄目
__label__3 特別
__label__3 必要 好き
__label__3 流石
__label__3 頻繁 非常
__label__3
__label__3
__label__3
__label__3 綺麗 完全 透明 必要
__label__3 大丈夫
__label__3 快適
__label__3
__label__3
__label__3 シンプル 残念 十分
__label__3 手軽
__label__3
__label__3 きれい 必要 面倒
__label__3
__label__3
__label__3 苦手
__label__3 綺麗
__label__3
__label__3 好き
__label__3
__label__3 無効 綺麗 面倒
__label__3 不安定 むちゃくちゃ 大丈夫
__label__3
__label__3
__label__3
__label__3
__label__3 重大
__label__3 確か
__label__3 好き
__label__3 確か
__label__3 非常 非常 重要 快適 快適 非常 非常 重要 快適 快適 非常 非常 重要 快適 快適
__label__3
__label__3
__label__3
__label__3 猛烈 深長
__label__3
__label__3 非常 確実
__label__3 柔軟 高価 柔軟 劇的 自然 柔軟 柔軟 柔軟
__label__3
__label__3 便利 同様 必要
__label__3 楽 みたい 正確 手軽 楽 的 必要 的 簡単 確か
__label__3
__label__3 当たり前
__label__3
__label__3
__label__3 必要
__label__3
__label__3
__label__3 簡単
__label__3 嫌 必要
__label__3 的 綺麗
__label__3
__label__3
__label__3
__label__3 純正 満足
__label__3
__label__3 メイン ワイド
__label__3 的
__label__3 大切 いかが 必要 頭でっかち 勝手 必要 無意識 大切 的 無意識 確か 的 好き 的 素直
__label__3
__label__3
__label__3 不安
__label__3 邪魔 普通
__label__3
__label__3 簡単 肝心 格段 嫌 独特 的
__label__3 的
__label__3 コンパクト 純粋
__label__3 重要
__label__3 残念
__label__3 残念 可能 十分
__label__3 快適 残念
__label__3 簡単 便利 的
__label__3
__label__3 正直 ダメ 柔軟 本当
__label__3 透明 満足 綺麗
__label__3 面倒
__label__3 的 辛辣 冗長 ドラマチック ユーモラス 的 かわいそう かわいそう
__label__3
__label__3
__label__3 コンパクト 的 平滑 大事
__label__3 大幅 微妙 みたい 正気 みたい 尋常
__label__3 大量 残念
__label__3 非常
__label__3 面倒 簡単
__label__3 格段
__label__3
__label__3
__label__3 簡単 大変
__label__3
__label__3 十分 頻繁
__label__3 大変
__label__3 面倒 駄目 ヒマ 駄目 過酷 的 真っ白
__label__3 楽
__label__3
__label__3
__label__3 優秀
__label__3
__label__3
__label__3
__label__3 公式 簡単 公式 疑問 無難
__label__3 有名 台無し
__label__3
__label__3 不具合
__label__3
__label__3 肝心 非常
__label__3 可能 地道 的
__label__3 健康
__label__3 ダメ ダメ 確実
__label__3 特別
__label__3
__label__3 好き 公式 幸せ
__label__3 大変 困難 的
__label__3
__label__3 普通
__label__3
__label__3 普通
__label__3
__label__3
__label__3 軽快
__label__3
__label__3 滑らか
__label__3 不良 可能
__label__3 みたい
__label__3
__label__3 単純 残念
__label__3
__label__3 有名 不良
__label__3 普通 安価 簡単
__label__3
__label__3
__label__3 大変
__label__3 公式 満足 更 詳細 未読
__label__3 的
__label__3 軟らか
__label__3 非常
__label__3
__label__3 清楚
__label__3 当たり前 普通 大げさ 過剰
__label__3 簡単 大丈夫 的 綺麗 簡単 残念 ダメ 的 買い得
__label__3
__label__3
__label__3 ミント
__label__3
__label__3
__label__3
__label__3 みたい
__label__3
__label__3
__label__3 残念
__label__3 みたい
__label__3 重要 重要
__label__3 無駄
__label__3 独特
__label__3 僅か
__label__3
__label__3
__label__3 大幅 流石
__label__3
__label__3 満足
__label__3
__label__3 確か 的 不明 的
__label__3
__label__3 主 普通
__label__3
__label__3 必要
__label__3
__label__3
__label__3 便利
__label__3 面倒 いろいろ
__label__3 自由 がち
__label__3
__label__3
__label__3
__label__3 普通 まろやか 純粋
__label__3 確か
__label__3 大変
__label__3
__label__3 真面目 地味 正直 当たり前 実直 まじめ 著名
__label__3
__label__3 普通
__label__3
__label__3
__label__3 安定
__label__3 無事
__label__3 残念 大事 大量
__label__3
__label__3 的
__label__3 普通
__label__3 意外 苦手
__label__3 好き 地味 面倒 楽 的
__label__3 的 みたい
__label__3 格段
__label__3 上出来
__label__3
__label__3
__label__3
__label__3 困難
__label__3 不安
__label__3 頑丈
__label__3
__label__3
__label__3
__label__3
__label__3
__label__3 丈夫
__label__3 素直 変
__label__3
__label__3 大切 丁寧
__label__3 キレイ
__label__3 簡単
__label__3
__label__3 普通
__label__4
__label__4 簡単 面倒
__label__4 的 様々 私的 普通 普通
__label__4 残念
__label__4 好き 非常 非常 便利 便利 楽 的 的 非常 便利 非常
__label__4 高性能
__label__4 簡単 便利 満足
__label__4
__label__4 劇的
__label__4 快適
__label__4
__label__4
__label__4 不良 素直 稀
__label__4
__label__4 安価
__label__4 便利 確か
__label__4 不便 邪魔 便利
__label__4 的 大丈夫
__label__4
__label__4
__label__4
__label__4 綺麗 ダメ 少なめ
__label__4
__label__4
__label__4
__label__4 カチカチ 快適
__label__4
__label__4 的
__label__4 楽
__label__4 便利
__label__4 簡素 公式
__label__4 困難
__label__4 便利
__label__4 安全
__label__4
__label__4 的 必要 必要
__label__4 きれい
__label__4 カジュアル 難解 不合理 素敵
__label__4 安定 大変 便利
__label__4
__label__4 不向き
__label__4 的 流石 割高
__label__4 普通 普通
__label__4 好き
__label__4
__label__4
__label__4 良好 力任せ
__label__4 好き 好き 好き 好き 頻繁 変 的 エキゾチック 非常 新鮮 非常
__label__4 確か 的 的
__label__4
__label__4
__label__4 大好き 大変
__label__4 残念 中途半端
__label__4
__label__4 的 複雑 簡単 大変 愚直 的
__label__4 透明
__label__4 清潔 ぴったり
__label__4 失礼
__label__4 普通 良好 簡単 みたい 楽
__label__4 安価 十分 滑らか
__label__4 確か 完全
__label__4 小さ目 邪魔 みたい
__label__4 確か 静か 快適 簡単
__label__4 的
__label__4
__label__4 格安 安定 安定
__label__4 気軽
__label__4 結構
__label__4
__label__4 便利
__label__4
__label__4
__label__4
__label__4
__label__4 高価 綺麗
__label__4 可能
__label__4
__label__4 不安 上手 上手 的 優秀 的 不可能 残念 上手
__label__4 便利 楽
__label__4 大きめ 楽 清潔
__label__4
__label__4 的 的 苦手 苦手 非常 簡単 簡単 的 自然
__label__4
__label__4 正確 的
__label__4 安定
__label__4 不明 可能
__label__4 完璧
__label__4
__label__4
__label__4
__label__4 不明 簡単 手頃
__label__4 綺麗 非常 非常
__label__4 手頃 シンプル
__label__4 十分
__label__4 好き
__label__4
__label__4 便利
__label__4 便利
__label__4 高額 便利 キレイ
__label__4 簡単
__label__4 簡単
__label__4 的 充分
__label__4 抜群 普通
__label__4 安定
__label__4
__label__4 的 好き
__label__4 非常
__label__4
__label__4 必須
__label__4 不明 がち スカスカ 十分 邪魔
__label__4
__label__4
__label__4 普通
__label__4
__label__4
__label__4 的 的
__label__4 手軽 フル はるか 自然 ダメ 余計 まとも 的 安全
__label__4 下手 みたい
__label__4 カチカチ
__label__4 必要 ベーシック 重要 必要 重要 高額
__label__4
__label__4 確か 簡単
__label__4 真っ白 無事 元気 必要
__label__4
__label__4
__label__4 的 普通
__label__4 便利
__label__4 柔らか 平ら 不十分 平ら
__label__4
__label__4 必要 不安
__label__4 的 嫌
__label__4 正直
__label__4
__label__4 普通 普通
__label__4
__label__4 便利 楽
__label__4 綺麗
__label__4 的
__label__4 頻繁
__label__4
__label__4
__label__4 完全
__label__4 不具合 同様 必要
__label__4
__label__4 不良
__label__4 純正 スムーズ
__label__4 純正
__label__4 安心
__label__4 的 ギリギリ ポジティブ
__label__4 便利
__label__4 主流 面倒 大丈夫
__label__4 簡単 便利
__label__4 必要
__label__4 便利 同等
__label__4 不具合 丁寧 残念 ダメ
__label__4 必要
__label__4 的 肝心 シビア 皆無 重厚 様々
__label__4 明確 大量
__label__4 好き
__label__4 空っぽ 未定
__label__4 おしゃれ
__label__4 爽快
__label__4 便利 割高
__label__4 正直
__label__4 圧倒的
__label__4
__label__4 軟弱 みたい
__label__4
__label__4 好き
__label__4 楽 簡単 的
__label__4 不明 私的 十分
__label__4 正直
__label__4
__label__4 きれい 非常 自然
__label__4 急 ダメ 元気
__label__4 非常
__label__4
__label__4 邪魔 大柄 普通
__label__4
__label__4 気軽 親切 可能 無理 無理 自由 頻繁 残念 快適 重要 割高 好き 快適 必要 神経質 必要 余分
__label__4 頻繁 快適 的 無理 必要 的 正直 シンプル 的 当たり前
__label__4 安定
__label__4
__label__4 不自由 便利 好き
__label__4 手頃 簡単 必要
__label__4
__label__4
__label__4 複雑
__label__4 十分 ワイド
__label__4 普通
__label__4 簡単 不便 フル 可能 必要 不明
__label__4
__label__4
__label__4
__label__4 非常
__label__4 好き 自然 的 正直 圧倒的 完全 普通
__label__4 素直 普通 素直
__label__4 丈夫
__label__4
__label__4 頑丈 簡単
__label__4 丁度
__label__4
__label__4
__label__4
__label__4 的
__label__4 嫌
__label__4 静か 意外
__label__4
__label__4 大変
__label__4 地道 安価
__label__4 新鮮
__label__4
__label__4
__label__4
__label__4 便利
__label__4 滑らか みたい
__label__4 普通
__label__4
__label__4 必要 大きめ
__label__4 面倒 大量
__label__4 コミカル 新鮮
__label__4 普通 大量
__label__4 大変 順調
__label__4 的 必要
__label__4 素敵 完全
__label__4 軽快
__label__4 邪魔 有利
__label__4
__label__4 高級
__label__4
__label__4 安価
__label__4 綺麗
__label__4
__label__4 抜群
__label__4
__label__4 的
__label__4 簡単 複雑 有効 面倒 不具合 嫌
__label__4 普通
__label__4
__label__4 大変
__label__4 主 非常 きれい 白一色 シンプル 可能 可能
__label__4 不自由 残念
__label__4 不安 安心
__label__4
__label__4 正直
__label__4 確か 無駄
__label__4 薄っぺら 大丈夫 割高
__label__4 必要
__label__4 急
__label__4 安価 気軽
__label__4
__label__4 簡単 複雑 適当
__label__4 安心 不安 シンプル みたい
__label__4
__label__4
__label__4
__label__4 コンパクト
__label__4 滅多 大事 幸せ 的 的 不快
__label__4 楽 柔軟 必須
__label__4
__label__4 嫌 きれい
__label__4
__label__4 好き
__label__4 的
__label__4 的
__label__4
__label__4
__label__4
__label__4 十分
__label__4 満足
__label__4
__label__4
__label__4 無難
__label__4
__label__4
__label__4 主 ダメ 決定的 的 窮屈 非常 大事
__label__4
__label__4 不注意
__label__4 確か 器用
__label__4 便利 大切
__label__4 残念
__label__4 みたい
__label__4 的 好き
__label__4 こまめ 充分 こまめ
__label__4
__label__4 身近
__label__4 華美 がち 異様 的 シンプル
__label__4
__label__4
__label__4
__label__4
__label__4
__label__4 平和 平和 膨大 平和 的
__label__4
__label__4 異常
__label__4
__label__4 ダメ
__label__4 的 必要 不親切
__label__4 柔軟
__label__4 不具合
__label__4
__label__4
__label__4
__label__4
__label__4 丁寧 地味 的 派手 未定
__label__4 面倒
__label__4 正確
__label__4
__label__4
__label__4 普通 非常 明確
__label__4 ダメ 純粋
__label__4
__label__4 優秀 主 けっこう 必要
__label__4
__label__4 みたい
__label__4 丁寧 みたい 大変 的
__label__4 新た 的 無茶苦茶
__label__4 不安 安心
__label__4 様々
__label__4
__label__4 邪魔
__label__4
__label__4 微妙 面倒
__label__4 的 必要 特別
__label__4 残念
__label__4 確か 満足
__label__4 綺麗 シンプル 的 シンプル
__label__4 非常 便利 みたい 邪魔
__label__4 十分 億劫 十分
__label__4 好き 大丈夫
__label__4 大事 特別
__label__4 手頃
__label__4 楽
__label__4 大変 みたい
__label__4 当たり前 満足
__label__4
__label__4
__label__4 ウエット 少なめ 小さめ ウエット コンパクト
__label__4 一目瞭然 必要
__label__4 スムース 苦手 格段 スムース
__label__4 簡単 必要
__label__4 急
__label__4
__label__4 簡単
__label__4
__label__4
__label__4 確か
__label__4
__label__4 夢中 コンパクト 残念 残念
__label__4
__label__4 有効
__label__4
__label__4 がち
__label__4 的 的 残念 悲惨
__label__4 快適
__label__4
__label__4 必要 的
__label__4
__label__4 必要
__label__4 普通 楽
__label__4
__label__4 デブ 健康
__label__4 生
__label__4
__label__4
__label__4 手軽 十分
__label__4 優秀 細か 微妙 格段 不要 不要 必要 面倒 便利 不要 頻繁 多様 不便 非常
__label__4 豊富 頑丈
__label__4
__label__4
__label__4
__label__4
__label__4 正直 的 膨大 苦手 嫌い 強烈 疑問 的 好き 的
__label__4 満足
__label__4 手軽
__label__4 邪魔
__label__4 自由 便利 人的 当たり前 普通 活発 無理 当たり前 普通 的 結構 的 結構 大変 残念 不安 無茶 充分 普通 明確 賢明 的 無難 容易 無効 容易 普通 的 的 大変
__label__4 慎重
__label__4 豊富
__label__4 綺麗 デリケート
__label__4
__label__4 重要
__label__4 大丈夫
__label__4
__label__4
__label__4 的
__label__4 安価
__label__4
__label__4 有名 長め
__label__4 適当
__label__4
__label__4 明らか 不完全 コンパクト 綺麗 完全 綺麗 可能
__label__4
__label__4
__label__4 マニアック 容易 普通 オシャレ
__label__4
__label__4 十分 十分 完全 正常 的 自然 四角 親切
__label__4
__label__4
__label__4 的 さまざま 色々
__label__4
__label__4 不安 がち
__label__4 面倒 スムーズ
__label__4
__label__4
__label__4
__label__4
__label__4
__label__4 安定 嫌 確か 嫌い
__label__4
__label__4 必要 不要 可能 親切 必要 的 非常
__label__4
__label__4 大変
__label__4
__label__4 流石
__label__4
__label__4 シンプル テカテカ
__label__4 流石 粗雑
__label__4
__label__4
__label__4
__label__4 いろいろ
__label__4 満足 残念
__label__4 的 単純 非常 多量 必要 みたい 可能 高度 大変 公式 細か 公式 公式 公式 色々 控えめ
__label__4
__label__4
__label__4 こまめ 必要
__label__4 簡単 結構
__label__4 主 非常 きれい 白一色 シンプル 可能 可能
__label__4
__label__4
__label__4 便利 簡単
__label__4
__label__4 自由 便利 人的 同様 当たり前 普通 活発 無理 当たり前 普通 的 結構 的 結構 大変 残念 不安 無茶 充分 普通 明確 賢明 的 無難 容易 無効 容易 普通 的 的 大変
__label__4 必要 様々 みたい 不十分 複雑 明らか 必要 嫌 見事 急 必要 必要 安定 安定 大げさ 静か 耳障り 不具合 可能
__label__4 便利 大事
__label__4
__label__4 急激 残念 好き
__label__4
__label__4 快適 必要 快適
__label__4 スムーズ 大丈夫
__label__4 簡単 簡単 非常 便利 便利
__label__4 色々 がち 非常 重要
__label__4
__label__4
__label__4 当たり前 必要 変 生意気
__label__4
__label__4 的
__label__4 コンパクト
__label__4 非常
__label__4 明らか 不良
__label__4
__label__4 めちゃくちゃ
__label__4 完全 みたい
__label__4
__label__4 非常
__label__4
__label__4
__label__4 シンプル
__label__4 不良 自然 いろいろ 綺麗 快適 不便 だめ 必要 大丈夫
__label__4 便利 高級 おしゃれ 危険
__label__4 大変
__label__4
__label__4
__label__4 普通 簡単
__label__4
__label__4 不毛 可能 純粋 快適 可能
__label__4 不毛 可能 純粋 快適 可能
__label__4 大丈夫
__label__4
__label__4
__label__4
__label__4 様々 同様 楽 半端 大変 楽 楽 不明 不明
__label__4 充分 非常
__label__4 必要 完成
__label__4 簡単 的 こうかん
__label__4 安定
__label__4 完璧
__label__4 独特
__label__4
__label__4
__label__4 好き
__label__4 十分 粉々
__label__4 好き
__label__4 簡素 必要 公式 頻繁 必要 不明 安定 公式 不安
__label__4 いかが
__label__4
__label__4
__label__4 簡単
__label__4 割安 普通
__label__4 必要 不向き ギリギリ
__label__4
__label__4 主 シンプル
__label__4
__label__4 的
__label__4 ユニーク 健在 半端 非常
__label__4 下手 不便 楽
__label__4 不安 楽 みたい 十分 安定
__label__4
__label__4 確か 十分
__label__4 普通
__label__4 安定
__label__4
__label__4 的
__label__4
__label__4 的 可能
__label__4 簡単 便利 便利
__label__4
__label__4
__label__4 夢中
__label__4
__label__4
__label__4 シンプル 丈夫
__label__4 的 半端 強力 的 余計
__label__4 ぴったり
__label__4 安全
__label__4 邪魔 簡単 不明 不明
__label__4 不要
__label__4 元気 便利
__label__4 大丈夫
__label__4 正直 好き
__label__4
__label__4 手ごろ
__label__4 爽快
__label__4 頻繁
__label__4
__label__4
__label__4 直ぐ
__label__4 可能 無理 不便 便利 残念
__label__4
__label__4 正確 残念
__label__4
__label__4
__label__4
__label__4
__label__4
__label__4
__label__4 確か
__label__4 簡単 的
__label__4
__label__4 正直 優秀
__label__4 馬鹿
__label__4
__label__4 簡単
__label__4 不安 スムーズ 便利
__label__4 少なめ
__label__4 十分
__label__4 熱烈 安定 的 充分 的
__label__4 適度 大量
__label__4
__label__4
__label__4
__label__4 変
__label__4 好き
__label__4
__label__4 非常 便利
__label__4
__label__4 綺麗 丈夫 嫌 面倒 高級 綺麗 面倒 微妙 変 駄目 みたい 嫌 十分
__label__4 新た 確か 大事
__label__4 普通 普通
__label__4 必要 普通
__label__4
__label__4 シンプル 邪魔 シンプル
__label__4 フル フル 安価 安定
__label__4 必要 不便
__label__4
__label__4 元気
__label__4 非常 便利 楽
__label__4
__label__4
__label__4
__label__4 好き いろいろ 必要 単純 面倒 みたい みたい
__label__4 簡単
__label__4
__label__4
__label__4
__label__4 普通
__label__4 生
__label__4 適正
__label__4
__label__4 的
__label__4 新た
__label__4 十分 完全 意外 完全 簡単
__label__4 圧倒的 フル 残念
__label__4
__label__4
__label__4 肝心 綺麗
__label__4 的 不安 楽 的 大変 便利 大変
__label__4 不要 大量 完全 的 的 簡単 手頃 十分
__label__4 良質
__label__4
__label__4 好き 的 完全
__label__4
__label__4 嫌い
__label__4
__label__4 楽 微妙 面倒
__label__4 快適
__label__4
__label__4
__label__4 便利
__label__4 微妙
__label__4
__label__4
__label__4
__label__4 便利 簡単
__label__4 変
__label__4
__label__4
__label__4 頑丈 特別 的
__label__4 楽
__label__4
__label__4
__label__4 安定
__label__4
__label__4
__label__4 大好き
__label__4
__label__4 残念
__label__4 大好き
__label__4 冷静
__label__4 的 純粋
__label__4 便利
__label__4
__label__4
__label__4
__label__4
__label__4
__label__4 キレイ 満足
__label__4 コンパクト 快適
__label__4 満足 楽
__label__4 正直 有名 好き がち 好き 有名 好き 非常 的 残念 非常 的 不滅 好き
__label__4 的
__label__4 完璧
__label__4
__label__4
__label__4 大丈夫
__label__4
__label__4 素敵 完全
__label__4 良好 不良 強力
__label__4 手軽 楽 非常 無理 的 簡単 自由
__label__4
__label__4 的
__label__4 大丈夫 大丈夫 大きめ
__label__4
__label__4 不快 がち 大丈夫
__label__4 がち 肝心 不良 有力 見事
__label__4 綺麗
__label__4
__label__4 疑問 不明
__label__4 簡単 便利 不便 便利 積極 的 疑問
__label__4 静か 的
__label__4 不調 手軽
__label__4 安定
__label__4 楽 的
__label__4 丁度 親切
__label__4 必要 大切 誇大 無理 便利
__label__4
__label__4 透明 大きめ 大きめ
__label__4 綺麗 ダメ 少なめ
__label__4 好き 非常 非常 便利 便利 楽 的 的 非常 便利 非常
__label__4 楽
__label__4
__label__4 的
__label__4 簡単 普通 簡単 十分
__label__4 必要
__label__4
__label__4 充分
__label__4
__label__4 的 的
__label__4 大変
__label__4 楽 嫌
__label__4
__label__4 抜群
__label__4 的 地味 大味 爽快
__label__4 高性能 十分
__label__4 共通 微妙 便利 必要 的 高価 不便
__label__4 丈夫 グリーン
__label__4 的 好き 好き 割高 正直 的 色々 酔狂
__label__4 みたい みたい 残念
__label__4 かわいそう かわいそう
__label__4 柔軟 みたい
__label__4
__label__4 良好 便利 非常 便利 嫌い 前向き 積極 的 好き 便利 的 有益
__label__4 寛容
__label__4
__label__4 簡単 的
__label__4
__label__4
__label__4
__label__4
__label__4
__label__4
__label__4 完全 優秀
__label__4 嫌い
__label__4 悲惨
__label__4 的 ネガティブ 不安 簡単 十分
__label__4 有名
__label__4 手頃 上手
__label__4
__label__4
__label__4 大きめ
__label__4 当たり前 大量
__label__4
__label__4 手軽 自然
__label__4 透明 嫌 変 不良 ダメ
__label__4
__label__4
__label__4 端的
__label__4
__label__4 必要 よれよれ 割高
__label__4 好き 的
__label__4
__label__4 半端
__label__4 カリカリ 安定
__label__4 特別 楽 可変
__label__4 必要
__label__4 便利
__label__4 多様
__label__4 透明 簡単
__label__4 キレイ
__label__4 簡単 綺麗 十分
__label__4
__label__4 大変 安価
__label__4 便利 便利
__label__4 自在
__label__4
__label__4 不良
__label__4 みたい シリアス 完全 楽 安定
__label__4 正確 十分
__label__4 巨大
__label__4 柔軟 不快
__label__4 高価
__label__4
__label__4 タフ
__label__4
__label__4
__label__4 的
__label__4 過剰
__label__4 便利 不明 残念
__label__4
__label__4
__label__4 スムース 快適 残念 完全 的
__label__4 安心 便利
__label__4 普通
__label__4 気楽
__label__4 主 スムーズ
__label__4 非常 簡単
__label__4 残念
__label__4
__label__4
__label__4 苦手
__label__4 有名
__label__4 的 的 的 的 的
__label__4
__label__4 高級 不安 正常 確か 意外 普通
__label__4
__label__4 純正
__label__4
__label__4 好き 楽
__label__4
__label__4
__label__4 不明 確か 微妙 大丈夫
__label__4 簡単
__label__4
__label__4 好き 的 健康 的
__label__4 確か 簡単 確実
__label__4 新鮮
__label__4 みたい
__label__4 みたい
__label__4
__label__4 安価 簡単 的
__label__4
__label__4
__label__4 有効 有効 順調
__label__4 柔らか 簡単 色々 安価
__label__4 頻繁 無駄
__label__4
__label__4 非常 残念 平行
__label__4 大丈夫
__label__4 普通 非常 残念
__label__4
__label__4 不安 間抜け
__label__4 的
__label__4
__label__4 必要
__label__4 確か 普通
__label__4
__label__4
__label__4
__label__4
__label__4 大変
__label__4 的 がち 純正
__label__4
__label__4
__label__4 安定
__label__4 みたい 前向き 無駄 みたい 的 不幸 非常 不幸 幸せ 必要 的 的 ナイーブ
__label__4 きれい
__label__4 面倒
__label__4 大変 夢中 的 安心
__label__4 器用 綺麗 綺麗
__label__5 安心 いかが
__label__5
__label__5 必要
__label__5
__label__5 滑らか
__label__5 シンプル 爽快
__label__5
__label__5
__label__5
__label__5
__label__5
__label__5
__label__5 高価 的
__label__5 シリアス 生
__label__5 いろいろ 便利
__label__5
__label__5
__label__5
__label__5 好き
__label__5 綺麗
__label__5 簡単
__label__5
__label__5 的 皆無
__label__5 コンパクト 強力 強力 強力 必要 良好 安定 簡単
__label__5 安定 明らか
__label__5 大好き 放題
__label__5 散々
__label__5
__label__5
__label__5
__label__5
__label__5
__label__5 簡単
__label__5 高級
__label__5
__label__5
__label__5
__label__5 普通
__label__5
__label__5 的
__label__5 普通 的 安心
__label__5 満足
__label__5 的 好き 好き 好き
__label__5 邪魔
__label__5
__label__5 元気 大変 元気
__label__5
__label__5
__label__5
__label__5
__label__5
__label__5 小さめ
__label__5 安心
__label__5 的
__label__5 大変
__label__5
__label__5 大きめ
__label__5 普通 大きめ
__label__5 充分
__label__5 苦手 素直
__label__5 完全 皆無
__label__5
__label__5 必要
__label__5
__label__5 的 スマート スリム
__label__5
__label__5 大変
__label__5 的 満足 不具合 大変
__label__5 大丈夫 コンパクト
__label__5 丁寧
__label__5 好き
__label__5 不安
__label__5
__label__5 大丈夫 大好き 好き
__label__5 簡単 楽 マメ 綺麗 嫌 綺麗
__label__5 みたい 皆無
__label__5 単純 非常 独特 ユーモラス
__label__5 控え目
__label__5 みたい
__label__5
__label__5 不便
__label__5 的 普通
__label__5 私的
__label__5 簡単 可能
__label__5 非常
__label__5 自然 充分 自然 自然
__label__5 好き 素直
__label__5 きれい 簡単 むだ
__label__5
__label__5 不可能 不可能 無駄
__label__5 脆弱
__label__5 的
__label__5
__label__5 便利 大変
__label__5 普通 確か 簡単
__label__5 重要 的 的
__label__5 きれい
__label__5
__label__5 大変
__label__5 相当 的 的 的 様々 見事 自在 美麗 様々 的 重要 様々 誠実 積極 的 安定
__label__5
__label__5 危険 不安
__label__5
__label__5 完全
__label__5 満足
__label__5
__label__5 不安
__label__5 好き 簡単 無駄
__label__5 充分 簡単 簡単 楽
__label__5 ダメ 完璧
__label__5 必要 満足
__label__5
__label__5 神経質 的
__label__5 順調
__label__5 可能
__label__5 ダメ 無理
__label__5 シンプル 有名 シンプル シンプル
__label__5 壮絶
__label__5 みたい 綺麗
__label__5 不安 大丈夫 順調
__label__5 滑らか
__label__5 普通
__label__5 簡単
__label__5 満足
__label__5 元気 大変 上等 ラッキー 十分
__label__5 的 必要
__label__5 普通
__label__5
__label__5 きれい
__label__5 確か 平易 身近 非常 明確 無駄 無駄 誇大 エキセントリック 厄介 著名
__label__5 大変
__label__5
__label__5
__label__5 楽 楽 楽
__label__5 快適
__label__5 確実 迅速
__label__5 小さめ 必須 普通 不快 普通 苦手 頻繁
__label__5 面倒
__label__5 詳細 不明 確か 急 急 安定 安定
__label__5 冷ややか 端的 ビジュアル 綺麗 容易 好き 好き
__label__5 満足
__label__5
__label__5 色々
__label__5 重要 的 的 的 的 変 不安 楽 安心 可能 大事 嫌 好き 健全 対等 平ら 幸福 不幸 自由 自由 的 自由 的 様々 的 不可能 真剣 丁寧
__label__5 安心
__label__5 頑固
__label__5 微細 容易
__label__5
__label__5 便利 便利
__label__5 簡単
__label__5
__label__5
__label__5
__label__5 スムーズ
__label__5 的 みたい 妙 深刻 真面目
__label__5
__label__5 楽 控えめ 非常
__label__5
__label__5
__label__5 非常
__label__5 十分
__label__5 がち 不思議
__label__5
__label__5 自由 スムーズ
__label__5
__label__5 半端 可能 自由
__label__5
__label__5 不安 大丈夫 シンプル
__label__5 不自由
__label__5
__label__5
__label__5
__label__5 大丈夫 独特 苦手 遥か 適当 大丈夫
__label__5
__label__5 正直
__label__5 大切
__label__5 丁寧 十分
__label__5
__label__5 自然
__label__5 変 十分
__label__5
__label__5 大丈夫
__label__5 大事
__label__5 無駄 的 的
__label__5
__label__5
__label__5 的 色々 楽
__label__5 的 無縁
__label__5 普通 正直 苦手 大変
__label__5
__label__5 的
__label__5
__label__5 不明 的
__label__5
__label__5 明らか
__label__5 オーソドックス お洒落 シック
__label__5 簡単
__label__5
__label__5 明らか
__label__5 オシャレ コンパクト 邪魔
__label__5 便利 急 必要
__label__5 簡単 複雑
__label__5 簡単
__label__5 安心
__label__5 コンパクト
__label__5
__label__5
__label__5
__label__5 大好き
__label__5 大変
__label__5 キレイ
__label__5 爽やか
__label__5 テカテカ
__label__5 生
__label__5 穏やか 自然
__label__5 鋭敏 普通 不安 安価
__label__5 大人気
__label__5
__label__5
__label__5 いろいろ 的 快適
__label__5
__label__5
__label__5 微妙
__label__5
__label__5
__label__5 大変
__label__5 直ぐ
__label__5 重
__label__5 必要 公式
__label__5 普通
__label__5
__label__5
__label__5
__label__5 自由 安定 可能
__label__5 的 的 的 的 的 多様 的 的 的 的 先天的 後天的 的 極端 先天的 的 主 的 的 卑近 的 正確
__label__5
__label__5 可能 はるか
__label__5 大きめ 楽
__label__5 丁度 みたい
__label__5
__label__5 僅か
__label__5 色々
__label__5 大丈夫
__label__5 楽
__label__5
__label__5 頑丈 的 皆無
__label__5
__label__5
__label__5 特殊 嫌 普通 みたい
__label__5
__label__5 アカデミック アカデミック 流石 十分
__label__5 不良 非常 スムーズ 安定
__label__5 クラシック
__label__5 的 別々 大きめ 大変 手軽
__label__5 特別
__label__5 残念
__label__5
__label__5 高額 的
__label__5 簡単 不思議 簡単
__label__5
__label__5 簡単
__label__5
__label__5 贅沢
__label__5
__label__5 イヤ
__label__5
__label__5
__label__5 的 軽やか みたい
__label__5
__label__5 細か 非常 快適 的 可能
__label__5 みたい 透明
__label__5 嫌 好き
__label__5 半端 安心
__label__5 手頃 小さめ
__label__5 雑 不快
__label__5
__label__5 的
__label__5
__label__5
__label__5 大量
__label__5
__label__5 安価
__label__5
__label__5
__label__5 丁寧
__label__5 安全
__label__5 好き
__label__5 必要 急 自然 自然
__label__5 新た
__label__5
__label__5
__label__5
__label__5
__label__5 シンプル
__label__5
__label__5 必要
__label__5 丁寧
__label__5 的 好き 簡単 大好き
__label__5 便利
__label__5
__label__5 明確
__label__5 がち
__label__5 色々
__label__5
__label__5 格段 楽
__label__5 大好き
__label__5 無事 慎重 必要 十分
__label__5 高価
__label__5
__label__5
__label__5 同等 明らか 同様
__label__5 絶妙 好き
__label__5 好き ダメ ダメ 健康
__label__5 安価 好き
__label__5 まし
__label__5
__label__5 メンタル
__label__5
__label__5 様々
__label__5 大好き 好き メイン
__label__5 正確
__label__5
__label__5
__label__5 上品 大変
__label__5 手軽 便利
__label__5 好き 素敵
__label__5
__label__5 安心
__label__5 色々 色々 不十分 色々 マニアック 的
__label__5 非常 シンプル
__label__5 丈夫 大きめ 普通
__label__5 完全 ホワイト 綺麗 的 こまめ 色々
__label__5
__label__5 安心 いかが
__label__5 爽快
__label__5
__label__5 迅速
__label__5 不安 普通
__label__5 便利
__label__5 最適 最適 大事 好き
__label__5 別々 手軽
__label__5 好き 簡単
__label__5 割高 元気
__label__5 重要
__label__5 快適
__label__5 安定
__label__5
__label__5 必要 便利
__label__5
__label__5 不便
__label__5 格安
__label__5 面倒 不要
__label__5
__label__5 充分 楽
__label__5
__label__5 必要
__label__5
__label__5
__label__5 小さめ 便利 簡単 便利 必要 便利
__label__5 好き
__label__5 普通 フル
__label__5
__label__5
__label__5 好き 大事
__label__5 いろいろ
__label__5
__label__5 快適
__label__5 的 綺麗 穏やか
__label__5 嫌
__label__5
__label__5 無事
__label__5 快適
__label__5
__label__5
__label__5 高額 充分 こまめ
__label__5
__label__5 不要 楽
__label__5 手頃 残念
__label__5
__label__5 安定
__label__5 上手 不思議 夢中 鮮やか 華やか 自由
__label__5
__label__5 便利
__label__5 静か
__label__5
__label__5
__label__5 色々 必要 正確
__label__5 正直 簡単
__label__5 便利
__label__5 生
__label__5 柔軟 苦手 好き
__label__5 キレイ 丁寧 簡単 キレイ ギリギリ
__label__5
__label__5
__label__5 普通
__label__5 完ぺき 的 丁度
__label__5
__label__5
__label__5
__label__5
__label__5 みたい 不安 不安 適任 好き 控えめ
__label__5 普通 適当 ヘルシー 普通 適当 的
__label__5 簡単 可能
__label__5 的
__label__5
__label__5 便利
__label__5
__label__5 大切
__label__5 楽 丁寧
__label__5
__label__5 完全
__label__5 便利
__label__5
__label__5
__label__5
__label__5 安価 便利
__label__5
__label__5 独特
__label__5 必須
__label__5 馬鹿 頻繁 小さめ
__label__5 デブ デブ
__label__5 十分 苦手 限定
__label__5 苦手 丁寧
__label__5 普通 高級 健康 便利
__label__5 的 非常 完全 十分 的
__label__5 重要 的 的
__label__5 丁度 苦手 急
__label__5 同様
__label__5 的 得意 親切 可能 必要 結構
__label__5 的 必要 的 重要 的
__label__5 安全 様々
__label__5 大丈夫 不安 普通 残念
__label__5 便利 水平 簡単 普通 見事
__label__5
__label__5 嫌 楽 普通
__label__5 充分 好き
__label__5
__label__5
__label__5 必要
__label__5 安価 普通 高価 十分
__label__5 簡単
__label__5 格段 便利 正常 有効 非常 確実 便利 非常 強力 機敏 格段 大幅 スムーズ
__label__5
__label__5 ダイナミック 複雑 がち 未定
__label__5 色々
__label__5 身近
__label__5 丈夫
__label__5 便利 手軽
__label__5 非常 迷惑 大好き 素敵 無理 不思議 素敵
__label__5 みたい 不安 不安 適任 好き 控えめ
__label__5
__label__5
__label__5
__label__5 正直 可能 大丈夫
__label__5 普通 安価 嫌い 便利 非常
__label__5 必要 危険 不具合 煩雑 有効
__label__5 きれい 非常 簡単 シビア 必要 非常 楽
__label__5
__label__5 大変 有用 完全
__label__5 有用
__label__5 高級
__label__5 不思議
__label__5
__label__5 非常 便利
__label__5 新鮮
__label__5 重要 的
__label__5
__label__5 安心
__label__5 的 無効 可能 有効 有効 大丈夫 正常 快適
__label__5 勝手
__label__5
__label__5 フォーマル 必要 だめ
__label__5
__label__5 嫌
__label__5
__label__5 満足
__label__5 満足 充分
__label__5 簡単 ふう 不向き
__label__5 的 便利
__label__5 簡単 簡単
__label__5
__label__5 大丈夫 簡単 みたい
__label__5
__label__5
__label__5 コンパクト
__label__5 シンプル 好き 割安
__label__5 格段
__label__5 シンプル
__label__5 簡単 正確
__label__5
__label__5 簡単 勝手 面倒 必要 いかが
__label__5
__label__5
__label__5 好き
__label__5 大好き 好き みたい
__label__5 不可能 詳細
__label__5 まろやか
__label__5 大変 便利
__label__5 便利 平気 綺麗
__label__5
__label__5
__label__5 普通 ダメ
__label__5 簡単
__label__5 しなやか
__label__5 面倒 十分 可能
__label__5 簡単
__label__5
__label__5
__label__5
__label__5 高級
__label__5
__label__5 好き 非常
__label__5
__label__5 的
__label__5 必要 手頃 安心
__label__5 普通
__label__5 的 便利
__label__5
__label__5 必要 適切
__label__5 緊急 格段 不要 確実
__label__5 安価 簡単
__label__5 大切
__label__5 精密 簡単 簡単
__label__5 便利 大嫌い 便利
__label__5 簡単
__label__5
__label__5 無駄
__label__5
__label__5 正直 苦手 平気
__label__5 純正
__label__5
__label__5
__label__5 優秀 必要
__label__5 便利
__label__5 妥当 必要 十分 容易 まれ 正直
__label__5 非常 可能 好き 可能 必須 必要
__label__5 フル
__label__5
__label__5 便利 コンパクト 小型 高級 大切
__label__5
__label__5 キレイ
__label__5 敏感
__label__5
__label__5 手頃
__label__5 便利
__label__5
__label__5 不安 重点的
__label__5
__label__5
__label__5 ぴったり 便利
__label__5 大量
__label__5
__label__5
__label__5 可能
__label__5 派手
__label__5
__label__5
__label__5
__label__5 簡単 楽
__label__5 気軽 十分
__label__5 便利 だめ
__label__5 自分勝手 明快 きれい
__label__5 快適
__label__5 非常 コンパクト
__label__5
__label__5
__label__5
__label__5 精密 不明
__label__5 便利
__label__5 嫌 楽 綺麗 楽
__label__5 非常
__label__5 綺麗
__label__5 楽
__label__5
__label__5 スタンダード
__label__5
__label__5 迅速
__label__5
__label__5
__label__5
__label__5 柔らか 簡単
__label__5 丁度
__label__5
__label__5 非常
__label__5 便利 簡単
__label__5 健康 的
__label__5 様々 必要
__label__5
__label__5 邪魔
__label__5 正常
__label__5 必要 十分
__label__5 可能 不要 楽 優秀 真っ白 残念 真っ白 普通 十分 十分 静か
__label__5 健康
__label__5
__label__5 不安 普通 普通 安定
__label__5
__label__5 好き
__label__5 普通 簡単
__label__5
__label__5
__label__5 早急 可能 確か 非常 贅沢 綺麗 綺麗 完璧 豪華 贅沢 非常 可能
__label__5
__label__5 好き まれ 好き
__label__5
__label__5 的
__label__5 簡単 面倒
__label__5 豊富
__label__5
__label__5 メイン
__label__5 優秀
__label__5
__label__5 正常 十分
__label__5
__label__5 独特 非常 なめらか 非常 的 大変 便利
__label__5
__label__5 非常
__label__5 夢中 簡単
__label__5
__label__5 流石
__label__5 好き
__label__5
__label__5 頻繁
__label__5
__label__5 大好き カリカリ
__label__5
__label__5
__label__5 邪魔
__label__5 頻繁
__label__5
__label__5 無理 適正 素敵
__label__5 スムーズ
__label__5 微妙 ダメ
__label__5
__label__5
__label__5 不安
__label__5 安心 不明
__label__5 不要 普通 不要 有害 適正 力任せ ギュウギュウ 自然
__label__5 綺麗
__label__5 簡単 簡単
__label__5 みたい
__label__5 便利
__label__5 可能 面倒 安価 的
__label__5 楽 平明 難解 平明 簡易 的 シンプル シンプル
__label__5 嫌い
__label__5 変
__label__5 乱暴 手軽
__label__5 的 的 綺麗 綺麗
__label__5 苦手
__label__5 流石 駄目
__label__5 急
__label__5 的
__label__5
__label__5 非常 容易
__label__5 みたい 自然 的 必死
__label__5 簡単 微妙 的
__label__5
__label__5 莫大 下手くそ 下手
__label__5 安直 的 自在 立派 的 身近 自由
__label__5 簡単 便利
__label__5 大丈夫
__label__5 手軽
__label__5
__label__5
__label__5
__label__5 的 遥か
__label__5 的
__label__5 透明 強力
__label__5 簡単 結構
__label__5 皆無 的 可能
__label__5 面倒
__label__5
__label__5 大変 重要
__label__5 シンプル 大丈夫 小柄
__label__5 高価
__label__5
__label__5
__label__5 簡単
__label__5 ギリギリ
__label__5 簡単 便利
__label__5
__label__5
__label__5
__label__5 柔軟
__label__5 疑問 的 無理 丁寧 的 的 疑問 不思議
__label__5
__label__5 確実
__label__5
__label__5 非常
__label__5 大丈夫 圧倒的
__label__5 流石 確か 控えめ
__label__5 公式
__label__5 的 単純
__label__5
__label__5 段違い
__label__5
__label__5 綺麗
__label__5
__label__5 快適
__label__5 的 普通 必要
__label__5 不安
__label__5 タイト
__label__5 大変
__label__5 著名 的 的 的
__label__5
__label__5 スムーズ
__label__5
__label__5 簡単
__label__5
__label__5
__label__5 直ぐ 的
__label__5 正直 高級
__label__5 楽
__label__5 大変
__label__5
__label__5 自然 好き
__label__5 劇的
__label__5 正直
__label__5 適当
__label__5 確か
__label__5
__label__5
__label__5 勝手 楽 満足
__label__5
__label__5
__label__5 不安
__label__5 必要 楽
__label__5 大変
__label__5
__label__5 さまざま 安価 満足
__label__5 上手
__label__5 丈夫
__label__5 苦手
__label__5 元気 健康
__label__5 意外
__label__5 抜群
__label__5 デリケート 充分
__label__5
__label__5
__label__5
__label__5 簡単 自由自在 簡単
__label__5 便利 十分 簡単 満足
__label__5 的
__label__5
__label__5 爽快
__label__5
__label__5 大変 的
__label__5 強烈
__label__5
__label__5 簡単 非常
__label__5
__label__5
__label__5
__label__5 乱暴 簡単
__label__5 不安定
__label__5
__label__5 過酷 短め 快適 安価
__label__5 簡単 カサカサ 不安 大丈夫
__label__5
__label__5
__label__5 柔軟 好き
__label__5 十分 素直 様々 自由
__label__5 抜群 抜群 的
__label__5
__label__5
__label__5 便利
__label__5 大丈夫
__label__5 手頃 丈夫
__label__5 綺麗
__label__5 快適
__label__5
__label__5 重要
__label__5
__label__5 邪魔 肝心
__label__5 不具合 的 満足 気軽
__label__5 的
__label__5
__label__5 大変 大変 大変
__label__5
__label__5
__label__5 大変
__label__5
__label__5 スムーズ
__label__5
__label__5 必要 不安 丁寧
__label__5 当たり前 当たり前 必死 的 前向き 普通
__label__5
__label__5 的
__label__5
__label__5
__label__5
__label__5 簡易 簡単 リーズナブル 高度
__label__5
__label__5 好き 正直
__label__5 不便 便利 垂直 不安定
__label__5 当たり前 絶妙 安定 安定 スムーズ
__label__5 大丈夫
__label__5 好き
__label__5
__label__5
__label__5 好き
