__label__1
__label__1
__label__1
__label__1
__label__1
__label__1
__label__1
__label__1
__label__1
__label__1
__label__1
__label__1
__label__1 まぁ
__label__1
__label__1
__label__1
__label__1 うん
__label__1
__label__1 う
__label__1
__label__1
__label__1
__label__1
__label__1
__label__1
__label__1
__label__1
__label__1
__label__1
__label__1
__label__1
__label__1
__label__1
__label__1
__label__1
__label__1
__label__1
__label__1
__label__1
__label__1
__label__1
__label__1
__label__1
__label__1
__label__1
__label__1
__label__1
__label__1
__label__1
__label__1
__label__1
__label__1
__label__1
__label__1
__label__1
__label__1
__label__1
__label__1
__label__1
__label__1
__label__1
__label__1
__label__1
__label__1 すみません
__label__1
__label__1
__label__1
__label__1
__label__1
__label__1
__label__1
__label__1
__label__1
__label__1 え
__label__1
__label__1
__label__1
__label__1
__label__1
__label__1
__label__1
__label__1
__label__1 ありがとう
__label__1
__label__1
__label__1
__label__1
__label__1
__label__1
__label__1
__label__1
__label__1
__label__1
__label__1
__label__1
__label__1
__label__1
__label__1
__label__1
__label__1
__label__1
__label__1
__label__1
__label__1
__label__1
__label__1
__label__1
__label__1
__label__1
__label__1
__label__1 はい
__label__1
__label__1
__label__1
__label__1
__label__1
__label__1
__label__1
__label__1
__label__1
__label__1
__label__1
__label__1
__label__1
__label__1
__label__1
__label__1
__label__1
__label__1
__label__1
__label__1
__label__1
__label__1
__label__1
__label__1
__label__1
__label__1
__label__1
__label__1
__label__1
__label__1
__label__1
__label__1
__label__1
__label__1
__label__1
__label__1
__label__1
__label__1
__label__1
__label__1
__label__1
__label__1
__label__1
__label__1
__label__1
__label__1
__label__1
__label__1
__label__1
__label__1
__label__1
__label__1
__label__1
__label__1
__label__1
__label__1
__label__1
__label__1
__label__1
__label__1
__label__1
__label__1
__label__1
__label__1
__label__1
__label__1
__label__1 イヤ
__label__1
__label__1
__label__1
__label__1
__label__1
__label__1
__label__1
__label__1
__label__1
__label__1
__label__1
__label__1
__label__1
__label__1
__label__1
__label__1
__label__1
__label__1
__label__1
__label__1
__label__1
__label__1
__label__1
__label__1
__label__1
__label__1
__label__1
__label__1 ほんと
__label__1
__label__1
__label__1 まぁ
__label__1
__label__1
__label__1
__label__1
__label__1
__label__1
__label__1 うん
__label__1
__label__1
__label__1 あ
__label__1
__label__1
__label__1
__label__1
__label__1
__label__1
__label__1
__label__1
__label__1
__label__1
__label__1
__label__1
__label__1
__label__1
__label__1
__label__1
__label__1
__label__1
__label__1
__label__1
__label__1
__label__1
__label__1
__label__1
__label__1
__label__1
__label__1
__label__1
__label__1
__label__1
__label__1
__label__1
__label__1
__label__1
__label__1
__label__1
__label__1 え
__label__1
__label__1
__label__1 ありがとう
__label__1
__label__1
__label__1
__label__1
__label__1
__label__1
__label__1
__label__1
__label__1
__label__1
__label__1
__label__1
__label__1
__label__1
__label__1
__label__1
__label__1
__label__1
__label__1
__label__1
__label__1
__label__1
__label__1
__label__1
__label__1
__label__1
__label__1
__label__1
__label__1
__label__1
__label__1
__label__1
__label__1
__label__1
__label__1
__label__1
__label__1
__label__1
__label__1
__label__1 え
__label__1
__label__1
__label__1
__label__1
__label__1
__label__1
__label__1
__label__1 あ ほら
__label__1
__label__1
__label__1
__label__1
__label__1
__label__1 ありがとう
__label__1
__label__1
__label__1
__label__1 うふっ
__label__1
__label__1
__label__1
__label__1
__label__1
__label__1
__label__1
__label__1
__label__1
__label__1
__label__1
__label__1 う わぁ
__label__1
__label__1
__label__1
__label__1
__label__1
__label__1
__label__1
__label__1
__label__1
__label__1
__label__1
__label__1
__label__1
__label__1 いいえ いいえ ま あぁ ありがとう
__label__1 え
__label__1
__label__1 はぁ
__label__1
__label__1
__label__1
__label__1 ありがとう
__label__1
__label__1
__label__1
__label__1
__label__1
__label__1
__label__1
__label__1
__label__1
__label__1
__label__1
__label__1
__label__1
__label__1
__label__1
__label__1
__label__1
__label__1
__label__1
__label__1
__label__1
__label__1
__label__1
__label__1
__label__1
__label__1
__label__1
__label__1
__label__1
__label__1
__label__1
__label__1
__label__1
__label__1
__label__1
__label__1
__label__1
__label__1
__label__1
__label__1
__label__1
__label__1
__label__1
__label__1
__label__1
__label__1
__label__1
__label__1
__label__1
__label__1
__label__1
__label__1
__label__1
__label__1
__label__1
__label__1
__label__1
__label__1
__label__1
__label__1
__label__1
__label__1
__label__1
__label__1
__label__1
__label__1
__label__1
__label__1
__label__1
__label__1
__label__1
__label__1
__label__1
__label__1
__label__1
__label__1
__label__1
__label__1
__label__1
__label__1
__label__1
__label__1
__label__1
__label__1
__label__1
__label__1
__label__1
__label__1
__label__1
__label__1
__label__1
__label__1
__label__1
__label__1
__label__1
__label__1
__label__1
__label__1
__label__1
__label__1
__label__1
__label__1
__label__1
__label__1
__label__1
__label__1
__label__1
__label__1
__label__1
__label__1
__label__1 こりゃ
__label__1
__label__1
__label__1
__label__1
__label__1
__label__1
__label__1 え
__label__1
__label__1
__label__1
__label__1
__label__1
__label__1
__label__1
__label__1
__label__1
__label__1
__label__1
__label__1
__label__1
__label__1
__label__1
__label__1
__label__1
__label__1
__label__1
__label__1
__label__1
__label__1
__label__1
__label__1
__label__1
__label__1
__label__1
__label__1
__label__1
__label__1
__label__1
__label__1
__label__1
__label__1
__label__1
__label__1
__label__1
__label__1
__label__1
__label__1
__label__1
__label__1
__label__1
__label__1
__label__1
__label__1
__label__1
__label__1
__label__1
__label__1
__label__1
__label__1
__label__1
__label__1
__label__1
__label__1
__label__1
__label__1
__label__1
__label__1
__label__1
__label__1
__label__1 こりゃ あ
__label__1
__label__1
__label__1
__label__1
__label__1
__label__1
__label__1 はい
__label__1
__label__1
__label__1
__label__1
__label__1
__label__1
__label__1
__label__1
__label__1
__label__1
__label__1
__label__1
__label__1
__label__1
__label__1
__label__1
__label__1
__label__1
__label__1
__label__1
__label__1
__label__1
__label__1
__label__1
__label__1
__label__1
__label__1
__label__1
__label__1
__label__1
__label__1
__label__1
__label__1
__label__1
__label__1
__label__1
__label__1 いや
__label__1
__label__1
__label__1
__label__1
__label__1
__label__1
__label__1
__label__1
__label__1
__label__1
__label__1
__label__1
__label__1 まぁ
__label__1
__label__1
__label__1
__label__1
__label__1
__label__1
__label__1
__label__1 あれ
__label__1
__label__1
__label__1
__label__1
__label__1
__label__1
__label__1
__label__1
__label__1
__label__1
__label__1
__label__1
__label__1
__label__1
__label__1
__label__1
__label__1
__label__1
__label__1
__label__1
__label__1
__label__1
__label__1
__label__1
__label__1
__label__1
__label__1
__label__1
__label__1
__label__1
__label__1
__label__1 う
__label__1
__label__1
__label__1
__label__1
__label__1
__label__1
__label__1
__label__1
__label__1
__label__1
__label__1
__label__1
__label__1
__label__1
__label__1
__label__1 ゴメン
__label__1
__label__1
__label__1
__label__1
__label__1
__label__1
__label__1
__label__1
__label__1
__label__1
__label__1
__label__1
__label__1
__label__1
__label__1
__label__1
__label__1
__label__1 ありがとう
__label__1
__label__1
__label__1
__label__1
__label__1
__label__1
__label__1
__label__1
__label__1
__label__1
__label__1
__label__1
__label__1
__label__1
__label__1
__label__1
__label__1
__label__1
__label__1
__label__1
__label__1
__label__1
__label__1
__label__1
__label__1
__label__1
__label__1
__label__1
__label__1
__label__1
__label__1
__label__1
__label__1
__label__1
__label__1
__label__1
__label__1
__label__1
__label__1
__label__1
__label__1
__label__1
__label__1
__label__1
__label__1
__label__1
__label__1
__label__1
__label__1
__label__1
__label__1
__label__1
__label__1
__label__1
__label__1
__label__1
__label__1
__label__1
__label__1
__label__1
__label__1
__label__1
__label__1
__label__1
__label__1
__label__1
__label__1
__label__1
__label__1
__label__1
__label__1
__label__1
__label__1
__label__1
__label__1
__label__1
__label__1
__label__1
__label__1
__label__1
__label__1
__label__1
__label__1
__label__1
__label__1
__label__1
__label__1 ま
__label__1
__label__1
__label__1
__label__1
__label__1
__label__1
__label__1
__label__1
__label__1
__label__1
__label__1
__label__1
__label__1
__label__1
__label__1
__label__1
__label__1
__label__1
__label__1
__label__1
__label__1
__label__1
__label__1
__label__1
__label__1
__label__1
__label__1
__label__1
__label__1
__label__1 ありがとう
__label__1
__label__1
__label__1
__label__1
__label__1
__label__1
__label__1
__label__1 まぁ
__label__1
__label__1
__label__1 ほんと
__label__1
__label__1 トホホ
__label__1
__label__1
__label__1
__label__1
__label__1
__label__1
__label__1
__label__1
__label__2
__label__2
__label__2 なるほど
__label__2
__label__2
__label__2
__label__2
__label__2
__label__2
__label__2
__label__2
__label__2
__label__2
__label__2
__label__2
__label__2
__label__2
__label__2
__label__2
__label__2
__label__2
__label__2
__label__2
__label__2
__label__2
__label__2
__label__2
__label__2
__label__2
__label__2
__label__2
__label__2
__label__2
__label__2
__label__2
__label__2
__label__2
__label__2
__label__2
__label__2
__label__2
__label__2
__label__2
__label__2
__label__2
__label__2
__label__2
__label__2
__label__2
__label__2
__label__2
__label__2
__label__2
__label__2
__label__2
__label__2
__label__2
__label__2
__label__2
__label__2
__label__2
__label__2
__label__2
__label__2
__label__2
__label__2
__label__2
__label__2
__label__2
__label__2
__label__2
__label__2
__label__2
__label__2 あぁ
__label__2
__label__2
__label__2
__label__2
__label__2
__label__2
__label__2
__label__2
__label__2
__label__2 あ
__label__2
__label__2
__label__2
__label__2
__label__2
__label__2
__label__2
__label__2
__label__2
__label__2
__label__2
__label__2
__label__2
__label__2
__label__2
__label__2
__label__2
__label__2
__label__2
__label__2
__label__2
__label__2
__label__2
__label__2
__label__2
__label__2
__label__2
__label__2
__label__2
__label__2
__label__2
__label__2
__label__2
__label__2
__label__2
__label__2
__label__2
__label__2
__label__2
__label__2
__label__2
__label__2
__label__2
__label__2
__label__2
__label__2
__label__2
__label__2
__label__2
__label__2
__label__2 さあ
__label__2
__label__2
__label__2
__label__2 ま
__label__2
__label__2
__label__2
__label__2
__label__2
__label__2
__label__2
__label__2 え
__label__2
__label__2 うん うん うん
__label__2
__label__2
__label__2
__label__2
__label__2
__label__2
__label__2
__label__2
__label__2
__label__2
__label__2 うーん
__label__2 あぁ
__label__2
__label__2
__label__2
__label__2
__label__2
__label__2
__label__2
__label__2
__label__2
__label__2
__label__2
__label__2
__label__2
__label__2
__label__2
__label__2
__label__2
__label__2
__label__2
__label__2
__label__2
__label__2
__label__2
__label__2
__label__2
__label__2
__label__2
__label__2
__label__2
__label__2
__label__2
__label__2
__label__2
__label__2
__label__2
__label__2
__label__2
__label__2
__label__2
__label__2
__label__2
__label__2
__label__2
__label__2
__label__2
__label__2
__label__2
__label__2
__label__2
__label__2
__label__2
__label__2
__label__2
__label__2
__label__2
__label__2
__label__2
__label__2
__label__2
__label__2
__label__2
__label__2
__label__2
__label__2
__label__2
__label__2
__label__2 まぁ
__label__2
__label__2
__label__2
__label__2
__label__2
__label__2
__label__2
__label__2
__label__2
__label__2
__label__2
__label__2
__label__2
__label__2
__label__2
__label__2
__label__2
__label__2
__label__2
__label__2
__label__2
__label__2
__label__2
__label__2
__label__2
__label__2
__label__2
__label__2
__label__2
__label__2
__label__2
__label__2
__label__2
__label__2
__label__2
__label__2
__label__2 あ
__label__2
__label__2
__label__2
__label__2
__label__2
__label__2
__label__2
__label__2
__label__2
__label__2
__label__2
__label__2
__label__2
__label__2
__label__2
__label__2
__label__2
__label__2
__label__2
__label__2
__label__2
__label__2
__label__2
__label__2
__label__2
__label__2
__label__2
__label__2
__label__2
__label__2
__label__2
__label__2
__label__2
__label__2
__label__2
__label__2
__label__2
__label__2
__label__2
__label__2
__label__2
__label__2
__label__2 ほんと
__label__2
__label__2
__label__2
__label__2
__label__2
__label__2
__label__2
__label__2
__label__2
__label__2
__label__2
__label__2
__label__2
__label__2
__label__2
__label__2
__label__2
__label__2
__label__2
__label__2
__label__2
__label__2
__label__2
__label__2 うん
__label__2
__label__2
__label__2
__label__2
__label__2
__label__2
__label__2
__label__2
__label__2
__label__2
__label__2
__label__2
__label__2
__label__2
__label__2
__label__2
__label__2
__label__2
__label__2
__label__2
__label__2
__label__2
__label__2
__label__2
__label__2
__label__2
__label__2
__label__2
__label__2
__label__2
__label__2
__label__2
__label__2
__label__2
__label__2
__label__2
__label__2
__label__2
__label__2
__label__2
__label__2
__label__2
__label__2
__label__2
__label__2
__label__2
__label__2
__label__2
__label__2
__label__2
__label__2
__label__2
__label__2
__label__2
__label__2
__label__2
__label__2
__label__2
__label__2
__label__2
__label__2
__label__2
__label__2
__label__2 なるほど
__label__2 まぁ
__label__2
__label__2
__label__2
__label__2
__label__2
__label__2
__label__2 まぁ
__label__2
__label__2
__label__2 うん うん うん
__label__2
__label__2
__label__2
__label__2
__label__2
__label__2
__label__2
__label__2
__label__2
__label__2
__label__2
__label__2 あぁ
__label__2
__label__2
__label__2 あれ
__label__2
__label__2
__label__2
__label__2
__label__2
__label__2
__label__2
__label__2
__label__2
__label__2
__label__2
__label__2
__label__2
__label__2
__label__2
__label__2
__label__2
__label__2
__label__2
__label__2
__label__2
__label__2
__label__2
__label__2
__label__2
__label__2
__label__2
__label__2
__label__2
__label__2
__label__2
__label__2
__label__2
__label__2
__label__2
__label__2
__label__2
__label__2
__label__2 ま
__label__2
__label__2 ウン
__label__2
__label__2
__label__2
__label__2
__label__2
__label__2
__label__2
__label__2
__label__2
__label__2
__label__2
__label__2
__label__2
__label__2
__label__2
__label__2
__label__2
__label__2
__label__2
__label__2
__label__2
__label__2
__label__2
__label__2
__label__2
__label__2
__label__2
__label__2
__label__2
__label__2
__label__2
__label__2
__label__2
__label__2
__label__2
__label__2
__label__2
__label__2
__label__2
__label__2
__label__2
__label__2
__label__2
__label__2
__label__2
__label__2
__label__2
__label__2 まぁ
__label__2 まぁ まぁ
__label__2
__label__2
__label__2
__label__2
__label__2
__label__2
__label__2
__label__2
__label__2
__label__2
__label__2
__label__2
__label__2
__label__2
__label__2
__label__2
__label__2
__label__2
__label__2
__label__2 すみません
__label__2
__label__2
__label__2
__label__2
__label__2
__label__2
__label__2
__label__2
__label__2
__label__2
__label__2
__label__2
__label__2
__label__2
__label__2
__label__2
__label__2
__label__2
__label__2
__label__2
__label__2
__label__2
__label__2
__label__2
__label__2
__label__2
__label__2
__label__2
__label__2
__label__2
__label__2
__label__2
__label__2
__label__2
__label__2
__label__2
__label__2
__label__2
__label__2
__label__2
__label__2
__label__2
__label__2
__label__2
__label__2
__label__2
__label__2
__label__2
__label__2
__label__2
__label__2
__label__2
__label__2
__label__2
__label__2
__label__2
__label__2
__label__2
__label__2
__label__2
__label__2
__label__2
__label__2
__label__2
__label__2
__label__2
__label__2
__label__2
__label__2
__label__2
__label__2
__label__2
__label__2
__label__2
__label__2
__label__2
__label__2
__label__2
__label__2
__label__2 まぁ
__label__2
__label__2
__label__2
__label__2
__label__2
__label__2 まぁ
__label__2 まぁ
__label__2
__label__2
__label__2
__label__2
__label__2
__label__2
__label__2
__label__2
__label__2
__label__2 さぁ
__label__2
__label__2 さあ あ すいません
__label__2
__label__2
__label__2
__label__2
__label__2
__label__2
__label__2
__label__2
__label__2
__label__2
__label__2
__label__2
__label__2
__label__2
__label__2
__label__2
__label__2
__label__2
__label__2
__label__2
__label__2
__label__2
__label__2
__label__2 ほんと
__label__2
__label__2
__label__2
__label__2
__label__2
__label__2
__label__2
__label__2
__label__2
__label__2 うーん
__label__2
__label__2
__label__2
__label__2
__label__2
__label__2
__label__2
__label__2
__label__2
__label__2 うん
__label__2
__label__2
__label__2
__label__2
__label__2 すいません
__label__2
__label__2
__label__2
__label__2
__label__2
__label__2
__label__2
__label__2
__label__2
__label__2
__label__2
__label__2
__label__2
__label__2
__label__2
__label__2
__label__2
__label__2
__label__2
__label__2
__label__2
__label__2 なるほど ありがと
__label__2 まぁ
__label__2
__label__2
__label__2
__label__2
__label__2
__label__2
__label__2
__label__2
__label__2
__label__2
__label__2
__label__2
__label__2
__label__2
__label__2
__label__2
__label__2
__label__2
__label__2
__label__2
__label__2
__label__2
__label__2
__label__2
__label__2
__label__2
__label__2
__label__2
__label__2
__label__2
__label__2
__label__2
__label__2
__label__2
__label__2
__label__2
__label__2
__label__2
__label__2
__label__2
__label__2
__label__2
__label__2
__label__2
__label__2
__label__2
__label__2
__label__2
__label__2
__label__2
__label__2
__label__2
__label__2
__label__2
__label__2
__label__2
__label__2
__label__2
__label__2
__label__2
__label__2
__label__2
__label__2 はい
__label__2
__label__2
__label__2
__label__2
__label__2
__label__2
__label__2
__label__2
__label__2
__label__2
__label__2
__label__2
__label__2
__label__2
__label__2
__label__2
__label__2
__label__2
__label__2
__label__2
__label__2
__label__2
__label__2
__label__2
__label__2
__label__2
__label__2
__label__2
__label__2
__label__2
__label__2
__label__2
__label__2
__label__2
__label__3
__label__3
__label__3
__label__3
__label__3
__label__3
__label__3
__label__3
__label__3
__label__3
__label__3
__label__3
__label__3
__label__3
__label__3
__label__3
__label__3
__label__3
__label__3
__label__3
__label__3
__label__3
__label__3 まぁ
__label__3
__label__3
__label__3
__label__3
__label__3
__label__3
__label__3
__label__3
__label__3
__label__3
__label__3
__label__3
__label__3
__label__3
__label__3
__label__3
__label__3
__label__3
__label__3
__label__3
__label__3
__label__3
__label__3
__label__3
__label__3
__label__3
__label__3
__label__3
__label__3
__label__3 まぁ
__label__3
__label__3
__label__3
__label__3
__label__3
__label__3
__label__3
__label__3
__label__3
__label__3
__label__3
__label__3
__label__3
__label__3
__label__3
__label__3
__label__3
__label__3
__label__3
__label__3
__label__3
__label__3
__label__3
__label__3
__label__3
__label__3
__label__3
__label__3
__label__3
__label__3
__label__3
__label__3
__label__3
__label__3
__label__3
__label__3
__label__3
__label__3
__label__3
__label__3
__label__3
__label__3
__label__3
__label__3
__label__3
__label__3
__label__3
__label__3
__label__3
__label__3
__label__3
__label__3
__label__3
__label__3
__label__3
__label__3
__label__3
__label__3
__label__3
__label__3
__label__3
__label__3
__label__3
__label__3
__label__3
__label__3
__label__3
__label__3 まぁ
__label__3
__label__3
__label__3
__label__3
__label__3
__label__3
__label__3
__label__3
__label__3
__label__3
__label__3
__label__3
__label__3
__label__3
__label__3
__label__3
__label__3
__label__3
__label__3
__label__3
__label__3 まぁ まぁ
__label__3
__label__3
__label__3
__label__3
__label__3
__label__3
__label__3
__label__3
__label__3 まぁ
__label__3
__label__3
__label__3
__label__3
__label__3
__label__3
__label__3
__label__3
__label__3
__label__3
__label__3
__label__3
__label__3
__label__3
__label__3 ありがとう
__label__3
__label__3
__label__3
__label__3
__label__3
__label__3
__label__3
__label__3
__label__3 うーん
__label__3
__label__3 うん うん うん
__label__3
__label__3
__label__3
__label__3
__label__3
__label__3
__label__3
__label__3
__label__3
__label__3
__label__3
__label__3
__label__3
__label__3
__label__3
__label__3
__label__3
__label__3
__label__3
__label__3
__label__3
__label__3
__label__3
__label__3
__label__3
__label__3
__label__3
__label__3 うん
__label__3
__label__3
__label__3
__label__3
__label__3
__label__3
__label__3
__label__3
__label__3
__label__3
__label__3 すいません
__label__3
__label__3
__label__3
__label__3
__label__3
__label__3
__label__3
__label__3
__label__3
__label__3
__label__3
__label__3
__label__3
__label__3
__label__3
__label__3
__label__3 ありがとう
__label__3
__label__3
__label__3
__label__3
__label__3
__label__3
__label__3
__label__3
__label__3
__label__3
__label__3
__label__3
__label__3
__label__3
__label__3
__label__3
__label__3
__label__3
__label__3
__label__3
__label__3
__label__3
__label__3
__label__3
__label__3
__label__3
__label__3
__label__3
__label__3
__label__3
__label__3
__label__3
__label__3
__label__3
__label__3
__label__3
__label__3
__label__3
__label__3
__label__3
__label__3
__label__3
__label__3
__label__3
__label__3
__label__3
__label__3
__label__3
__label__3
__label__3
__label__3
__label__3
__label__3
__label__3
__label__3
__label__3
__label__3
__label__3
__label__3
__label__3
__label__3
__label__3
__label__3
__label__3
__label__3
__label__3
__label__3
__label__3
__label__3
__label__3
__label__3
__label__3
__label__3
__label__3
__label__3
__label__3
__label__3
__label__3
__label__3
__label__3
__label__3
__label__3
__label__3
__label__3
__label__3
__label__3
__label__3
__label__3
__label__3
__label__3
__label__3
__label__3
__label__3
__label__3
__label__3
__label__3
__label__3
__label__3
__label__3
__label__3
__label__3
__label__3
__label__3
__label__3
__label__3
__label__3
__label__3
__label__3
__label__3
__label__3
__label__3
__label__3
__label__3
__label__3
__label__3
__label__3
__label__3
__label__3
__label__3
__label__3
__label__3
__label__3
__label__3
__label__3
__label__3
__label__3
__label__3
__label__3
__label__3
__label__3
__label__3
__label__3
__label__3
__label__3
__label__3
__label__3
__label__3
__label__3
__label__3
__label__3
__label__3
__label__3
__label__3
__label__3
__label__3
__label__3
__label__3
__label__3
__label__3
__label__3
__label__3
__label__3
__label__3
__label__3
__label__3
__label__3
__label__3
__label__3
__label__3
__label__3
__label__3
__label__3
__label__3
__label__3
__label__3
__label__3
__label__3
__label__3
__label__3
__label__3
__label__3
__label__3
__label__3
__label__3
__label__3
__label__3 まぁ
__label__3
__label__3
__label__3
__label__3
__label__3
__label__3
__label__3
__label__3
__label__3
__label__3
__label__3
__label__3
__label__3
__label__3
__label__3
__label__3
__label__3
__label__3
__label__3
__label__3
__label__3
__label__3
__label__3
__label__3
__label__3
__label__3
__label__3
__label__3
__label__3
__label__3
__label__3
__label__3
__label__3
__label__3
__label__3
__label__3
__label__3
__label__3
__label__3
__label__3
__label__3
__label__3
__label__3
__label__3
__label__3
__label__3
__label__3
__label__3
__label__3
__label__3
__label__3
__label__3
__label__3
__label__3
__label__3
__label__3
__label__3
__label__3
__label__3
__label__3
__label__3 うーん
__label__3
__label__3
__label__3
__label__3
__label__3
__label__3
__label__3
__label__3
__label__3
__label__3
__label__3
__label__3
__label__3
__label__3
__label__3
__label__3
__label__3
__label__3
__label__3
__label__3
__label__3
__label__3
__label__3
__label__3
__label__3
__label__3
__label__3
__label__3
__label__3
__label__3
__label__3
__label__3
__label__3
__label__3
__label__3
__label__3
__label__3
__label__3 ありがとう
__label__3
__label__3
__label__3
__label__3
__label__3
__label__3
__label__3
__label__3
__label__3
__label__3
__label__3
__label__3
__label__3
__label__3
__label__3
__label__3
__label__3
__label__3
__label__3
__label__3
__label__3
__label__3
__label__3 まぁ
__label__3
__label__3
__label__3
__label__3
__label__3
__label__3
__label__3
__label__3
__label__3
__label__3
__label__3
__label__3
__label__3
__label__3
__label__3
__label__3
__label__3
__label__3
__label__3
__label__3
__label__3
__label__3
__label__3
__label__3 えっ
__label__3
__label__3
__label__3
__label__3
__label__3
__label__3
__label__3
__label__3
__label__3
__label__3
__label__3
__label__3
__label__3
__label__3
__label__3
__label__3
__label__3
__label__3
__label__3
__label__3
__label__3
__label__3
__label__3
__label__3
__label__3
__label__3
__label__3
__label__3
__label__3
__label__3
__label__3 うん うん うん うん
__label__3
__label__3
__label__3
__label__3 まぁ
__label__3
__label__3
__label__3
__label__3
__label__3
__label__3
__label__3
__label__3
__label__3
__label__3
__label__3
__label__3
__label__3
__label__3
__label__3
__label__3
__label__3
__label__3
__label__3
__label__3
__label__3 フェ
__label__3
__label__3
__label__3
__label__3
__label__3
__label__3
__label__3
__label__3
__label__3
__label__3
__label__3
__label__3
__label__3
__label__3
__label__3
__label__3
__label__3
__label__3
__label__3
__label__3
__label__3
__label__3
__label__3
__label__3
__label__3
__label__3
__label__3
__label__3
__label__3
__label__3 まぁ
__label__3
__label__3
__label__3
__label__3
__label__3
__label__3
__label__3
__label__3
__label__3
__label__3
__label__3
__label__3
__label__3
__label__3
__label__3
__label__3
__label__3
__label__3 あ
__label__3
__label__3
__label__3
__label__3
__label__3
__label__3
__label__3
__label__3
__label__3
__label__3
__label__3
__label__3
__label__3
__label__3
__label__3
__label__3
__label__3
__label__3
__label__3
__label__3
__label__3
__label__3
__label__3
__label__3 さあ
__label__3
__label__3
__label__3
__label__3
__label__3
__label__3
__label__3
__label__3
__label__3
__label__3
__label__3
__label__3
__label__3
__label__3
__label__3
__label__3
__label__3
__label__3
__label__3
__label__3
__label__3
__label__3
__label__3
__label__3
__label__3
__label__3
__label__3
__label__3
__label__3
__label__3
__label__3
__label__3 すみません
__label__3
__label__3
__label__3
__label__3
__label__3
__label__3
__label__3
__label__3
__label__3
__label__3
__label__3
__label__3
__label__3
__label__3
__label__3
__label__3
__label__3
__label__3
__label__3
__label__3
__label__3
__label__3
__label__3
__label__3
__label__3
__label__3
__label__3
__label__3
__label__3
__label__3
__label__3
__label__3
__label__3
__label__3
__label__3
__label__3
__label__3
__label__3
__label__3 うん
__label__3
__label__3
__label__3 まぁ
__label__3
__label__3
__label__3
__label__3
__label__3
__label__3
__label__3
__label__3
__label__3
__label__3
__label__3
__label__3
__label__3
__label__3
__label__3
__label__3
__label__3
__label__3
__label__3
__label__3
__label__3
__label__3
__label__3
__label__3
__label__3
__label__3
__label__3
__label__3
__label__3
__label__3
__label__3
__label__3
__label__3
__label__3
__label__3
__label__3
__label__3
__label__3 まぁ
__label__3
__label__3
__label__3
__label__3
__label__3
__label__4
__label__4
__label__4
__label__4
__label__4
__label__4
__label__4
__label__4
__label__4 まぁ
__label__4
__label__4
__label__4
__label__4
__label__4
__label__4
__label__4
__label__4
__label__4
__label__4
__label__4 まぁ
__label__4
__label__4
__label__4
__label__4
__label__4
__label__4
__label__4
__label__4
__label__4
__label__4
__label__4
__label__4
__label__4
__label__4
__label__4
__label__4
__label__4
__label__4
__label__4
__label__4
__label__4
__label__4
__label__4
__label__4
__label__4
__label__4
__label__4
__label__4
__label__4
__label__4
__label__4
__label__4
__label__4
__label__4
__label__4
__label__4 いや
__label__4
__label__4
__label__4
__label__4
__label__4
__label__4
__label__4
__label__4
__label__4 まぁ まぁ
__label__4 まぁ え うわ あ
__label__4
__label__4
__label__4
__label__4
__label__4
__label__4
__label__4
__label__4
__label__4
__label__4
__label__4
__label__4
__label__4
__label__4
__label__4
__label__4
__label__4
__label__4
__label__4
__label__4
__label__4
__label__4
__label__4
__label__4
__label__4
__label__4
__label__4
__label__4
__label__4
__label__4
__label__4
__label__4
__label__4
__label__4
__label__4
__label__4
__label__4
__label__4
__label__4
__label__4
__label__4
__label__4
__label__4
__label__4
__label__4
__label__4
__label__4
__label__4
__label__4
__label__4
__label__4
__label__4
__label__4
__label__4
__label__4
__label__4
__label__4
__label__4 まあ
__label__4
__label__4
__label__4
__label__4
__label__4
__label__4
__label__4
__label__4
__label__4
__label__4
__label__4
__label__4
__label__4
__label__4
__label__4
__label__4
__label__4
__label__4
__label__4
__label__4
__label__4
__label__4
__label__4
__label__4
__label__4
__label__4
__label__4
__label__4
__label__4
__label__4
__label__4
__label__4
__label__4
__label__4
__label__4
__label__4
__label__4
__label__4
__label__4
__label__4
__label__4
__label__4
__label__4
__label__4
__label__4
__label__4
__label__4
__label__4
__label__4
__label__4 ありがとう
__label__4
__label__4
__label__4
__label__4
__label__4
__label__4
__label__4
__label__4
__label__4
__label__4
__label__4
__label__4
__label__4
__label__4
__label__4
__label__4
__label__4
__label__4
__label__4
__label__4
__label__4
__label__4
__label__4
__label__4
__label__4
__label__4
__label__4
__label__4
__label__4
__label__4
__label__4
__label__4
__label__4
__label__4
__label__4
__label__4
__label__4
__label__4
__label__4
__label__4
__label__4
__label__4
__label__4
__label__4
__label__4
__label__4
__label__4
__label__4
__label__4
__label__4 はい
__label__4 はい
__label__4
__label__4 うーん ああ うん はい
__label__4
__label__4
__label__4
__label__4 ありがとう
__label__4
__label__4
__label__4
__label__4
__label__4
__label__4
__label__4
__label__4
__label__4
__label__4
__label__4
__label__4
__label__4
__label__4
__label__4
__label__4
__label__4
__label__4
__label__4
__label__4
__label__4
__label__4
__label__4
__label__4
__label__4 まぁ
__label__4
__label__4
__label__4
__label__4
__label__4
__label__4
__label__4
__label__4
__label__4
__label__4
__label__4
__label__4
__label__4
__label__4
__label__4
__label__4
__label__4
__label__4
__label__4
__label__4
__label__4
__label__4
__label__4 何だ
__label__4
__label__4
__label__4
__label__4
__label__4 まぁ
__label__4
__label__4 まぁ まぁ
__label__4 うん
__label__4
__label__4
__label__4
__label__4 w
__label__4
__label__4
__label__4
__label__4
__label__4
__label__4
__label__4 うん うん
__label__4
__label__4
__label__4
__label__4
__label__4
__label__4
__label__4
__label__4
__label__4
__label__4
__label__4
__label__4
__label__4
__label__4
__label__4
__label__4
__label__4
__label__4
__label__4
__label__4
__label__4
__label__4
__label__4
__label__4
__label__4
__label__4
__label__4
__label__4
__label__4
__label__4
__label__4
__label__4
__label__4
__label__4
__label__4
__label__4
__label__4
__label__4
__label__4
__label__4
__label__4
__label__4
__label__4
__label__4
__label__4
__label__4
__label__4
__label__4
__label__4
__label__4
__label__4
__label__4
__label__4
__label__4
__label__4
__label__4
__label__4 ありがとう
__label__4
__label__4
__label__4
__label__4
__label__4 ああ
__label__4
__label__4
__label__4
__label__4
__label__4
__label__4
__label__4
__label__4
__label__4
__label__4
__label__4
__label__4
__label__4
__label__4 おぉ
__label__4
__label__4
__label__4
__label__4
__label__4
__label__4
__label__4
__label__4
__label__4
__label__4
__label__4
__label__4
__label__4 まぁ
__label__4
__label__4
__label__4
__label__4
__label__4
__label__4
__label__4
__label__4
__label__4
__label__4 まぁ
__label__4
__label__4
__label__4
__label__4
__label__4
__label__4
__label__4
__label__4
__label__4
__label__4
__label__4
__label__4
__label__4
__label__4
__label__4
__label__4
__label__4
__label__4
__label__4
__label__4
__label__4
__label__4
__label__4
__label__4
__label__4
__label__4 まぁ
__label__4
__label__4
__label__4
__label__4
__label__4
__label__4
__label__4
__label__4
__label__4
__label__4
__label__4
__label__4
__label__4
__label__4
__label__4
__label__4
__label__4 うん うん
__label__4
__label__4
__label__4
__label__4
__label__4
__label__4
__label__4
__label__4
__label__4
__label__4
__label__4 ま
__label__4
__label__4
__label__4
__label__4
__label__4
__label__4
__label__4
__label__4
__label__4
__label__4
__label__4
__label__4
__label__4
__label__4
__label__4
__label__4
__label__4
__label__4
__label__4
__label__4
__label__4
__label__4
__label__4
__label__4
__label__4 うん うん
__label__4
__label__4
__label__4
__label__4
__label__4
__label__4
__label__4
__label__4
__label__4
__label__4
__label__4
__label__4
__label__4
__label__4
__label__4
__label__4
__label__4
__label__4
__label__4
__label__4
__label__4
__label__4
__label__4
__label__4
__label__4
__label__4
__label__4
__label__4
__label__4 おーい
__label__4
__label__4
__label__4
__label__4
__label__4
__label__4
__label__4
__label__4
__label__4
__label__4
__label__4
__label__4
__label__4
__label__4
__label__4
__label__4
__label__4
__label__4
__label__4
__label__4
__label__4
__label__4
__label__4
__label__4
__label__4
__label__4
__label__4
__label__4
__label__4
__label__4
__label__4
__label__4
__label__4
__label__4
__label__4
__label__4
__label__4
__label__4
__label__4
__label__4
__label__4
__label__4
__label__4
__label__4
__label__4
__label__4
__label__4
__label__4
__label__4
__label__4
__label__4
__label__4
__label__4 う
__label__4
__label__4
__label__4
__label__4
__label__4
__label__4 へー
__label__4
__label__4
__label__4
__label__4
__label__4
__label__4
__label__4
__label__4
__label__4
__label__4
__label__4
__label__4
__label__4
__label__4
__label__4
__label__4
__label__4
__label__4
__label__4
__label__4
__label__4
__label__4
__label__4
__label__4
__label__4
__label__4
__label__4
__label__4
__label__4
__label__4
__label__4
__label__4
__label__4
__label__4
__label__4
__label__4
__label__4
__label__4
__label__4
__label__4
__label__4
__label__4
__label__4
__label__4
__label__4
__label__4
__label__4
__label__4
__label__4
__label__4
__label__4
__label__4
__label__4
__label__4
__label__4
__label__4
__label__4
__label__4
__label__4
__label__4
__label__4
__label__4
__label__4 はい
__label__4
__label__4
__label__4
__label__4
__label__4
__label__4
__label__4
__label__4
__label__4
__label__4
__label__4
__label__4
__label__4
__label__4
__label__4
__label__4
__label__4
__label__4
__label__4
__label__4
__label__4
__label__4
__label__4
__label__4
__label__4
__label__4
__label__4
__label__4
__label__4
__label__4
__label__4
__label__4
__label__4
__label__4
__label__4
__label__4
__label__4
__label__4
__label__4
__label__4
__label__4
__label__4
__label__4
__label__4
__label__4
__label__4
__label__4
__label__4
__label__4
__label__4
__label__4
__label__4
__label__4
__label__4
__label__4
__label__4
__label__4
__label__4
__label__4
__label__4
__label__4
__label__4
__label__4
__label__4
__label__4
__label__4
__label__4 なるほど
__label__4
__label__4
__label__4 まぁ
__label__4
__label__4
__label__4
__label__4
__label__4
__label__4
__label__4
__label__4
__label__4
__label__4
__label__4
__label__4
__label__4
__label__4
__label__4
__label__4
__label__4
__label__4
__label__4
__label__4 ま ま
__label__4
__label__4
__label__4
__label__4
__label__4
__label__4
__label__4
__label__4
__label__4
__label__4
__label__4 こりゃ
__label__4
__label__4
__label__4
__label__4
__label__4
__label__4
__label__4
__label__4
__label__4
__label__4
__label__4
__label__4
__label__4
__label__4
__label__4
__label__4
__label__4
__label__4
__label__4
__label__4
__label__4
__label__4
__label__4
__label__4
__label__4
__label__4
__label__4
__label__4
__label__4
__label__4
__label__4
__label__4
__label__4
__label__4
__label__4
__label__4
__label__4
__label__4
__label__4
__label__4
__label__4
__label__4
__label__4
__label__4
__label__4
__label__4 ああ
__label__4
__label__4 まぁ
__label__4
__label__4
__label__4
__label__4 まぁ
__label__4
__label__4
__label__4
__label__4
__label__4
__label__4
__label__4
__label__4
__label__4
__label__4
__label__4
__label__4 なるほど
__label__4
__label__4
__label__4 えっ ありがとう
__label__4
__label__4
__label__4
__label__4
__label__4
__label__5
__label__5
__label__5
__label__5
__label__5
__label__5
__label__5
__label__5
__label__5
__label__5
__label__5
__label__5
__label__5
__label__5
__label__5
__label__5
__label__5
__label__5
__label__5
__label__5
__label__5
__label__5
__label__5
__label__5
__label__5
__label__5
__label__5
__label__5
__label__5
__label__5
__label__5
__label__5
__label__5
__label__5
__label__5
__label__5
__label__5
__label__5
__label__5
__label__5
__label__5
__label__5
__label__5
__label__5
__label__5
__label__5
__label__5
__label__5
__label__5
__label__5
__label__5
__label__5
__label__5
__label__5
__label__5
__label__5
__label__5
__label__5
__label__5
__label__5
__label__5
__label__5
__label__5
__label__5
__label__5
__label__5
__label__5
__label__5
__label__5
__label__5
__label__5
__label__5
__label__5 うん
__label__5
__label__5
__label__5
__label__5
__label__5
__label__5
__label__5
__label__5
__label__5
__label__5
__label__5
__label__5
__label__5
__label__5
__label__5
__label__5
__label__5
__label__5
__label__5
__label__5
__label__5
__label__5
__label__5 有難う
__label__5
__label__5
__label__5
__label__5
__label__5
__label__5
__label__5
__label__5
__label__5
__label__5
__label__5
__label__5 イヤ
__label__5
__label__5
__label__5
__label__5
__label__5
__label__5
__label__5
__label__5
__label__5
__label__5
__label__5
__label__5
__label__5
__label__5
__label__5
__label__5
__label__5
__label__5
__label__5
__label__5
__label__5
__label__5
__label__5
__label__5
__label__5
__label__5
__label__5
__label__5
__label__5
__label__5
__label__5
__label__5
__label__5
__label__5
__label__5 ありがとう
__label__5
__label__5 え
__label__5
__label__5
__label__5
__label__5
__label__5
__label__5
__label__5
__label__5
__label__5
__label__5
__label__5
__label__5
__label__5
__label__5 うん
__label__5
__label__5
__label__5
__label__5
__label__5
__label__5
__label__5
__label__5
__label__5
__label__5
__label__5
__label__5 うん
__label__5
__label__5
__label__5
__label__5
__label__5
__label__5
__label__5
__label__5
__label__5
__label__5
__label__5
__label__5
__label__5
__label__5
__label__5
__label__5
__label__5
__label__5
__label__5
__label__5
__label__5
__label__5
__label__5
__label__5
__label__5
__label__5
__label__5
__label__5
__label__5
__label__5
__label__5
__label__5
__label__5
__label__5
__label__5
__label__5
__label__5
__label__5
__label__5
__label__5
__label__5
__label__5
__label__5
__label__5 おっ
__label__5
__label__5
__label__5
__label__5
__label__5
__label__5
__label__5
__label__5
__label__5
__label__5
__label__5 まぁ
__label__5
__label__5
__label__5
__label__5
__label__5
__label__5
__label__5
__label__5
__label__5
__label__5
__label__5
__label__5
__label__5
__label__5
__label__5
__label__5
__label__5
__label__5
__label__5
__label__5
__label__5
__label__5
__label__5
__label__5
__label__5
__label__5
__label__5
__label__5
__label__5
__label__5
__label__5
__label__5
__label__5
__label__5
__label__5 まぁ
__label__5
__label__5
__label__5 うん
__label__5 ありがとう
__label__5
__label__5
__label__5
__label__5
__label__5
__label__5
__label__5
__label__5
__label__5
__label__5
__label__5
__label__5
__label__5
__label__5
__label__5
__label__5
__label__5
__label__5 ありがとう
__label__5
__label__5
__label__5
__label__5
__label__5
__label__5
__label__5
__label__5
__label__5
__label__5
__label__5
__label__5
__label__5
__label__5
__label__5
__label__5
__label__5
__label__5
__label__5
__label__5
__label__5
__label__5
__label__5
__label__5
__label__5
__label__5
__label__5
__label__5 まぁ
__label__5
__label__5
__label__5
__label__5
__label__5
__label__5
__label__5
__label__5
__label__5
__label__5
__label__5
__label__5
__label__5
__label__5
__label__5
__label__5
__label__5
__label__5
__label__5
__label__5
__label__5
__label__5
__label__5
__label__5
__label__5
__label__5 うん はぁ はい えー はい はぁ
__label__5
__label__5
__label__5
__label__5
__label__5
__label__5
__label__5
__label__5
__label__5
__label__5
__label__5
__label__5
__label__5
__label__5
__label__5
__label__5
__label__5
__label__5
__label__5
__label__5
__label__5
__label__5
__label__5
__label__5
__label__5
__label__5
__label__5
__label__5
__label__5
__label__5
__label__5
__label__5
__label__5
__label__5
__label__5
__label__5
__label__5
__label__5
__label__5
__label__5
__label__5
__label__5
__label__5
__label__5
__label__5
__label__5
__label__5
__label__5
__label__5
__label__5
__label__5
__label__5
__label__5
__label__5
__label__5
__label__5
__label__5
__label__5
__label__5
__label__5
__label__5
__label__5 まぁ まぁ
__label__5
__label__5
__label__5
__label__5
__label__5
__label__5 ありがとう
__label__5
__label__5
__label__5
__label__5
__label__5
__label__5
__label__5
__label__5
__label__5
__label__5
__label__5
__label__5
__label__5
__label__5
__label__5
__label__5
__label__5
__label__5
__label__5
__label__5
__label__5
__label__5
__label__5
__label__5
__label__5
__label__5
__label__5
__label__5
__label__5
__label__5
__label__5
__label__5
__label__5
__label__5
__label__5
__label__5
__label__5 ありがとう
__label__5
__label__5
__label__5
__label__5
__label__5
__label__5
__label__5
__label__5
__label__5
__label__5
__label__5
__label__5
__label__5
__label__5
__label__5
__label__5
__label__5
__label__5
__label__5
__label__5
__label__5
__label__5
__label__5
__label__5
__label__5
__label__5
__label__5
__label__5 まぁ
__label__5
__label__5
__label__5
__label__5
__label__5
__label__5
__label__5
__label__5
__label__5
__label__5
__label__5
__label__5
__label__5
__label__5
__label__5
__label__5
__label__5
__label__5
__label__5
__label__5
__label__5
__label__5
__label__5
__label__5
__label__5
__label__5
__label__5
__label__5
__label__5
__label__5
__label__5
__label__5
__label__5
__label__5 う
__label__5
__label__5
__label__5
__label__5
__label__5
__label__5
__label__5
__label__5
__label__5
__label__5
__label__5
__label__5
__label__5
__label__5
__label__5 ありがとう
__label__5
__label__5
__label__5
__label__5
__label__5 ありがとう
__label__5
__label__5
__label__5
__label__5
__label__5
__label__5
__label__5
__label__5
__label__5
__label__5
__label__5
__label__5
__label__5
__label__5
__label__5
__label__5
__label__5
__label__5
__label__5
__label__5
__label__5 え
__label__5
__label__5
__label__5
__label__5
__label__5
__label__5
__label__5
__label__5
__label__5
__label__5
__label__5
__label__5
__label__5
__label__5
__label__5
__label__5
__label__5 ありがと
__label__5
__label__5
__label__5
__label__5
__label__5
__label__5
__label__5
__label__5
__label__5
__label__5
__label__5
__label__5
__label__5
__label__5
__label__5
__label__5
__label__5
__label__5
__label__5
__label__5
__label__5
__label__5
__label__5
__label__5
__label__5
__label__5 なるほど あー はい はい まぁ
__label__5
__label__5
__label__5
__label__5
__label__5
__label__5
__label__5
__label__5
__label__5
__label__5
__label__5
__label__5
__label__5
__label__5
__label__5
__label__5
__label__5
__label__5
__label__5
__label__5
__label__5
__label__5
__label__5
__label__5
__label__5
__label__5
__label__5
__label__5
__label__5
__label__5
__label__5 ありがとう
__label__5 あ
__label__5
__label__5
__label__5
__label__5
__label__5
__label__5
__label__5
__label__5
__label__5
__label__5
__label__5
__label__5 あー
__label__5
__label__5
__label__5
__label__5
__label__5 まぁ
__label__5
__label__5
__label__5
__label__5
__label__5
__label__5
__label__5
__label__5 w
__label__5
__label__5
__label__5
__label__5
__label__5 いやぁ
__label__5
__label__5
__label__5
__label__5
__label__5
__label__5
__label__5
__label__5
__label__5
__label__5
__label__5
__label__5
__label__5
__label__5
__label__5
__label__5
__label__5
__label__5
__label__5
__label__5
__label__5
__label__5
__label__5
__label__5
__label__5
__label__5
__label__5
__label__5
__label__5
__label__5
__label__5
__label__5
__label__5
__label__5
__label__5
__label__5
__label__5
__label__5
__label__5
__label__5
__label__5
__label__5
__label__5
__label__5
__label__5
__label__5
__label__5
__label__5
__label__5
__label__5
__label__5
__label__5
__label__5
__label__5
__label__5
__label__5
__label__5
__label__5
__label__5
__label__5
__label__5 え
__label__5
__label__5
__label__5
__label__5
__label__5
__label__5
__label__5
__label__5
__label__5
__label__5
__label__5
__label__5
__label__5
__label__5
__label__5
__label__5
__label__5
__label__5
__label__5
__label__5
__label__5
__label__5
__label__5
__label__5
__label__5
__label__5
__label__5
__label__5
__label__5
__label__5
__label__5
__label__5
__label__5
__label__5
__label__5
__label__5
__label__5
__label__5
__label__5
__label__5
__label__5
__label__5
__label__5
__label__5 ほんと
__label__5
__label__5
__label__5
__label__5
__label__5
__label__5
__label__5
__label__5
__label__5
__label__5
__label__5
__label__5
__label__5
__label__5
__label__5
__label__5
__label__5
__label__5
__label__5
__label__5
__label__5
__label__5
__label__5
__label__5 え
__label__5
__label__5
__label__5
__label__5
__label__5
__label__5
__label__5 有難う
__label__5
__label__5
__label__5
__label__5 有難う
__label__5
__label__5
__label__5
__label__5
__label__5
__label__5
__label__5
__label__5
__label__5
__label__5
