2剥がしスっ思う剥がしし剥がれる変え下さい減らし思い増えるしすれ思い 
2書かれてるい付いてる考えれ増やされなり上がるみしろしろしき行く取れしみてしある持ちされし考えよ思い 
5使っあっし見るでき比べるなっい言っ思っ入っいするし狙っいるありする秘めいるしとい 
2し走る起き向か思われ 
5出来る減らし思っい助かっい 
1いいやっとれるなっせよ書いある 
5使っい傷つくあり悩んしみるなっ痛むしできしい 
1し申し上げ治りする縮れ枯れしまい病んなっしまい枯れるし治ら言うなり買い 
1読みはじめ載っいし読むしくださいあるくる読むすれさせくれるいっおきいう続くずれしてる効いいる聞いある切っ貼っ切っ貼っ 
4使い 
2乗り換えなっいなりかすれ感じしかわら思いしもらいし思っしれ読みしいししまいさせもらい持て 
4し変わら壊れ働いくれい壊れ働いくれるなら誤っ敷きさせしまい動いい繰り返し有る思い感じ感じるある落ち着い収まる無くなり経つされるなるならあるしあれ付け 
4終わり疲れいる伸びしまうできるする買い気に入っ抜け抜け抜けある感じい入れ抜けてるしいるあり届けくれる考えなり気に入ら見るなっいる言う問われるするつけ書いみあれ乗り換えする思いいっ言う渇いいる飲むなっしまいしまうある買い思っ思っあるしれ飲ん思っい 
3しいされし買わ作る 
1止まっしまっされされすぎなり試しでき 
1しいされなり調べみる消えい吹っ飛びできしきししてなり 
1買っし動かなっすすぎ動かなっ動かなり払っ届き返しし買っ 
1比べ使い 
1されい使え 
3できいしおき 
1しわからしい届い比べなっし漏れ起き漏れしいしいしあり 
4しい取り扱っいあり生まれ使っいしらとれる使い続け 
1しできしいき 
3し出届きし頂きあるしいるあるある思い 
4困っい使っ混ざり合っしされふりかけ消え驚き履い経て消えおり消えい 
4し飲めるし開ける開け飛び出し 
2するなっ強めなっなっ起きる付けい買っ壊れし付けよなっいなっおり付け見え見変わら見え座っ違う持っし込ん見えいかし買っ見見え見るししいなっなっおりあって感じする起きいある思いし使い 
1届いし買っし差し込んしある思うとりあり 
5飲み割っちゃうしありあり思いいっ飲み過ぎ 
4貼り貼りできしくれる見得感じる思い 
4ある効き来す誤魔化しい見しし伺いなら言いなら戻っさ認められる感じすれ則しやれ 
4飲みなりいい 
4効いしい飲み 
1し贈っ読まれ盗まれあるするし思いされされぶ捨てだせわきし思いし 
4亡くなっしいなっ捨てるあっし使うなりししできる言っしすれ取れ寄せられてるしみ言う測っ見離れうるし離れ離れ思いなる分かり使う思う 
4入れなり付けみなりなる見つけしみ入れ閉じ嗅いみにおい閉まらなるなって捨てなる食べるあり使っなりやめられ育っ思い 
1広げする舞い上がっ取る取ろし明かしし取れ引っ掻いしてる有りなるししまっ払っ使え引き出来る知らし 
3握りしめるできるなっい詰め替え上がり使い思いなるできる感じなっ合わ干しなっいるし 
5しあれ見える 
1し遊ぶわから買っいる買えなる引き落とされるしするたどり着く払い 
2なっい入ら買っみ塗っ感じ経っ見えるしいベタつきなりある塗っ感じ入っいるなり買う 
1書いある遅れしできかく 
1漏れてる気付か受け取り汚れしい 
5使っ思い 
2差し込むするありし入れる入り出す押し込ん出きつまん張り出せ出くる言い使える使いしでき 
2死ぬ落ちぶれるすぼみ消えいくなっできるある作っ演じ溢れ出る違いすぎる比べる取り入れい描かれいしいるする描いいる感じ居使われいる流れてるなっいる思っするつかめされしろされいるいえ歌い与えおり合っ離れさせおこなっおり落としい見せされあっ思い起こさせる使われおり隠れされ入れ違い亡くなっいくし残し亡くなっある 
4有り劣る違う 
4あり取る 
1間違え届き届いせししまっでき間違え困りさせいただき 
1する入れ写し選び 
5する取り出せ届くあり届けられ折り畳まれ入れられいされいみられ取り出せ届けられ起きある行いししなるされされ繰り返しなる見受けられあるしいるし行い移ししされるならしする使い思っい言わせいただくあるするある 
2するし効かなりし吹く見受けられさせおら取り扱っいし応じるなる調べるしおりし遊んきついおらするするありする超えるなり加えしいるし願い感じ 
1するかけしよ思いし愛しやましし使っなら決めすぎ読んいめくり引くやりさし売れ読む向かしありすぎる思いできるいる買い動い見使っ読み行き着きしいでき 
5沸く無くなり買い直ししまい言われ置いある買う持て果たしてる考え吸い言っ無くす無くす買うなら 
2使い始め出来し使い続ける 
5しなろしあり届いししし感じるあり走っしなり至るできい 
4ひいしされい過ぎ合わ入っしまう突っ込ん分かり詰まってる取れるなりしれ取れすぎ 
4ある届き飲め比べるし凍らせ移りつけしれ入れられされい 
1しいるすぎしよ思う辞めしいるしなりさせられされ返し 
1しし食べなり買っあげる食べ切れてる思っし切れいし比べる食べしいいわかるいっされらっしゃる 
3しいる落ちしまい見確かめししされでき 
4知る載せ思うするすぎる削り取られい読む違っ感じるできするし 
3思っいいい 
5なっいるありし思い喜ばれる思い付いいる思い 
4なり 
2入り言われ拾いすぎ使え歌っみ拾い拾っくれいら 
2したっ効い効か思えるする疲れる 
3 
1やって買いし足り塗る補う出来活かせ売る出来求めいるあげるやりし戻りし 
1できなっ進ま試しし 
5学ぶ見るしありしい至れ尽せ目指し目指す勧めしし出しするししおく言う忘れしまいありある描かれいする役立つある思い 
4し 
1するしし 
3しい届い思っ考えみるすぎる見なっしまい 
2し書き思い観しあるかかわらされい出す出し惜しみせしある思っしまうししし 
1するししまい使い使っいしあっする言う思っください 
1拭き取っ取り付けかかわら剥がれしまいなり 
3しされしょ 
1酔う言えるなっい出し持たれい売れいる売れいる進む 
4入っきするなっしし 
3つめかえやっみる入れる入れる溢れさせしまい入れる詰め替え増え考え入れられる 
5効き思い越し乾かすする待っ 
5使っい使えい使うもどれ入れるすみつながり 
4使っい出来なら 
5あらう買っあっできるしあっ 
5貰っ途切れるなっ買い換えし観途切れなり 
3ししれ使えい 
5しいし連れいっくれるもたつきし変えするあがり得られるなり見つけししい乗っ走っいられするなり造られする思いありしいされおり助かり超えいる思い走り続けい通りししいくいうできるありしい思い 
1かかっ待たされしい間に合わさせいただき 
2しい使われい観 
2しし稼いする繰り返し飽き来しくれ思っ離れいくやっ踏みとどまっもらえるわかり限っありするしありし支払う 
1開け閉め買い 
1履い洗っ空い書いおい 
3でき言え進めるしいる較べあれ倒せる 
5経っい 
3し濡れ汚れ思われる履き留まる思い考えるあっ感じる受け感じし 
3し乱れるありあり使っい気付き観頼まあり得 
4しい出すできある持ち買い 
3売ってわからしみ履いいる取れ思いふりかけ履いいし入るついつくなり吸い取っくれる 
4使っい売っいる変え思い知り狙っ買っい 
2行くししみ違うしししなっ違うしれある 
1買ってる買っでき付けください買っいできし 
3されるなっ書きしい間違えししまっするし過ぎすれ残っ教えください 
1当たり使えし 
2届い分かり驚いしまいある飲める飲ん引っかかっし飲んでるあっ 
1乾いしまっ使っいする乾いし濁り出きし調べみ分からすすぎしい拭く洗っいくっ付く思うなりすすぎし思い 
3使っい使うあり思い使っい扱い 
3しし感じるでき 
5つけいし付けるしなり使っいこ思い 
4なる変える貼る使っい 
5あり剥がれしれ貼る言い張り 
3聴ける使っみしされなっ買わせもらえる 
3出こ載っいしわからし触れおく上がり 
3しなるし戻そ思っい 
1教え頂き書きされい 
2されいるいえ感じられ思いあり演じるいうされしまう見暴れ出す思える感じしやり過ぎされいる感じ観るされいなり讃えいる感じ 
1感じきし食べ 
2使っいし読まれる感じる思い貼り入り感じ買っ思い 
5 
1受け付けし贈る出来困っ居講じ受け入れし 
3できる傷つきしおり思っい傷つき 
4迷いするし使ういら読めれ買わ使っい開く開くあるし開い選びする飛びししいするありしすれできししおい変わるありえ思うししいるしくれる払うしいる見るあっし防ぐしいる減らし 
1貼り合わせ貼る抜け入ら貼る合っしてるつい貼れしし貼れしたまるつかえる買っ使え買わ 
5し抜かれ思い頂き思い 
3なりなり入りなるやめおい 
3漏れ入れる 
3つけくれ思い致し 
4ある流され諦める歩んでる感じる突っ込ん書い 
3入れし枯れるかかり残り使う買っまくしれ使い使う出来る狭まり 
5飲み込み思う飲み込めるなりいい出し飲ん 
1しするされでき問い合わせるされいるおこなわれいる盗まれするされ求めされされされいるしろ言われいるできしまう思う起こっ踏まえ避けるし問い合わせするあっしされできいただき得られなるやめ 
2過ぎ拭く向き拭きし下さい 
1する見し経ってされしからいうしいししいるしもらい知りしてる捕まえください出来るあるしてされる続け 
4せ試しみ済ませしよ出来しいる使っい使えいしでき使えるなっあげ 
2受け取っ運ぶ 
1あるなっしまいたらしするなっいる買う 
3はがれうたっいるいらっする 
3はいる楽しみし 
4飼いしい出気に入っいしいる買い思いいう思う 
5使い詰め替え使いきりしいい 
2するできれする買い 
2書き込みできしよ 
1ししなっつかえみありしし送っできるいわれ行っくれ行こ思い返っこされいるいる買わ思い 
5使っい使っおり飲んくれ使っみ飲んくれるなりわかり飲んくれるなっ助かり 
4なれ思いしなっい掛かり思い 
1届くかかり届くする怠っいる分かる思い 
4使っいある感じられる入れしれ感じられ落ちき使う吹け使っ汚れるいる感じられ例え落ちいるすれししし 
1見おもい 
4しれ死んしまう飲も変え繰り返しいなぞらえるいう頷い 
1しなり入れる答え聞かされるし出るされ残るされ 
3しいでき起こる思い持つ持つかんじするしれ 
1目指しあり戦わされ殺せる撃て戦えるつけるありししとっつけかけ続けし使え使わ見消すできる使え使わ使え勝ち使え役立た立ち使える出来るされしてれ勝て隠れるあり作れ塗ってるできされしいけ打ち落とせいし打ち落とされ避け使いされ極まれすれさせき崩し負け知りしおもっ書いなくなりされされ壊しし殴っしあり取り返し出来引っ掛かっしまっし買っ引かれししまいかかる辞めるあり引っ掛かっ残り放り込みやってきあり担ぎ上げつけくださいなり聞きあり 
1かかりかかっ分から贈りしつけ 
3しいるしい使い 
1使っいる使おし使う分から問い合わせししいあっし 
4し使え 
1し飼い近づいこなりくするなりしれ 
1し刺さり刺さる刺さらありし刺さらしいる送っ貰えしいるしいただき思いかかわらしいさせいただき 
4し使っいするなり買うしおけ 
1しついてひっかかっし 
5過ごし崩れせ過ごせ重ねる収まり 
2観なっ埋める観 
3しついいるあり読みすれ向いい思われ盛り込まれい読み飛ばしなる困ってるかいつまん読むしれ 
2つなげるし考えいる買うし 
2入り過ぎしまい 
1するししまい使い使っいしあっする言う思っください 
1吸う感じられ滑る 
4入っいるなるある言っい 
2死ぬ落ちぶれるすぼみ消えいくなっできるある作っ演じ溢れ出る違いすぎる比べる取り入れい描かれいしいるする描いいる感じ居使われいる流れてるなっいる思っするつかめされしろされいるいえ歌い与えおり合っ離れさせおこなっおり落としい見せされあっ思い起こさせる使われおり隠れされ入れ違い亡くなっいくし残し亡くなっある 
1壊れいしかかり 
1し使っいあり固まらしなるするし作り使っある 
5買い行くしい 
3でき思う気に入っ使っ 
2喜ぶししいあるししすある買わいき作られ受け似い 
3しいる思いたどりつき思い 
4売っい破れならいっ 
1かけ 
5がっい買っあげ作っ飼っい作る見せ貰うなり考え作る 
1沸いししせ効く買わ 
1あり飲ん広がるある押入れいい 
2売れ固まりかけ出きおもっってりしい入り買お思い経っし始めいしれされいはいる入れし固まっのぞいなっい 
2しい買っ入る開いいし 
3使っい濡れ使わついいる読もする押ししまい切れしまうしい 
4使っいる慣れる戸惑うしれしくれ洗い流す驚く取れるでき使っ勧めできる 
4買いためいしなり使い切っししまっわから織するあふれこぼれなる避けられ減り代えられ増え 
4付いいる取れ使う取れしてる助かっ 
3し荒れくる探しい買っ湿しくれる使いある思う試しみ思う 
1読ん覚えいしてる読む思っ信じれ読むやめ 
3しいる言っありする省けなるするなる増えするされ立ちわかりすししするやる思う思いあるあり 
2し謳われされい使っみ閉まって思う使い切る貼り付け求め 
1あげるあげ忘れて忘れてあげ作るしみし届い聞い言われされて気付き届いかかるしいれ知れしい買うあれかかるあるし買わいけ思い 
1届いし買っし差し込んしある思うとりあり 
5やっくれ見るできる 
1合わある思い食べ吐くなりなり連れ行く変えください言われるあげよ思い 
2するされ目立ちしされてありしししするされいし 
4買っ遊ぶ押しい持た出す思う壊れ出し聞いあるしれ 
1頼んしもらっ買っされて買い 
3描くしください調べししおり変わっ変わらされいる思っ描く削られい描く作らなら知っ出削るなりふざけする 
5使っしみ買っしまい壊れし止め思い 
5なり送れ助かり 
4する使わなる作り 
2つづけいるあっ使っいる送っくる騙されかね 
4あり感じ 
2使えし驚い押し出す曲がっい有り得思い 
1入っおり剥がそする切れる剥がし 
2ししいるなり固まるなっ売りなってる 
2貼っいく書いいし合わする入ら貼れ 
2しなりししなりしし落ちいかのこりすれなりする汚れなり 
5使い使い 
2来るかかりかかりすぎる思い待っいるしよ悩みする思っ考え 
4できるまとめられいしいるあり載る 
1飲み 
3変わら 
1払うある思い 
1使っ出使いし 
1ありやっおり始めよし無くなっ変わっでき 
1書い問い合わせよする書いい起きる勧めできるあり 
4わかるありしみ入っいるししあり 
5思い出るしい勧め 
3しなじめ過ごしきい使いし使っみ読ん疲れる読めるされ刺さら刺さっ刺さっし過ぎいる思う使っいる削れきなるでき困る 
1しあっなっしまっあり買う思い 
1し書いあり気に入ら言われ聞いい 
2書いいかかっしまい 
5与えい思い 
1しくださいもっし 
3使っい言え 
2控えてるししなっいかけし導く通ずるあり思い悩みでき掻き集め変わら読み終え読むなりし掴ん読み終え 
2見いるなり見しい 
5贈り喜んい持っいる聞い送っみ 
3置いい落とす作ろ思い知りある落とし壊すなっ 
4し気に入っ使っいなっ使うなり 
2買えされい届けもらっ運べ起こししまいしいただける描いいただけ 
2思う売っいる違うする思う 
1 
1聞いししあり言っする 
1出来取る来 
1受け付け届いてる送っしき送られきし届くし待っ届き届け思っ教えるできる教え 
3でき買っ飲んみる言え飲み試しみ 
3されて除けされ思い 
2読んあり読まれ読む思いある教えくれるさせ超え怒りなっ怒る生きろする言いすれなる答えくれあげいあり苦しむ出き書かれみる思っしまい言っいる言っいる怒っ立っ待つせあっしろする感じなろ思い来唱えるし比べる嫌うこだわる辞めるするなれるわから放っおくできしいる思うなる思うあり言っいすぎ 
1し入って 
5下がっ使えるなり置きする付く使う回す思う置き書かれい置きし 
5し追い越され 
5いいし知りなるし 
3出来する使っさせしし分かり 
1使っいなくなっ買い出来し外れ 
1おもわわから 
3出るできやっなっいる浸れ 
4出ししいわから戻せ使う使わ違う思われる 
2使っみ思いある使え使っい起こりししまいし 
2いただけ見直し 
3やっやろ思い感じしいありあっやっ感じし 
4しい借りし使っあり合い寝る飲み過ぎ漏れしまいなろ思っい 
4やる慣れ使えするでき言う閉じる出来み開くなり 
1しいしし入れくっつい落ち怒られ出し買い失い 
2されい使っみ届きなりしし 
1使いいか持ち込み買わ諦め持ち込む 
4取されい外せ有り合わせし出来しなっあり出来る 
2使っいしし外すさせる黄ばむし使う 
5楽しめ比べ 
5届くする貰える出し使える思っ届い出来買え知りなっ見狙われ取られてしれ思う取らいけ思い届い 
5取り出し調べされい行っ見せ貰っあっしする出来ししゆき 
2変え臭いし包み入れしいる関わら臭いししおりでき待ちししまう変わらし 
2買い思い落ちるあっ比べ書き落ち書きわかり惹かれ買っみ覆されるあり 
2ありなる付き磨き直し取れ磨きあるしれ 
1辞め辞め使い 
1なりなりあり 
4あり弾く分かる思い向かっ逃がすすれ貼れ 
1届くかかり届くする怠っいる分かる思い 
1冷えししいしししもらいかかっしまいくっしまっついてしかねる 
2過ぎしやめ出 
4あり思い 
4見してる回る定まらしいあり広がるなりしい助かりできる 
2曲がり使い使っい磨き終わっし染まり磨けい使っい磨けいとがっ使っしい思いし使いし思いいえあるし使い続けい 
1しできるししとれあるとれ思っ 
3し買うし壊れあっ動ける書いてし伝える取り付け使うあり使える使っいつけるより 
1されし鳴りでき 
1貼り来貼り入っしもらえるし 
5溶け飲み割るしし 
2思い買っしまっ抜く使えし曲がりするあり使いずらい 
1役に立つよる慣れ要り 
3見間違える持っするされできるなっ買っ思い思っしいるかすれい飛びするあり見えし読むでき考えてる向いい割り切るありなる送りするするする戻っしまうあり持ち送りできるできれ考えられて引こしし分から出きすれされ調べるし助かりでき気付いあれしいき 
1上げいなり限りあり含んいる思っいしなりつけください 
4し経っいなっい感じい 
2つけいられるし寝てるとれなくなり確かめ塞がっいし思い外し塞がる出来 
4持ち気に入っ買っいる貼っあり禿げすぎできれし 
5かけい落とし気付かして使ってする思っ濡れしし聞いする続く 
1止まっしまっされされすぎなり試しでき 
1し出る言われしされいくださいし教えられしできし言われ買い 
5いら入っいるし 
4撃ついわかりもつ思い 
1ついい送られ来しつかし 
1しきくりかえされ上がりするなっいる変わら考えいけしれ 
1あっ使えとれされ使っとれるわから頑張っなっ返っきがんばっとれるしい使っとれなら出いる思いいえされるすぎきたしいしとられされるずらしし切り替えられるしできしなり買い見買お思い 
1消えるしさせるする動い動か買っみ 
2するしいけ 
5飲ん消え飲み忘れる戻り読んしてし続け効く 
1見れるなる思いできる加え言っされし持っいるし読み込み使い諦め 
1つかっし思い入っい読んしれししなり買っつけください 
5貼っ違うわかりおもい 
3買え思いししなっあり黄ばん見えるなり 
1読みすぎ聞いられ見る 
1つなが調べ 
2比べる聴ける 
1有る訴える鑑みる聞く持たするあるする有るわから有る探っあっ使いする有っ知っし取る見る触る出来し売る売りする歌っいるしおかいけ考え考え思うするするする逃れる出来せしいる送る行ういけされいる有ろ取れれ分かってさせいる言い言いしさせかすめる有る許さしい見極めいく分かり思う使うするでき行わ有り載せ買っし買い換え笑えるしするおっかねなる向かう 
4しいる行くなっ載せいくなるてる思っし絡む経しいるありなる思う思っ観られしき思い 
2する出いる効いいる 
1買っし動かなっすすぎ動かなっ動かなり払っ届き返しし買っ 
2見作っ楽しんいし出る聞いししい占めいいう分け載せ出来上がり知りあっ見て買って 
4飲み込めし飲んいれ慣れる飲めるなりあり入っいるなくなり飲みきれるししれ 
3出るいうし開いしい買わしれ思い出しくださいし観 
1し押しし振り押す出くる得られ使わわからしよ 
1おもわわから 
1作り任せし出来し 
4使うできやるしいるされするおけるししいけ交わる置けし読める思い 
3 
1しするし出来し出来る思っ出来するあっする出来し来受け付けいただいしいたしい 
2ししでき思うし 
2し塗ら使っ 
5し飲み終わっし飲んい作る作っ分かり取り食う試しみる 
1する送るなってするしきするする問い合わせみ引っかかってる言われつきかからできしき述べ引っかかってる思っするでき困っしまいしくれ 
1き 
1するし 
1すぎ使えされ入らとれすれわかるされ使えるなる使っい 
2出来取る 
4すぎ飲み込むし思い割り切っ使っい 
5買っちゃう言われ 
1しくださいもっし 
2あり目立つ思い使うなりおもい 
5しいるしする思い 
5きなり飲んいる気に入っ 
1死んいるかかわらするするさせし起こす戻す捨てぶち壊すありし含めしおこし支払うやりあっできる分かり合えるされわかりあうするあっすぎいか違う持っいる生きいくできある作っしするできる落ちるなっ止めさせよしきすましまう 
1でき買わいけわから 
1なり始め止まるなりほっとくすすぎ繰り返し終わり止まるとっかけ使える言えしいるしおい 
4変え合わ思われるあり 
3書かれいし取れし入れる見残っい目指し入れる届か取れ書かれいる役立っい 
3読んいなっい至りある挿さありしできし見違っ読み上がり持てる思い経っ滑るさせしまいあり走る入るなっしまいし直らつけい異なるしれかかっしし入れ入っい致しし直し下さいならしみ手間取らせしまっししいる落とししまう起こりえる思うし頂きし買い換える起き待つするしいありなっ配っ扱わ入っいれ悔やん悔やみきれし買い換える陥る減るこめさせ頂き 
4できし飛んいきすっ飛ぶ書かれいしとび感じ震えだす滑り始め流れいるしとんいくし曲がるしされある飛んいく塗るしし塗りこみ 
5飲む持っ行く持ち歩いい入れ湿らせる 
4しい見つけやっみ調べいあっ遊べし加えくっ付けできる遊ぶ出来遊んい来遊ん繰り返し遊んい買っおい過ぎ遊んしまう破れしまいし思い 
2つぶれいつかし溢れき驚きつぶれるへこん落とし 
5生まれあり 
1かかっ待たされしい間に合わさせいただき 
1し刺さり刺さる刺さらありし刺さらしいる送っ貰えしいるしいただき思いかかわらしいさせいただき 
2使える思っい離れる拾いなり見るすぎすぎる拾っしまいする 
3変わっ分からし味わえ 
2使い続けなり匂いなりしい残っ 
5使っいるし固まりあり 
1変わってるし確かめ撃ち合っ受けて殴られ塗られ受け見られ分かり殴られ受けあっされ塗れ成り立ってしいる違う買わししするし 
1差ししい押ししすれつながる書いありつながら思われ思う触れられい過ぎる 
2あり食べくれ 
1買っ届き買っ 
2めくり動き違いすぎ驚いしまい 
3黄ばみなっき致しなっき思いする迷い 
3思っ戻っしまうありできいあれ使いなる思っい 
2でき銘打っ 
4入り弾けるし使えできししできなりし動かしついてできる思う 
5合わせ買え使い 
5する読み進められあり 
5書いいる思う書きし気に入り使わありし比べあり 
1し言う倒し勧めし持つ 
1しあり得 
1開いし変わり使えいるある 
5し 
3飲んしおりしおりなっしまっ探しおりしみよ思い書き言えなっき改め 
1し取り消すなっいなってる来しまうさせられ出しもらい 
5使い入っしし読めできあり 
5ししい 
2限ら変わり過ぎしよ思わしなっ 
2買い思い買い換えあり付く並べれ違う見分かり付い着けしいしい変わっ入れ使っ思い釣り合う 
1入れ回ら入れ回りいえ送っしくれ売らください笑う売っ終わり買いやめ売る 
3使っき読んいする読み読みし比べるなりしなっ思い使うしなるなっ感じられ使っみる目立ちし進まする進むするする思われる思う直しなり待たされるあり感じしするしあけるなりいう入っいるしれする受け入れなっするしいただけしぶち壊しいる比べる思えしまいしされこしするしなり持ちし 
2買えありされいるきかかり過ぎ思う買え思うある買っとれかかるありされいる来使えるししかかり来かかり来言わ思う 
1届く届か入っし送る 
4強めひかえ感じなり届き行きわたっしいるなっ 
1しよしし変わる 
2買っするなっ 
5つか使い 
3頼まれまとめし見行っいる使っい入っ匂いおいある変えき使っくれいるあきらめ気にいらまぜるされおいみししき 
3しくれする思い 
5こだわら思い落ち切れる使っい飛びし使いこなしいかついい 
3し使い 
2しい慣れい使え 
1買っ消えなり買い 
1書いくださいし 
1流し読みしし思い言わせもらうし思ってる読ましてる思わ読んししし 
1され申し込ん届いし使っいえされ使っさせ頂き思っ使っみもっいするいえし思うある思うあっする使っなるなっい思われるあっある使うしおき 
4使っい役立っい 
4し使っわから使っ 
5なり 
2し余りあり入り抜け起こる走っし治りし 
2すぎあるす思う付いて 
1折れし撮り貯め移そ思っ取り出そし折れ抜きなり取り出せ使っき折れる驚き入れ使っい折れ眠っいありし 
1あり読む疲れ読むでき 
3しみなりし 
5吸わ使え 
1しでき思っい 
4見い映らなり見えい比べしい思いしたまるしれ言われいあり来る読むありするかかり落としすれかいされい開く消える残っし 
3連れ行く遊んい買っあげ遊ばあっ遊ん散らかすできるなっ広がる思い 
2出来合っし 
1届い動かなり挿しさせみるともすいいしい 
2買っ軋むしき 
1できする買わなら返せ 
1するかけしよ思いし愛しやましし使っなら決めすぎ読んいめくり引くやりさし売れ読む向かしありすぎる思いできるいる買い動い見使っ読み行き着きしいでき 
3分かっいる出こ向いい過ぎる 
3買っ増えなっ買い替えあっなっしいされかかわらされいるしおりし進まする進んしまっしし待っし飛ばさするする読みならしいするなっ振るう起こら求めあり 
2使っみしいる伸び感じ買い直し 
3し使うなりなれ思いつけれ 
1なりある 
2付いいるはがしはがれはがすくっつけはがせ出来 
5くっつい取れる使っ乗せられ使い外し出来る有り外しわかり 
1買い使っ使って引っかけしまい切れし使ってとめるありズレる加えて気付い切れて落ち来切れある思い気付い切れてし粘っ泣き 
3混ぜ飲み控えし飲め痩せる合わせするしある 
2めくり動き違いすぎ驚いしまい 
3わかり書いてしある 
1冷まし動かなりし試しともすいわ思いとり 
3ばらまく思いあがりなっし使える見するける使っいるゆがんあり入っ詰まっ向いて 
1思っ書き込みできし 
3比べる過ぎる出くるし買う変わら 
1渡し書いてる 
3気に入っされ気に入ら付く思い 
3撒けるやる感じられ入れなおし撒いいあり 
2わかり言い分かる知っいなるあるすぎ 
5しきあっしさせいっいるある感じ 
2すぎ飲み込むなっ構わし思っ有っし 
1観れ観れしある観れ観れるある出る押しされ繋がっい出るし観れする 
5持ち書き求めるする思い 
1ありすぎ飲み続ける出来思い 
3ありししまうはまってるあるやっしまい 
5傷つけしまうしみ気に入り変えられれ 
5しししい慣れるかかり慣れるし外せなりハマり残り 
1使え 
5撒く出来降り枯れし 
4し買えるなり助かり変わっおり慣れるかかり 
1されしまっ書き直し知らされしいただけ届かしつけくださいしし入るされい思い楽しむししれされるしてるし届いなり取り消しいただき取り消せ言われしし 
3しできしかかり 
4取付けなり寄るなり取付けしおかしくるあり 
2出しだす知り 
3目立たつき 
4聴けある思いする違う出しまい 
5使っい落とし壊れし使い慣れ思い使っでき 
4い使われしできれある 
1固まり使っいし固まら戻し 
4しある思う見よおもい 
3しあり打っ出るでき 
1合わある思い食べ吐くなりなり連れ行く変えください言われるあげよ思い 
1されいするささら使え驚いい噛み合い分かりしいるなっしまい 
1手間取っしある出来れ繋がるわから読み外れしい繋がっ通じ 
4履くなり置いおくなるなる使っなくなり 
1買っ届き買っ 
1し感じられ吸わなり向いいるしれ 
1し返せ返せ 
3あるおもう考える違うあるしおりなっなっいるならする動くいえかかってるせおれすれ思われる 
1しくださいされ持っい使っいされありしください出するするなり諦め思え 
5使っいる壊れし驚き離れい聴こえなるできるできるしし使え 
1受けし盗まれおくりすてかいし 
3し入っ観られるしい 
1見買いぼやけ見買い換え 
3なっさせる使いこなせある思う出来ありする示される 
4詰め替えできる買い行くでき落とせさせ頂き 
1し出来しある出来できる 
5なってる見なり 
4持っいなっきするつけ思い 
3抜けなるし 
1受け付け届いてる送っしき送られきし届くし待っ届き届け思っ教えるできる教え 
1見い出い思う出 
1書かれいるしき触っ 
1しできしいただく求めくる 
1上げいなり限りあり含んいる思っいしなりつけください 
1動かしなる聞こえ 
3使っいるしまっいるさせしまっ間違えししまっするありいれおい使わいじっい効か思っいしたっありかしくれる 
3塗ってる分かるあっし塗っ塗っ付か湿思っ塗っ塗りなら 
5買い行くしいしいるわかり 
5変わらやれるくる思い 
3繋がりやり感じ見見ある見終わっする思い 
5贈っ喜ばれし 
4出しいるさせ頂きし振り回すし取れなるこもりかんじし思いなっいるなり書いあり 
3する縮むあっ着いるし変わりしし思い解けい思う思い 
1し書いあり気に入ら言われ聞いい 
3あっい 
5なり助けられてるし 
5し持っくれできるなりひ読めるなっひ貼っ覚えくれ言えるなり似持っくれるなりなっし 
4使っ見つかる使っわから包まれいる変わり 
1しくださいされ持っい使っいされありしください出するするなり諦め思え 
3知られいするぼやけ疲れるなりし送り込め起こらできめくりなり設けいるわから読め放り投げるまえ試しみるある思い読みし戻り 
1しいなっ知ら届い強めしいなくなっい出しやめよ思い 
3しあるわかり 
1しなっししまうできるし出来 
5探しいされいする入っ送られき 
1漏れられい使いするししされあり 
3無くなっしまい使うやめよ思っい 
1当たり使えし 
1貼り付け剥がれ飛んいっしまい言っすぎ剥がれ荒れいるあり付く裏切られ 
3おっしゃっいるするなら貼る間違え貼り直そめくっなっ入るなっ貼り直しし 
1使っいるすぎ見え 
3ある思っ 
1書いて潰れてなっされ入れる 
1冷まし動かなりし試しともすいわ思いとり 
4しいうししできる感じられ言うされいる感じ変わら持て使い込んす終わっしまうさせいただき 
4なっなりされしありなりいっなる出くる除くする頑張れなるあり比べるなっい頑張れ出来る怠れする出来するありし挑むあり楽しめ出すあり 
3し 
3破あり繰りやっしまっ思われ言われる受けとり促し 
2届きあり 
2間違え買う補っいこ 
4まとめしありするくださいしありししなっありするするなり問い合わせ 
2取り付け入れしはいらしもらえる届い入っい壊れてる送っ壊れ入らなり違っ有り 
4違う変わっしまっあり言われる見見出きおおっ出しまっする欠かすでき 
1買いするする入れる使え 
5しい使い持ちつく見かけしし崩れある嵩張ら上回るし 
2割れるなっ漏れる戻しもらい戻しもらえ買い続け 
1されでき出来いできある思いしください 
3知り思い照らすすぎ見る凝らすあり見留め差し込んい過ぎ抜けいるありしおい外れしまいし貰い 
4読ませるしきれい言っなる読み込ん込められするつく言っ 
4つけいする向いいる思いつけるし思い 
4見る使え分かりある応じしし 
2感じし 
1過ぎ飲みずらい買わ 
1見るするかかわらできいあり見る溜めるなりある押す行えるあるかかわらする効かしいるかかわらしいするする感じる巻き戻しあるし見しい巻き戻そし巻き戻せ見る戻し待たならし巻き戻しなる巻き戻してる訪れ見襲い巻き戻せある押し開くなる押ししいる誘いあるとどめ刺されし押す戻るする押そし並んいる押し戻るある見るなるありし見る向いありしすぎ使っい使えすぎしし 
2なってるわかし買うありかなっ 
1する入れ写し選び 
5使っい使っい違いしつけ乾かすわかる思い出会う居なれ思っいしでき 
1見られし付け付け書け付け 
5なっなら考えられ作られてるおもわさられる 
4できある買え 
5しなっ買う考えられ思い 
1始まっ進めるなり使っ返しください 
4基づい見る教えくれる含む間違えしまうしいしいる思われるしとらわれる基づきしよ呼びかけいる基づきされいる立ち上げ行っき伴っ加えいるされ異なるしいるなっしよしよ思っする感じし犯さ心掛ける活かしいき感じ引き込まれるでき 
2限ら変わり過ぎしよ思わしなっ 
1ししみし買っする思いし読ん判りしいししいるいなりししまっしし 
1貼ろ思っ買っ張り付いくれすぎる貼っみよ 
3買っ点かなっしすれし来すれ思い使い続け戻っ殴り壊れしなり生きいるしし読めししみしよ使って使っ入れ読んしししなっいるしまくっ使えるなり変わりしみよ思いしなっしまっし届き付けられい届い手間取り陥りならしみ使っいるできするし壊れししあれせしみるし 
4書きあり減りある 
5買っ遊んいあり使い使っいある知れ見目だっくれる思い 
4気に入っ届いあり出いる思い聞き取り言われるあり優れいる思い 
4し買えるあり 
1通し擦る聞こえる 
4使い始めし使えしつかっ使えあるしれ 
4なっい減っ聞こえ効かし待っ届かし待っい払い分から支払え思っい届い思うなっ見しよ思い 
2合っいる思い込みし使っい変え使っい 
4しできるなっい満た動かなっしまいし指し直し動き待つ動いくれる困り壊れししまい 
3溶かす思っ入れなっ落ちされる落ち思い 
3落とし聞いい読ん蘇っき 
5できる生まれししい決めいるし足し来るし来るできる足しつい出来る撒いしまう踏んしいる慣れはい 
4感じ 
3まとめ観いる観 
1されいうわからあるする繰り返すしみされできるされ変えいはじまり分けし試しみするかかれさせるし聞いきするしなる隠すしする達しされ飛ばしするしよするするなりくお分けしする書いあっ分けしされるつまみさせるできる使わする行えるあるとばすしいるされるされ 
1されでき出来いできある思いしください 
5取り付けし選び見ししするあり消し押しできしすれ切れる役立ち映し出されいる見わかりするしれ 
1買っし減る減る溜まるなるなるやめなっやめられしあげ勝ち負けししまいすぎ放っおい残っ攻めいくい分から乗っ増やす思い行うするなりなっさせ割れるありされ諦める見る諦めるなるされできでき作らいただき残る 
4しし 
3読んある異なる伝えしれ 
5あたら取れ 
5感じおり引き続き無くなり考え思い 
1するあるいたしし抜けしおらいたしあり 
1くっつか載せる倒れなり 
1関わらなっなっありししくれ要しさせいただき 
5入れいある思っい動いいししよ思い 
2ししれおらつながっいる違うある触れられいるされすぎいるある述べするあるできる表すがかっしわけるある考えある書いて思わ持ついる言われおりあるある示すあるかかわら見おり分かれる使われるし優れいるいれいるがかっできるしなり疑う 
1する構わ使えする聞い思い浮かぶいうする構わし買って合わせし出来るす 
2されるあっしあっできやっし開かできしさせするできしするするする入っいする入れし閉じるする入っいする入れし閉じしする直りするする使えなり開くされいる関わらされいされ繰り返し直りし入れし入っいる使っいし直り使っいする治る知れするしいるし入れ直し直っ思われしししまい気に入っいし願い 
2作っ塗りかけ押しつけかけはがれ思っ縫い直し持ち耐えれるき作る使っ剥がれるかけるなる 
1やり過ぎ荒らし尽くし引っ張り出されされ推し頑張っ見えすぎるし懲り関わってなりさせれ思い潰されるなっしまい目立たし作っし 
4すぎるしありされる見おく思い 
1しくださいもっし 
2比べ 
3したちつきなるありつい落ち落とし落とさししいすれなり言う取っあげれ戻りしししいありするし思いするする思い使っ余ってる思いつかするありでき使えできしすれ思い 
1あり貯まりししいしやるある組んするあり行きし待つししいる気に入らしき思え 
3読んて読んみ決まっいる 
1捉えまとめ過ぎ捉えすぎる読むなくなり見るあるすぎる比べる違っいる感じ亡くなっ亡くなる失われる踏まえ考える見えくる異なっあるなれなる失われいく出来 
3できわかり 
3しい超えし起こっあり比べる劣るししあり 
5する出くる思い乗り越えれ居出きあるする盛り上る付き思いあり繰り返ししてれねっなっしまう思い 
1入っしいるしでるなりするさせいただき 
3ししくれするなっしまいしれ使えい食べしまうしいい 
1使っ壊れ壊れ出し 
3出し見ししてできいし引っかかっちゃっ入り入り笑い絡み合ってし 
4在り否め 
3書いあるしすれたつ思う 
1しされなりししくれ回され問い合わせし送っくれ言われ送っでき 
1すれ分から言っ流れ繰り返し読ん試し切り替わる 
4しなり迷い使える漏れるし使い 
4使って減らしなくなら無くなっ買い 
2しもらえれしされする 
4い取っし済み撒かれいし落ちい流せし 
5増えいする買わいけ思う 
5閉め寝しまう起きいししいる鳴るし置きしみるなっいき目覚める出来いなっい聞ける聞いいる 
1するしし有りされいる関わらされするし役に立た 
1しよしし変わる 
1入れ使うし飛ぶ持っい揺れるし 
2あいておちしまうついてるふせげ 
1気付く置い使お開ける届いし違う届く疑ってしい送り出来する届いいるし 
3産まれ使っみし当たる切り調べ試し出来しまい引っ掻かれし 
5しいしいるひきしきらせ 
2書かれ知ら思っ買っ買い直しとり聞き 
2買っいかから気に入ら 
1つぶれ立ち開け買わ 
2しい間違え買っしまい使い慣れいる手間取っしまいなる出す張り見る言ういる使う思い 
3楽しむ見ならす 
2すぎる書けるわから 
3思い続いいるあるいるししあり消され褒め称える求められ言っいる思え続けいくあるあり騙せ 
1できなりしいる 
2ありする入り込むさせくれるくれ引きし感じい溢れる読もしいいいやらせくれる知ら教えくれる奢っもらう生じる触れい出きいするできる呆れしまい思いついし過ぎ読んみし感じ夢見るなっしまう 
1あっ買っする使う買う辞め問い合わせれしくれるいえ過ぎるつけください 
3外れなっ入れするつく目立っ揺れ動く入れしなら 
1曲がらし入ら取れ買っし要ら 
1見い出い思う出 
1思いなりなっし剥がし 
1できせ買う買う勧めし 
3しみ 
5買わあれ臭わ捨てられ入れ使っい 
1過ぎ窪み入ら加える曲がっしまいし 
4なっしあり使いこなせるすれ困る 
3ありなっいる貼り付け送っくれれ入っくる着くやぶけい潰れいし纏わせ送っこられ感じ持ちしい 
2上回る変えしまうなっいやり戦わせ許せしする覚え言われる思いし売れるわかりやっ出こ 
4買うしいし届いし買いたそ見なっい食べいる吐か置きし気に入っい飽き食いなっふりかけあげれ食べ売っもらえる 
4すいあわせ持ち 
5観し経っできさせられ進む持てし出い入る 
2見つからなっし思い 
4やっいしハマっ 
3読ん泣いしまっ読み言え 
1するある死になっいく死ぬかかる与えるなり居居なる遊ば教えくれいるし避けられあっ死ん避けられわから言っくれ死んしかかっ疲れ煽られしかけしまっし 
5楽しめし 
4飲め有る 
5弄り使っい 
5気に入っいるいいし捨てる出会え 
1しなり買う控え思い 
5届き取り付け取り付け落ちいしいいりしいし出来変えるでき 
3し届い飲むためらっいる広がり入れ感じる飲み込め固め包ん飲んしまえあり 
2するしされいる思いし取り付けする向か撮る出来回し取り付ける向いくれるなっし成り出しゃばりすぎするししまいしついし止める動いしまい備え黙っ続けくれる頑張っくれなるしされる消えくれ思っしまい 
1入れ付け思っできし 
4溶け入れ溶けるなりなる 
5まとめられい入っくるするわかる 
1やって買っ買い落ちするわかり消えるなっ当てられるふざけすぎ飛ん足り買わ買っ 
4居る違うむさぼり食いつき切らす混ぜる食い 
2し入っき書いあり入っいる曲がっい出いし作っ思え外し削り窪み引っかからなりしいる外ししれ売っいる思っ 
1貼り直し歌っいる貼り直す取れなり貼り直ししいただき 
4置ける言え飛ばされる置いしいる 
4探しい届い思っいかん取り付け出来 
1ししやるするあり 
4ししこだわり使っきし見る取れしいするすぎる試しみ書き込み比べるかかる書き込めありししいる歪んいる分かりししいするあり書き込んありありありあり消え使いしよ考えいしする急がなっ狙う 
1遅れる思いされい書いありしありされるあり問い合わせ書いいるする求め書いあるたまっあり 
1し語ってるわから出し間違え間違え外さ思う間違えるし思いなってるできいる語っ思うなり 
1し壊れ撮っされなり消す出来なり出来移す出来助かり 
1入れ使うし飛ぶ持っい揺れるし 
5挙げいるみきなりしみ寝寝繰り返すたまっ繰り返しいし覚め戻るしい 
1しし掛からししよしされいで取っされいいっやろっ出しいしもらえ進んい勧めし起きしし促しあっし取りし言う思い間違っ届いあるしい誤言わおもい起こっしまとめさせる起きつきとめる見つけ出すするする抱えるなっいる仰っい出来てやろしくれありし取り戻すし願い 
4持ち 
1使っみ見られ効い感じ 
3思っ行きしし思いし進ん思うするかかりする思う持ちサボり持つ 
3なり気がつい無くなり有る落とししまい目立つある見えなり 
3勝っ負け打ち変わる 
1しできい見当たら出しまいし待っくださいほったらかししれいき 
3できしし太らせしまっ痩せるでき 
1され送っくる 
3開けし思いするし臭わ思い譲っし使い続ける 
3有りしいされきしいるしい調べしいるされ起こらし 
2あるし読むある慣れいるなっ引けるいかまたぎ引くやっし諦め入れしでき持つ感じられなりしよし繋がっい繋がらなり借りるなり思い 
1倒れ取れ付け直そ思い覗いみ折れするし使い残し捨て 
4渇い飲みなり 
5使っい塗るししみ塗っし 
3する促され達しい描いなっいあり 
4使い消え買わ 
1出来取る来 
4ある有りしあり 
2活かせる学べるしし 
2起こししいる起こせしし出いなり起こし起こし逃れられ 
1考えいるやめありされるなっなっいしする合わせしししよ思っいしされしまい使っい買う撮っする買っいけし買いし 
3して加え出来るし除け感じられされいさせなっなりしいるしかかってるししまうしてしい感じる感じられやる買っ出来るなっしあり感じられ含めされいしれ 
4あっしなっき思っ使っい 
5買えするわから買い替え 
3しい使い 
1拭き取っ取り付けかかわら剥がれしまいなり 
5乗っい入れ見代わりしなりする書いあっ見思い 
4よれなり失っなり生きる出来すぎ 
2合わ使っおり 
5眠れしい 
5し貼り付けしまうしならしいくれるなりいく思い 
3しい壊れしししし続けき壊れし落ち助かりし経っなっあり 
2来しなるあるするしください出できれなりなるしし思い 
2思っ使い使う 
1し剥がれる諦めし 
4貼り気に入り付けてるわかり 
1知らしなっいみあり 
1知っいあるあり話しなり買っみ読む困っ思うあり売り行っしまい買っし 
5付けるくしなっする出来 
1するかけしよ思いし愛しやましし使っなら決めすぎ読んいめくり引くやりさし売れ読む向かしありすぎる思いできるいる買い動い見使っ読み行き着きしいでき 
4し飲み思いししい 
4使わ入ってる貼れ慣れてしれ 
2ししい触れ使えるなくなり出してるししいる困っい壊れしし貰え壊れるしある買い 
3持っ出来する使わなっしまいしなっししある誤し閉じできされわかりなりしれしまおするとける立てかけよするきれる起こりし読み落とせできる買う買う思い 
1壊れてし 
3しわから見替えわから裏返ししい増え感じし 
5洗え買う抜けるれるかかる 
3なりしししい無くなりし 
1要する入れ与える作られいある耐えしまうやめられなっしまい似いる思いしよしいるいっ捨て進めしまっしいるあり楽しんいる思い楽しんい向けされわかっいししいっ溢れる増え祈り 
2買い黄ばみ縮みなら 
5加えしあっ届いできるし使い使っい思い 
1され送っくる 
3合わせ買い剥がせ 
3し見思い出しウケしまいまい 
1塗り塗ら 
1攻め吹きし張れなるはろするしいく出来いするはる攻めいけしいくし積み重ねるある頑張っ張る過ごすなるし 
4言える気に入るある決め遊んみる勧めしまざっわかれるある思い言う見しき遊んみるいかでき遊んいこ思える遊んみ含め書いおきされるできる使いできる見作り上げるできる組むできできるできるできる続くされ言える繰り返す言われし入り込め考える言えするししするあり覚える増えるなるなる言っられなり楽しめるしするするししまうしれ目立っしまう変わり作りこみ見渡せるめぐり潰せるしい比べるしししできる思うなるできるできできるあり楽しめる思ういえしれ遊べるされおり奪われる作り上げるあり使っしまうする感じるしれ慣れ親しんいるしいるやるし感じなっしまい楽しめる楽しんください足り 
2入れ収まり閉める飛び出しきやっやりされ買っ使う思う違うしとけ見つからしされ 
1効きする 
3し贈り飽きみつけ戦い続ける 
2言っ言う出こやら 
3飲みある持ち持つ持ち感じ 
2書いいかかっしまい 
2するなるなっしまっ受け読み進め 
2しいらっしゃいししし買え 
2惹かれる思い 
1使い切っ吸わ向いて 
5合わせ作ってるしくれる使え買い見増え頑張っ下さい 
5し及ば見るせ進む見飽きぶっしてる作る漂う売りしぶつかりあっいある出いる見る感じさせ奏しいるある至る見ししあるしれ奏し見る考えしまう吹っ飛ぶ見れるされてる買うあり 
1出い思う読ま選ぶし 
2変わりあるできるし 
3続けるするわかり述べられい待っいるあげ望むする変わら出来上がっしまいする示しもらえ感じ思いし感じ操っいつまり知ら行っいるされいう繰り返し送り続けられされしまっしいる過ぎ望む得る書き換えるあり繰り返し送り続ける書き換えれ書き出し読み返すしするあり役に立たせよ言っするすれされるするでき呼ばれるせよ起こしいる挙げ役に立つ言い切っいする行っいる変えすれ違う得られる陥る書かれおり変え変わら言いわかり感じられ聞いみ思い書かれおりなるある思いできる取り入れ思う取り入れしいこ思い 
2開け飲んでき 
1されでき出来いできある思いしください 
4とるなっくる飲んいみ飲み始め飲んい飲みしれ 
4吹きししし使いしいある思いつきなる使い使いしある使いしつきなりし 
1しできしいただく求めくる 
2しい思っいなる上がっいる下がっいるあれしありし組み直しいるわかりいっつのり 
4感じなっすぎし剥がれなり剥がししし締め付けずれしまうあり締め付け回しいい思いする 
4消え出来 
1買っ引っ掛けし破れ使って持っ 
2壊れして慌てい使っ考えし下さい 
4ししいなりしいる取り替える 
5抑えてるすれなっ 
2すれ調べいみかけ持っ読んしいるされなっいるしい書かれいなら思っいるならいなるいするいわれしししいる書くかい書いい隠しいる変わりできなる探す見回る知らしする思っ書かれ役に立つ思えるあっしれ読む読むなり似役に立つしれ読ん上がっする終わる 
3し言えあっもてはやされ突いいる 
3しい行く考えれ来る思い 
4かく持っいき着替えいる透け畳める入るしいし着いわからあせある分かり 
4取り置きしい買う上げられしい上がっ考え 
4いえ諦めい出会い使っなり 
3出来いありあり見みし 
1考えいるやめありされるなっなっいしする合わせしししよ思っいしされしまい使っい買う撮っする買っいけし買いし 
1あわせなっい入れ届い使え使えるあわせさせ儲けいるあわせし 
3しいしい 
5試し思うっ感じしまい比べ作られいる感じ 
1過ぎ窪み入ら加える曲がっしまいし 
1し届いいなりされおらしし寄り付かなり使いなりし生えしされおら買い 
3ある思い飲んいるする感じ言う思い 
3しおれき有る思いある漏れおり漏れし覆う 
1教え頂き書きされい 
4し続けいくするするすれ考えいる読む思い読ま思いさせ思っいる読んするする見られししいい 
2しい思っいなる上がっいる下がっいるあれしありし組み直しいるわかりいっつのり 
1しついてひっかかっし 
1しでき困っい 
2しされなっい代えし 
1 
4し使えい 
5なり起きするなり違うあり住み合わさ出き使ってる空い渇いし入れし歩き回らししされる思いある出てるわからついてるありされし考える上げいけ凍りつくありしされいし迷っ冷やしかけするできわかりし変えれるし 
5しする起きしし残し見る変える拭き取りし降っする弾いし 
1なりつながる繋がらなるしなるありし変えしいある思い 
5しし見る間違っいしあるしなりし語り思わししまうあり分かりありあるありありゆうゆう思い決まるすぎ疲れしい遊べ飛ん登っするあり解きありできる進む思い思い楽しめる考えられ思い出くるなる 
1され送っくる 
1見買えいう載せ見思う見て買わ 
2し聴いいる聴くなる出る聴く入れ有り繋い見見る感じられ替わり聴けるし思われる見る流しくれれ見る生まれる有り使うし頂けれ 
3思い見ほわかりすすぎ保つ言う 
3買っ点かなっしすれし来すれ思い使い続け戻っ殴り壊れしなり生きいるしし読めししみしよ使って使っ入れ読んしししなっいるしまくっ使えるなり変わりしみよ思いしなっしまっし届き付けられい届い手間取り陥りならしみ使っいるできするし壊れししあれせしみるし 
1要する入れ与える作られいある耐えしまうやめられなっしまい似いる思いしよしいるいっ捨て進めしまっしいるあり楽しんいる思い楽しんい向けされわかっいししいっ溢れる増え祈り 
5寝かせ込む磨く思い沿っ合う磨き 
2ある送るやめ 
5わかりしい外させ洗えるしいならし 
3し使いちがっ 
5しい引き出し敷い取り替え臭い飛び散りなる変え 
1あるしれしみついあり 
5加えくれ光る観 
3洗え考えるあげるあっあり 
5飼ってるしし飲ませる 
3し黄ばみ取り使え 
1有る訴える鑑みる聞く持たするあるする有るわから有る探っあっ使いする有っ知っし取る見る触る出来し売る売りする歌っいるしおかいけ考え考え思うするするする逃れる出来せしいる送る行ういけされいる有ろ取れれ分かってさせいる言い言いしさせかすめる有る許さしい見極めいく分かり思う使うするでき行わ有り載せ買っし買い換え笑えるしするおっかねなる向かう 
2出き効き買う調べ 
3入れし 
1なっ疑う見かけるなっしれ取り入れすぎい 
1頼んしもらっ買っされて買い 
2買おししなりし届いし戻し 
3勝つする見 
1わからつけつけ変わらまとまら出 
4使い優れ止まっしまう 
1しいしし入れくっつい落ち怒られ出し買い失い 
1漏れてる気付か受け取り汚れしい 
5使い買っ落ち着き 
5捨てる捨てい開ける臭っ入れ捨てるし臭わなり使っい 
3書いある働く築き言われれ思い刺さりさせもらってる買っ思っいある思える刺さる思い 
1使っいなくなっ買い出来し外れ 
2なっしまっ 
3言えしれ湿されし言える 
3干し観観し 
1 
2使っいしし買い感じし 
3し上がっ感じある 
2聞き入る聞きなくなり聞き探し分かり慣れれ 
3する見るある折り合う読ん読ん届か食わ基づいする受けいるいる下回るし受け起きいる説く基づくされとる答える受けする与え答えさせかかろするわかっいる受け封じ基づき答えさせる嫌う変わら感じられ興ざめ出くるある語られるいっししまっ下回る負けるしいる言っおけ引く出しき読んされされ見直す勧めしやらしみなる説くみえる 
1かかっ待たされしい間に合わさせいただき 
4観つまら思っい 
5漏れ慣れき届く買っい 
1取らできし 
2 
3効くかかり 
1届か買っしたっこししきさせ貰い遅れありするありしできしてるしなる思っできされ思い来いっし買え思い 
5言いなっい入れ替え見知ら楽しめる描かれおり変え変えいる見知っいる楽しめなっしあり加えしおりいける終わらせる 
4使っなりなら 
4しいる思うあるならいけ感じ 
1し取り消すなっいなってる来しまうさせられ出しもらい 
5試し落ち着きち洗う落とせなり織のびしまい増え比べるでる買っしい比べ買え助かっい 
4するできる持て続けられ衰えでき見できれできるしするさせるでき思う 
2外し考えし抜こ痛める思い外し買い違い曲がっい思い 
1使えるし動かし 
5し飲まれる 
2持っしている驚くいうするあるししかり流しかける思うする見下ししてる付くくさし言ってる 
1外しする外し見える狙っ目掛け戻っ 
2買いしよし出来しい買うしください 
2く感じられ読んでる思いしいう響く響か 
4使っいのかいわからなっき思う 
5組み合わされいとる使え使え 
3無くなり書き使い 
3させられっすぎ観るししまいし見てるされなっなっし疲れ見られし 
4し始め動かしみるなりしい挿し換えるなっ思い含め使っ遭っしい 
4しい切れ考えいできるあれ探しい見つけ張りできる思え思い異なる勧め 
1し届いしいされおりされしし開く 
2ハマっしまう塗る楽しめる詰まっいる思いたまる盛り込まれいるなる撃ち合うなりやられする倒し映し出されるなっい繰り返す行う見するあるするししまっ生き残ってる映すあっ思っしまい行う入れるしなるできされ行う含め行っいるされいしみ倒し煽っいる見いなりする勝ちし負けししいるありし下がらなっい勝て居なる負ける萎えしいる言えしいる思っしまいししおっしゃっ勝てあり減っいる偏っなるあり見笑っしまい頑張り負けする 
1しい届いあっしもらい 
2買い思い買い換えあり付く並べれ違う見分かり付い着けしいしい変わっ入れ使っ思い釣り合う 
5出来る言っ塗り付け濯ぐしおきし課する分かるなろ思い思い 
3しいさせもらい出書いいできる出来入り切りでき出来るでき動き上回りされ買わ 
3できいしいいたっ 
1起こしい作れさせる 
1買えしよ思っ 
1買っさせるしし経っされしされされし遅れいる分から経っされ苦しみなるさせられかかるする届く引っ込めいら抱かせる思い贈り贈るさせられ考えいただき 
1聞こえ使えなりし 
4いう飲むさせるし思い使う下げれ上がりできる 
2出来曲がっしまう有り出来い 
4使っ使っつけてる怒られなり 
5合わせしできし聞いししよ迷いしし落とし壊れしまく落としありいかし見言っい持っいく 
1できでき繰り返すでき買わ 
2使っいなり分かれいるしみ合わ 
3使え 
3し入れ焼くしい消しおりなっしいしいいう 
3し繰り返しきやっい書かれいこなさ作れ持て 
5付き重なり分かり支えるわかり 
2へこんでる変えこんでるかしください 
1取れしまい行っしまい止められなっし送っ 
4する役立ち 
1つなが調べ 
5する買う待っ買われる 
2飲み続けるつけ下さい 
1入っい換えはがれはがれるはがす思い 
5する買い置いしいる 
2出来いし得られしできい出思う行っいるし飲み笑われる 
1され送っくる 
1捉えまとめ過ぎ捉えすぎる読むなくなり見るあるすぎる比べる違っいる感じ亡くなっ亡くなる失われる踏まえ考える見えくる異なっあるなれなる失われいく出来 
4し弾ける助けしくれ冷やしいけいなるしき 
4関わる書かれい見せる活かせる 
3入っ開いいこぼれい置き置いこぼれいる引っ掛けられ開か思う開いい思いつけください 
1やらせしまちがえししまい使っみよ思い聞けれしれ付け 
1剥がれなっしまうあっ買うでき入っいなくなっしまう 
3しはがれ始め剥がれる剥がれある剥がれる剥がれ消え 
1できする買わなら返せ 
2し開いで待たされるなっしいただけついししい使う感じいる 
4焦り受け取れ助かり 
5あっ困ら欠かさおいい 
1せし売る 
2とれてるし使って戻し 
4買っいる飲んき試し飲み飲むすぎ飲み込む出しまい冷やせ 
5認め合う知り助け合いなれる思い知らなり 
4しならなる遅れ 
1買わつくし 
4入るなら聴き気に入っ 
1ついてる事足り買わ 
4し 
1動かなり変え 
1されでき出来いできある思いしください 
4見受けられるめくられるすり減りあり 
4買えありしい 
2買っ比べ劣る使っい違うあるしれ合い 
4買うししい言うありするなる思いししまうなっしまいしいるくち剥がれしまい 
2するするし開くする開い開か開いし思っ回し開く開いしまっ開い隠すするされる動く動いしまい付いおり外れなっい遊んい感じる感じる計り知れ思い戻り図っいただき 
1変わっわから合わつけしいるし果たしいる開け 
1されいできしなっす 
5使い押さえくれ 
1変えるある集まる集めるできる読ん気づい集まっいるなっいる 
5するしいしされいるついいる応じ使い分けるでき覚えられ気に入り 
3しすぎできし入りきらめくり使うし 
5壊れ気に入っ 
5比べ思うなるあるすれするあるあれする 
3使っいるできなりし壊れるある 
1しくださいもっし 
2し加わっあり割れい見分から分からしい凹み思いしい 
3置いい抑えられい無くなれ買い 
5剥がし貼りし思い 
3なる塗ら 
1ちぎれいされいしされ届い増える思いするししあり届いされてる 
5させ張らある接するわからでききするされなれ聞い読んあり高まり引け読み進む引く減っき使われるしきいるいえる決められいある転がっいる富んいるのめり込む 
1かかっ待たされしい間に合わさせいただき 
1はまっ食べいあるしいる出始め見直すあり食べおり持つ食べる考え直しする呼ん出来いるし与えい使われい焼い蒸し煮し与え始め消え開け飛び付いちぎっ与えはじめ臭わ止まりしいか驚き話しし頂けありしなっ喜ん食べい欲しがるなり食べい食べ育て作られいる取れできる取り寄せかかるし与える減らしいある考えしあげ下さい 
4しし 
3付け剥がれくるある下げ 
1釣られしある読み終わっ書かれいる書かれいしいる書かれいしし書いある読んいる思えきなっされい思われるする読ん 
1するあるいたしし抜けしおらいたしあり 
5使え使いはがしはがせる 
1届いつぶれてする起き 
3書いあり当て固まっ言う当たっ思い買っ試し固まり思いしし思う 
4できるしいけ助かり 
4買え助かっ分かり 
5使い探しい見つけ言うあり買っし遊べいる思い終わっ挿しおけ 
4し見よ思っ無くなってやっしなっし 
1する下りあり待っ届きなっおりするされいされる考えいハマりするください買っし 
5ししあっ思っいできしつく貼る 
5飲み飽きしい 
1できししできわかりし 
1言わしいるできししししししすれつけ出来見られ訴えいる書い持た書かれいるしいるさせいる読む買っし 
1し誤できししされしまう押すしされるするできしいならし 
1し遊ぶわから買っいる買えなる引き落とされるしするたどり着く払い 
4しくれありでくる言う行っ捕るする行く待ちし守るあっ作る分かり持っする過ぎな埋め込まれおりしいる読ん載っいすれ叫んいるしかかっ出終わりし帰っ読む眠るできるできる 
4持ち歩いい飲みきれなっしい 
3なっし使お買い 
2あるし着しれ思い着思いしおりしおりしおり着しわから起き乾くできいありし続けれされるしれ見出せし留まり分かり着るきれ思い吸わ言わ得 
1言われできなり 
5使いし 
4見れる出来しする出来しよするされる分から見れ起きいる出来おりしい使えなるするなる出来るし 
1買っ知らなってして届いて問い合わせしろされ答えられ言っ帰っこ認めい送られるしされあっ売り付け思われされいるしてるいる 
1あり出合わある思われ 
4なっ使える使わあり言っ使う使うなっ使う出すなり使わできるあるし言え効いある思いし言われるするやっいる買っ書きでき買っおくできする 
1あり挿し取り出せなり取り出す押し込ん効か抜きしできするししれ 
4作り忘れ使っいし 
1しなっいしありするあり 
1買い替え合わせ買い満た使えなり目立っしてるされなり流ししまう 
1し取り消すなっいなってる来しまうさせられ出しもらい 
1し飼い近づいこなりくするなりしれ 
5飲み始めあるし思い 
3使っあり外れしまいいうできい使っ出るいる思う 
5止まら捨てし壊れ入れる考え散らばりし貼り冷やしすれしかけ済む 
2書かれいるされ迷うしできされすれできしされこなしでき使わ得買い使わついくるし使う含めし 
2買っしし買っ 
1出来取る来 
3出来る助かり思い取り付けされいるなりするありできるありしい見取り付け始めししし取り付けし諦めしまういる思い収まる目立たしできなくしでき差し込み貼る取り付けるでき 
3使いできしれでき 
4ししし渡せる 
3 
2打つ食べる呼ばれる使うしおりする使っしまう出るいたし消すできなっしまいするしなり傾けるししまう聞き取れなっしまっやめ引くし掛けられ付けれしれ出ならなるあり 
3しいされい送らせいただき届けられある届けられししいあるみられ取りつけみしみ届けられ見られ求める思いしつけ見られする閉める求めいし開いするあるい起こししししい慣れされいるやっしまう使っいれできるししまうありしできるついいなるし言い減らさせいただい届けられ持っいえできるつながるしください 
1買っこし使え返せ思う 
2しいうなっしせし気に入っ使っいし出し使っみなり作っ買っいら 
1しなっいしありするあり 
1入っ思っ貼っ剥がれき 
2しあるして入ってるさらっ塗り落ちる 
4なり頼ん得られあり組みつけ思い外すありあり述べする考えられ 
1壊れしまっなくなりするかぶれなりししまい使っい使っみ使わ使える思っい入ら入ってるしれなっしまい取り出す出来使っ入れ使えるしれ使っき入ってし使え入れみ取り出す取る伸びあられなっ入れ使え入れ取り出せる思い 
1 
4汚れい付け替えるししよ考え出会いしするずれるくっつい引っ張っ 
1思い感じられし感じられ冷やし飲むしれ感じられ感じる合わしれ 
5比べ思い気に入っい 
1なっ疑う見かけるなっしれ取り入れすぎい 
3し変わらなっいる出来 
5使っいなっきするしかけ合ってしし 
4弱めある飲み 
2持っいしするもたつきある勧めし 
1驚き使え驚き使え 
5あがり入れるされるならなるしい 
1かかりかかっ分から贈りしつけ 
1やりこもする向きするすぎ晒されされ追い込まれ消され残しやめよする許しこだわっいる受け持ち続ける受ける出会いされるくださいし許されるよっきい始めるしれ 
5する 
2書いいかかっしまい 
3するなくなり買っあげるし 
1付いい付いいしいる使うなら使っいる買う 
3して入れしするしいしし 
4書かれいる思うししされいる違いしわからし思い 
2しでき助かりありさせ読み込むしする開かせよであるわからしするしありされでき困っい 
2思っ消え 
1思う回しいる止まり固まりするありし動かすしし動き出さ買い換える思うなり 
2使い始めし買い換える考えるし思い 
1届い遊べするなりしなおら切っみししなりふざけんなっ 
4飛ばされるしし立ち上げする言われる落ち着い戻り立ち上げなおす飛ばされされなりするするなっするなっ抱えいるしできる 
1雇っいる尋ねありあるせ落とし運んきし落としいる開いいあり思い浮かびし使っ頂き 
3考える感じしみよ思い開けよし開き 
2取り外す考え買い張り付いいる剥がれ買う 
1しなり買う控え思い 
1ずれいしよする切れいかかるしし勧めし 
5考えい過ぎるしいありするわから思いならつかっい取れぶら下がっいるあっわかる 
3しいるありいう開いいる足り積み重ねとかされいる支えきれつぶれ入っくるあり来入っ 
1し枯れ言え撒い枯れし 
1し剥がれる諦めし 
2上がり比べる驚くなり思っし直し見比べなくなり上がっいいりし呼びかける押す 
5しあっ比べる合わし買わ比べる劣り考える求め思い買うし載せおきなる待っし 
3貼るずれ取れしし 
5売っ困っい入っ助かり売れい決め使い思い 
1変わら入れ思い 
3言うあるありする言っしれ 
3覆う買いされできする入りなりする入りなり包む立ち思っい扱いついいる 
1気に入っ聴いいありし観し観終わっわから観 
3行なっいなっ剃り残しなっしまいさせいただきできる使っみでき洗い流すし落ちる使い懲り居なら思い残しおき 
1壊れしまっ 
3使いしいる引きし使い切っあっ感じ使う勧めいたし 
4使っい出 
4強め使っいる重ねるよれしまうよれるくすん見えるしいら気に入っしい入れるし 
3続けみ思い 
2届き隠しあっ 
5溶け使い飲む使い分けいありできしれ 
4出しいる遊べ 
4なり買っみある思い 
4され使えいしれ出いあっしすれ 
1入っい潰れい潰れいる見る潰れしいる言っする値し買い 
4入り役立つある思い読ん思い 
4すれる落ちはまるいい 
1されでき出来いできある思いしください 
1書いある治し知りし過ぎなり 
1ありすぎするしいできるなっ使わ 
2付いいるするしれ書かれい載っい感じ 
3やっできあり触るし使いっ外れい思っ違う差し込ん締めれ直せ外れいされいる緩んいるあり使う抜けはまっ取れなるあり使う締め知れ曲がっ 
1しできるししとれあるとれ思っ 
5助かり 
1しきしいる惑わされ思いすぎ詰まるありでき 
4付いいるし被さりありできるされおり剥がすし使っい比べれ取り替えられるなり 
1しい届けくれる思っ思っいいなり見なっいる気がつき比べる上がっきてしい 
2見せられ入れ 
1しあり得 
4しいるなっいしいる回っいるし止まるなり 
1遅れる思いされい書いありしありされるあり問い合わせ書いいるする求め書いあるたまっあり 
1する見し経ってされしからいうしいししいるしもらい知りしてる捕まえください出来るあるしてされる続け 
1されし鳴りでき 
3し取り付けられ使えい 
1取れしまい行っしまい止められなっし送っ 
4有り出来 
5出来比べし 
5こなせする着けるでき 
1遠ざかっい読むなり買え思っい調べられるはまりやれ出来るしれ壊れ出来はまら思い使っい 
2ししまっしいる吸い取っい取り除くする残っしまわ思っ飛び散る残ってる届い入れ替え 
2ありしみる行っしまっ 
2出来取る 
5ばれならし見おけし思い出しい 
1すぎ詰まりかけ死ぬ思い割っしください 
2しいなっいたしなっおりあっ思っしなりなりすぎ思いなるしいる比べ思うあり調べみる考えるし思い 
1しされし取り付けしいるし選んいしする思っ違う試ししし取り付け回っ止まるし切っ回っ掛からしいるし掛かるしいるし問い合わせ問い合わせしすぎる断る思えされいる寝入りしいけ 
1見比べれ思いしすぎ使っい感じるあっ使うありすぎ使う使われるされ放っするしいるなっ偏っされるし求められい推し進め受けい潰ししまっ 
1されしまっ書き直し知らされしいただけ届かしつけくださいしし入るされい思い楽しむししれされるしてるし届いなり取り消しいただき取り消せ言われしし 
2し上げ行う抜けしありえ起こるしれ 
1付け勝ち続けれししなる載っけとき買う出し 
3遊び出しい 
2かく使っみ効き入れる使い効か入れありしよるしれ 
2なりしい替え変えしくれ 
1し刺さり刺さる刺さらありし刺さらしいる送っ貰えしいるしいただき思いかかわらしいさせいただき 
2使いし泡立て落ちしい無くなっし詰め替えある見使え落ち 
1なり倒しし回る歩くし繰り返す調べ起きおり壊れししいただきし頂ける願っしおきししし 
3買っ合わ使っみ使っ分から入っいる抜け使えなっ下げ 
4思っいはみ出できるありはがれ 
4見られるでき遅れいるなりずれいる見いるなり 
1感じなりあり吸っくる 
5しい助かる知ら読みし 
5焼き付け下さい始まっしし因ん残り思っ闘い思っ観い伝わっき残っ書いし見せくれ言わ計れる買っしみ知れなら聞い解りし違いなり崇めるいるする出してるい観き知ら見来てる驚き出来るし来てる思いすげ思いいっ分け与えてしし 
3届き締め付けずれ締め付けすぎる壊しかね外し入っいる入っいあるありしいるなりでき試しい使える思い 
4見えるあり 
3切らし探しい見つけしみ比べ馴染ませる潤っいる傷みまくっいる無くなっ戻り 
1送りまにあう 
2入っい入っいし入っいするし 
5試させいただき見る売れ思うしい 
1入れ消えまくっし扱ってる消える集めし消える困っいる 
4行くなるし置いてる来してあり 
3張り剥がしできあまり 
2し鳴り響き慌て止め 
3買い足しいらしなっ外れ残り 
4しし気づいする講じ 
3やっみよし消す気に入れすぎつかめ変えくれ感じ 
1できるしある使いはじめしいただき取り出せなり 
2いるしみよ買っみ好ん食べなり頼む戻しくれ言われ戻す残ってるしもらい 
5使っし付いいる切れ 
3しいるし使っ出まとまりするする 
1しついてひっかかっし 
1されいするささら使え驚いい噛み合い分かりしいるなっしまい 
4すぎ飲んなり飲みし飲むするでき飲み忘れしまう 
5ししい手伝っい探して出来る見つけしみ負けしまうなっありし 
3使っい有り上がっくるなるなる上げる使う勧めし行く使い分けい 
2しいなる効き使い始めなっしすぎ思っなっ考えし願い 
1する読みあっ合わせ動かす合わするしい当てられ作っ合わせしいけ沿っさせなるするできいしいけ陥りする反するなるし行っ繰り返す反ししなるあり書く読む読ん費やされる減らすしおきありする移り出覚えあっされ 
1し 
2使えるなりあげるあり 
2気に入らし使わなっしまい飛び散りおもっ 
1使っいるしれ舞っし付き当たるし見えなり出来取り除い戴きなり 
1しよつけよいける書かれいしかかわらされおら剥がれあっやり直し 
5増え出る届けもらう飲ませる出来るしい 
1変え嫌がるなっ磨い 
5作れ作り作れ作る使い問い合わせし入れ出来い控え考えいるなれ思い 
2しなくなりされてる下さい 
4使えおり比べ考え思い冷えしなり思い 
1向けして下げ比べなっおりありし売りしてする欠けるししまっ飛び交っ変わっ溢れ出る出来るあっしなっ終わり迎えい整わし売る売る出来し追いつけあり遊べ遊べる出来でき思い 
5楽しむあっ 
5塗れなり欠かせ買えるなっし 
1するできる映らなっししまっ乱れする求める 
1作り任せし出来し 
5貼る減り 
3しいる変わっいでき 
5かき使っいついする使ったつ消え目立つなり着替える嗅ぐいし思い試しなら諦めかけい知り見させいただき効く疑い悩んいしみ届い使っみし塗っなっし悩み続けてでき思い遊ぶし使っする過ごせ使っいき思い 
2取り換えししまいぼやけなっ付け替え気がつか 
1ありされいるするなっ使えなる外ししやり直さならなっしまい映る 
1買っ飛んいきなって思っしめ外れ飛んいく 
1ししし届いさせ頂きあり見えする驚くなり作っしいる使えるありしれつけいなっ黄ばみししまっしよ思いしし使え届く思い考えられいる応じ選ん思いし変わっありされる買わ思い 
3違うわからしてかわら 
1やって買っ買い落ちするわかり消えるなっ当てられるふざけすぎ飛ん足り買わ買っ 
3助かる思う 
1読めいき書いあるしすぎいるし 
5使う塗っ濡らし打たれ濡らす 
4ある崩れしまい起きれ続いい使い出し戻るなり出出来る出来るついくれるさせ作れある眠るつけ直さいけ冷めしまうあり考える整え試しみ思い 
5あり使い買っはまり 
2届きしとれい走っいる読み取れ剥がれき出出すきしみでなっできる走るズレいき映っいるなっしまいし剥がれき貼っししまっし使っい 
1き 
4飲ん言って例えしみ合っし嗅がし飲み込んし混ぜ薄め飲みきれ 
4使え潤い勧め 
2凹むあっ破れいしわからし届い破れいえなる避け 
3あり篭る慣れいるし思っい 
1しいし変え出なっ思っい 
5取り付けるできなりなるしできるつけ言う 
4し 
1されいれされされい持た行かする届ける持つ 
3し変われ飽きき 
1曲がっ抜けなり持ち外れ刺さっなり 
2するしありいき取り出せ入れる効かなりつまん引っ張り出すなりある考えるする使いして考えるあり 
1ありすぎ飲み続ける出来思い 
4しき返せある言える付いいる抜けする選ぶある貼られいわから取り出しし引いしはがせ 
2しい届か楽しめうたってる載せ分けししれ 
5思い 
1剥がし減っ思いし過ぎ剥がせ出しでき剥がせ要し取れ言い送られき思え 
3されいするされい 
2減らしみ落としみ付き買えしれ 
4分かり借り行く省け 
1外しする外し見える狙っ目掛け戻っ 
1され申し込ん届いし使っいえされ使っさせ頂き思っ使っみもっいするいえし思うある思うあっする使っなるなっい思われるあっある使うしおき 
3なり持ち思っ思い持ちし拭き取り 
1ししいありありなっいししなら分かり 
5やっいししやっいしやっみよできなりし買い据えやる入っいあっ思うし立て掛けおい使い出しき使うできししいる楽しむできる問わ使うでき使える限られはきするあれ楽しめるされおりされい使う楽しめいっみれ使え経っし続ける持っいる頷けなる思い弾けるし着いするしれされおりされいる感じいただきいただき加えいただけれ 
5置いありしし経つ消え入るしなりあるし割れるある違うあるあるあっ見されいなるある寝かせ出来る載せいる入るみせかけいるし置いあるある入れしまえ入れ閉め挟まら離れ割れる買っいる使い探し倒し入れあり入ら表しい見もらう置い分ける届か出来る転がる入れる落ちるあり入れる空きするしくれ思うある作るある入るある出せなるあれし下さい分かるしみ 
4履いいるししい使い始めされ思い 
5し取り付けできなり生きいられ 
2はがれしまっはがれる覚えはがれ 
4思う言っ分かり 
1図っやり込めやり込む見えきし買わ 
1試みやっ止まっしまう入れなおし分からするすれ 
2ある異なり入れ抜けなり抜く引っ掛け引き出さならする使えある売る 
5思っいのせ塗り伸ばせある伸ばせ乗せ 
1できる使っきできしいる使い分けしいるでき聞き有るもらえ繋がっ思われる調べいくせしいる繋がら有る繋ぐししい言え掴まされしし有るしいるいできるする控える勧めし 
1しいるすぎしよ思う辞めしいるしなりさせられされ返し 
5やっい遠ざかっいやれしみ違っされるありあり組め組めしいる手伝っくれ上がっしまっし取られる終わり合わせできる教えくれ怒らあり終わっ帰っやるやりあり 
1すぎなるできるし 
4考えい見なるする 
5あり思い付け入れみる違う喜んくれ置いある違う無くなりし 
5するでき買いありしきあっ買っ作っする思いなる気に入っくれいるしい言えするし 
3繰り返しなっおり出いるある違うある思う読む 
4言う気に入っ聞かなる解らしいし育っしれ言え行っしまい言えする知っいる知ら言う勧め出いるする踏み込んなっおり売れ思っしまいするし入っいるおもい使っいし落とし消える見しれすぎ慣れる掛かるすぎる驚き作っ書いあっ読み直すし越える染み見習っ見終わっなり読んくれ 
4見い映らなり見えい比べしい思いしたまるしれ言われいあり来る読むありするかかり落としすれかいされい開く消える残っし 
1書かれいるしき触っ 
4しありし 
1する入るされある持ちする入らあっ切り替えられるししまっ 
2書かれてる読ん行われいる思うなりあるする思いなるするわからなっしまいなり知ら思い読んいる読むなっき違う違う知るし 
3出すしわかり 
5臭っかい匂いぬりぬりしおけなら買っ思い 
3するし破れ破れし思い思いできるすれ助かりなるおもい 
5使っい数えみ入っいし始め判ら 
1かかっ待たされしい間に合わさせいただき 
2走っ温まっくる入りなる走る入りなるだれしてる思う乗ってる 
5しでき 
4するいっ入れおい飲んい 
3なり買えるなっあり見使っいる持つあたる溶けいわかりし下げさせいただき 
4探しいしいる使え挿しつなぎ入れるされる選びしつなぐ使われいるしいしいる使え変えるするできされされい読み取れ比べるされする思いついおりされい拾っいされ思いでき撮れる見つけするしもらいいじっ試すあっし思い貼り付け這わせ 
4ある 
1しするされでき問い合わせるされいるおこなわれいる盗まれするされ求めされされされいるしろ言われいるできしまう思う起こっ踏まえ避けるし問い合わせするあっしされできいただき得られなるやめ 
1し消え失い 
5使うしい使い 
5決まっいる入れしまうせできなら落ちいる思いし思い 
1しみ感じされしししし進み出来る願い 
5しし知らするできる知っいしし行っ儲けるでき省くできしするし返しかまわ出すできし 
1入れ付け思っできし 
1買っ届き買っ届き届い持ち調べみる売られいる比べ持ち書いある買っ思っ使っしまうでき 
3思い吸っくれる思い使う考える使え使っいする代えすっくれる使えい 
1する丸まる貼り付け 
2扱っいるしおり使っいる開い漏れ出しいる気づいなっしまわし拭きできるしする付いししまう開いしまうし寝かせい買っ戻しできる入れ替えいし使い続ける思う 
3わから作っ来聞い買いはき 
1しあっ言っある買う買っ 
4するなっ追われ張っとまっ役に立た付けるする追い払える取り付けみとまる防ぐする減り落ちいる無くなり嫌がっいるあり 
4込めしされいる拭き増しでしならされいるするし逃げしまうされいるしみ込ませ塗りありし拭きするついいるしれ愛しいるするある拭きつき 
1消えししまうしされなり消え消すでき買っしめくりする買い 
2受け取るかかりし頂き感じ 
5されし済みあれ省ける 
3なっいる思われしい買い足しなっいしれ防ぐ落ちい変えるあれ 
4死ぬ生きるつむぎだす考えさせられる生きいる感じ 
4読み返しみ読ん引き戻される読める 
5し比べしい使えい 
1遅れる思いされい書いありしありされるあり問い合わせ書いいるする求め書いあるたまっあり 
1しよしし変わる 
3帰っくる臭う使っい取れる気に入っい使っあり 
4し着い触っみ感じるかざし見る透けなっい減っいる思う感じなくなっい着れる買う着思いなっい言え勧め 
2比べる詰め替えし弱めいるしれ詰め替えしさせ思いある感じられ無くなる使い詰め替え買い 
4置いいる効きしついいしいある使い助かっい 
1薄めいる違う詰め替えいるいじっしいる 
5思い 
2すすめられし食べし食べくれし 
1買ってる買っでき付けください買っいできし 
2しいし 
1しある楽しめる思っ 
4やるし楽しむ 
1抜い刺ししししできかけ有る送れ送る有っしできするししてるでき止まるしでき外れ当たっなりし言う 
1使っしてるいうすぎ触っ押ししまう使っ疲れるちゃっいくありすべりもたつくいうつく使っすぎでき慣れ掴んするするもっならしみ遅れ動き出すし試しみ言っ買っけちっ貯めるある買っ言いやる考えてるし捨てるなり 
1思う御座いつけ出しき 
2売れ分からししまい分かりし頂ける有り 
5試しなるなくなり使うしくれ使っなり 
5せ入れ見綴じ嵩張り入れ破れあり買っいなる切り替え 
2上がる見えるある 
3見間違える持っするされできるなっ買っ思い思っしいるかすれい飛びするあり見えし読むでき考えてる向いい割り切るありなる送りするするする戻っしまうあり持ち送りできるできれ考えられて引こしし分から出きすれされ調べるし助かりでき気付いあれしいき 
5食べあっししするある 
1やらせしまちがえししまい使っみよ思い聞けれしれ付け 
1しいしいる使われ増やし変わっい気付か焦っ 
5書きしおり無くなりしし 
3知らして 
2するあり入れしまうしきあり詰め込めなり出回っい下さい書かれいるされ超えされされるしい割り切って買うあり受けしまわ下さい 
1見比べれ思いしすぎ使っい感じるあっ使うありすぎ使う使われるされ放っするしいるなっ偏っされるし求められい推し進め受けい潰ししまっ 
3使っいとどいい使う考えおら買っ思っ困りし付け思い 
2強め注い割っしし飲んいる比べる飲む変わらなっいる変えみなり 
5使って汚れ買い替え 
1開いみ驚きされい驚き読んい待ちかねいしい思っすぎ思っし入っ楽しめる思い思っされるしされ 
2なれしみ感じられしあり思い 
5買っされ待っ迷わ買い替えできる迷い使っしおきなりなっ読みなりなりされ思い寝る付いいる寝できるなりあり使っい使っし使う無くなるできるなりなる感じる読ま選ぶ選ぶ迷う思い狙っ買える受け思いなるしい比べするされい分かっいされ買っおい思うし思いされ近づい思いされれしされ思う思い 
1し贈っ読まれ盗まれあるするし思いされされぶ捨てだせわきし思いし 
4し続け読んい読ん違う 
2作っし使わ飲み飲ん感じ 
3よる貼るする増えしまいでき貼る思い役立つ 
1取し 
1壊れいる使え出使え 
1売っ出 
1しきしいる惑わされ思いすぎ詰まるありでき 
1し誤できししされしまう押すしされるするできしいならし 
1買っもらえ遊ぶ憧れあり迷っい合わせしし知ら遊べるしできするあっしい思いしいやめよやめよ思う書かれい勝っしまうあり重ねるされ負けする信じられ怒り狂っしまうなりでき捉えある悩んい見る感じいるいある思い言いありし打ち込めなる学べる考えい遊んいし立ち回れする考えよ努め観ししなれできる思っ向き合おすれする折られるいうきしまうしみよする試すされ終わっしまうしししまうあれ勝っしまうあるしれしいる感じられ考えるする学ぶ成り立た成り立た産み楽しめるなれ仰る思い考えい握るしてる帰り言っ打ち込もする思いするされいるする縛り付ける憧れ 
1し伸び使い 
2割れい分かり 
1続けなり書かせもらい開い破けいる止め送られきしいる悩みしくれ 
2なる飛んあり捨てすぎし思う収めあり過ぎる言っ頑張っください 
1しおり試すなっき落ち 
1されいししせなっしまいでき 
1すぎしし 
1取れる困る使うやめ凹んい使いなっいる押し押し押し込んいるし使うやめある思い 
3するできでき出ししまう見るできしてるでき 
4減っしまう替えある取替え 
3ある聞いしある思えしある生じしありある思いある 
4する使っ伸ばさ使うし使える伸ばし使う感じしいるされいる落ちる使い薄め使っ取り付け 
1 
1壊れしまっなくなりするかぶれなりししまい使っい使っみ使わ使える思っい入ら入ってるしれなっしまい取り出す出来使っ入れ使えるしれ使っき入ってし使え入れみ取り出す取る伸びあられなっ入れ使え入れ取り出せる思い 
1買っこし使え返せ思う 
2される入っい焦らされる待つし呼ばれるなりし遊べ思っ下さいやりする遊び書いおき入り始める決めいけなっい選んしまう払わ出来選ぶししまう選ぶ溢れいありなるある思い覚えおい下さいありし思っ下さい比べ遭う考え頂い構いありされ出来るされいする増えるなっ考えい居感じきし見れ分かる思い選ぶ書き分かりありなれ 
2吹きつけ繰り返さ落ち剥がれしまい作っ落とせるしする勧めし返せ 
5付いおり思い隠すあり損なうししいし 
1試しいる思わ 
3どり感じる思いなる比べるこみ作りこみ言いありあり作りこみ負けいしいる楽しめる遊ぶ保てる楽しめる思い違う遊びしいる観保てる見せかけいるこだわら遊び作りこまれいる選んなれ 
4使っいなっしまい乗り換え切り替え使っい出くわししおりされしいるいえつもありしされするできしなら増やしする使えし行うあり書いおきしされいるしされるなりかん出来するし選び選べされされなり間違っさせするでき使うできるなる減らせる 
1書いすぎたまるしてる驚き決まっ決まっ勝っつまら感じるなりやるしいやってるなり 
1出来し出来するされできされし 
1しい開いい取れいる重ね使っいる 
1読みすぎ聞いられ見る 
4上がっなり使いなっき思いけしあり 
1くっつか載せる倒れなり 
1付いさらされる有り取り外すなるするししれ膨らんいるし燃えしくれ思っい頑張っいるあるしい 
2してる適しいつまみ効いおり使われ 
4なっしまう 
2ある変えよ悩んいる 
4凹みしよし合わしし外れされ判ら 
4なる黄ばみ落ちなっしいえ使い始め使い思い 
3あっ使っいる入りなっきすぎ聞い 
1飼い困りし聞くもたし寝い向け入れ聞こえる鳴っいしいる光っい思うあり返し怒 
1しい壊れ過ぎもっいるだしてるすぎあり出せ壊れすぎだすでき買っ出しいる切れするしいる 
2買いしみ経っ枯れくれなっいるあり撒く思い 
1かかりかかっ分から贈りしつけ 
2し行っいされい外し曲がっい役に立ち抜く叩き込む抜け取れしまい差し込み直り行い出来し薦めれる 
2買っ動かし冷ます動かす動かなる冷やす止まるしよ 
3飲んいなっい考えしし見飲み込む流し込ま引っかかっし付け飲むしいつかえ薦められする思いしい 
2わかりしあり 
1受け付けし贈る出来困っ居講じ受け入れし 
5汗じみなくなり売れてるあるし 
1ししできできいる変えしし使っいる知れ 
1届きしやっみしつけ 
3しい汚れいる思い入れみわかり減っ読み変わっい思い求めありあれ思っいしする入れ注ぎすぎ入り入れ待っ入れ待っ繰り返さなら入れ終わるかかっし 
5覚え使う 
4使うするししい 
1されしよ読み取る出来思い試みるでき試しし 
2あたる仕上げ嫌がら嫌がるなっしまい 
5し開いみ思うあっ入る作っみなるし作っみ 
1わからなる 
1し映らなり繰り返すなっ過ぎいなら 
1し入れ出会っありし使い始めなり使いするあり 
1受け付けし贈る出来困っ居講じ受け入れし 
2しなっ変わら乗っしみ 
1でき出来なっいし 
2使っばらつき溶け凍っ凍っし買っ 
3使え 
2ありなる 
3思っあり使え思い思い 
5聞いいしい思わされ 
1間違えししまっ出来 
2ししあるしするししするするよるあり願うあり 
2使っみ付い来使えなる 
5付ける戻れきし切れ考える思い 
1買っ届き買っ 
1塗り塗ら 
3含め薦めいる買っ差し込ん払い思っ誤るおこすありしおり含むあるしくださいし近づけるするあり切っ抜きあけしくださいあけいれくださいしおり含むあるしください切っ抜きあけしくださいあけ入れください切っする書かれいるしいるし 
2伴いでき乗り換え開くなり進まあり出開くなりなら書いあるある使え組ん使わ行く乗り切れるいかしい 
2やってる歩き出す考えすぎる出すしちゃっ買っしてるし取り寄せ壊れる出すし 
4使える買っ思えできる 
5頼まれし切れしし助かり 
1馴れ親しみやりしあり掛かり見い溜まり 
5のびるいる考え読んい買っし買っおいのびる傷つけちゃう合って切り買っおい 
3曇っしまっするできるわかっいる思われする 
2動かしする考えられ思う 
3し 
2見合わ見受けられあるしいる見しいか置い行かれしれ選ばれ分からできる思い出来るし加え 
1入れあり持っ帰るしなり持っきくれるし買い行っ思い持つ開いい破れし 
4しいたんせい死んうん飲ん抱い書かれてる 
2入れくれ入っ使っある剥がしするし使わいけ 
2過ぎ生きる言いなる生き生き渡るあっし考えれなる過ぎ並べる足り 
4破けなおし張っし 
1しいるし 
1入れる出来で受け付け有りし拭いしいる 
1返し騙されし書き伝え買えし 
1できるありししできできしよるできし 
2でき届いし出すするやっ折れ出き入れ直しあっ比べみる折れる曲がっいなるかけみ出るなりする使えるしい思い使えしあり得思い 
3ある続け見 
3飲めいれ飲んみ飲めるなり飲んい 
3変えする思う促す 
4しいおり買うあり思い 
2無くししでき慣れしれ 
1払わされなる煽るするならさせられる例えるなっ負ける取っ勝てなっあるしおらしいる楽しみでき 
3見書い出し祈り 
5入ら聞き求めるでき覆う蒸し蒸しし失いなら 
5使い喜んい 
1しみ感じされしししし進み出来る願い 
1し枯れ言え撒い枯れし 
4見てる見かなっされるいえ見しおき 
2見つけ調べれ 
2見つからなっし思い 
1いける思っわからしなっ消し 
1なり 
5買い遊んい繋げ見せし倒し 
1差し掛かる忘れされおりし思う 
1ししなっつかえみありしし送っできるいわれ行っくれ行こ思い返っこされいるいる買わ思い 
1解りする気づい届いし残る 
5異なる違う観る思っい観る聞いある行き知ら観驚く泣いしまい買い行き歌えるなり広まっする伝わる動かし思い携わっししきれ知ら伝わる 
3買いしくれなっ戻し 
4入れ作ってるハマって買い使い終わっ付くべたつき助かり 
5買い見みる買っ貰っ買っ貰っしい無くししまっ蘇りある思い見せ行こ思っい 
1壊れ選ん詰まりする思い 
4使い 
1遅れる思いされい書いありしありされるあり問い合わせ書いいるする求め書いあるたまっあり 
5しい産まれしいくつく聞くくなる漏れる被れ 
3使っきいえ考えなっい読むするし消えされるし疲れめくる飛びし読みでき使っできする感じ持ち思い読み合わし使ってるありする読むさせ思いなるする見れありするし頂けれし気に入っ 
5あるし掘れしし 
1しされし取り付けしいるし選んいしする思っ違う試ししし取り付け回っ止まるし切っ回っ掛からしいるし掛かるしいるし問い合わせ問い合わせしすぎる断る思えされいる寝入りしいけ 
4頼まれ助かっ聞いい 
1しなっでき来る言っい来しなっいるできいう訴えるある 
2聞いし混ぜ飲んなりし目立つし感じられ飲んいる飲めするし思い 
3し解り描かれいすぎ合っいな重なり違っいまとまっ描いある指す違っいあっあり照らし合わせしいるなっしまいしもらい 
1書いすぎたまるしてる驚き決まっ決まっ勝っつまら感じるなりやるしいやってるなり 
1出来買っ出来みなっしまっなる 
2滑る滑っし 
3思っする救うし出来 
3しおりなっい飲め申し上げるなる思い飲め試しみるあり思い 
1取らできし 
5思っあげする感じるいる思いし消えわからなる 
1固まら固まらつい動き回る 
2気に入っしみ触っみしし持つなり書いいる持ち直しするなり 
3しでき 
2入れとれ取れ 
2しいつけしし 
5引い使っしみしまう敷けせ使っ持つあっ助かり 
2する書かれいるしいる思い覚め使えし寝かし運んでる来る 
5しいし汚れ言われしする言われしてる入れがるしい使っい 
1盗まれされしくれし問い合せいるかかわらされ使えしもらう問い合せしくれすぎる 
1すぎる使う読めなるする思われるし貼っい経しき言っ読みある思うある読み優れいるある貼っある読みする読む無くなる読みなる謳っいる 
5始め疲れなりしくれ 
2聞い向いい 
4つけ剥がれきありするついい伸ばし貼り付けしれ上がるし剥がれ使える思う助かり 
2有るかかる途切れる冷めるできる買っしいる途切れる 
3ある使っしまう 
5し出来買いなおしし 
5貼り思い置い吸い付く抜け貼れ貼り直し思い出す 
1消え持っ行きしもらいし 
3分かりしし 
2減っなっ 
1使うでき合わ死にしください使わ出る 
2するわからつかい使っいる 
3まとめ出来る解るする使っいる決まっい続くしろ言われれしれ迫られいる出しくれる助かるある 
1しいし変え出なっ思っい 
4やっいるなる思い 
1あるしれなら聴くできしできし考えるかわら 
5し使っいできる並べしいしし撮り思い 
2受け取るかかりし頂き感じ 
1するできる映らなっししまっ乱れする求める 
2受け取るかかりし頂き感じ 
5有っ入れしてわからあっ出する有るし 
1しし掛からししよしされいで取っされいいっやろっ出しいしもらえ進んい勧めし起きしし促しあっし取りし言う思い間違っ届いあるしい誤言わおもい起こっしまとめさせる起きつきとめる見つけ出すするする抱えるなっいる仰っい出来てやろしくれありし取り戻すし願い 
4しこなせ書いあり驚かされなる頷け話しするしする思いしなさいしなさい言わなっいありなっ現れくるしする 
2感じなっ出しまい変わっしする残っいる考える思いするあり残さ思い経っ使える 
3使い慣れい使えかん 
1できるししいるしおいとらすし 
4し生えき生えくるしなり残っしなり拭き取りやりすぎ剃っいしいなり生え使い続けみわかり続けいこ思い置きすぎる乾いしまう拭き取りなりされいる 
4楽しん 
3当たる上がっこあり入れ置く入れいなり起こし使い切っしまう入れ置け入れ出来 
3されてる付いてし比べる聞き取りなりえる思っ買っ聴き比べし言ってる言われる向いて思う聞こえる聞くしれいう入っしまうついてる荒め買っ疲れるしくれされいるなり入りでき思ってる使う思い 
5経なり立ち向かうあるされするありなら入っいく思う 
3吹き出しすぎ付き 
5飲むしする適しいる思い 
5しいるできいるし見るしできいるしおさまるする使っいるせよできいる 
1 
4よみ分かりされい生きいる続け考えなおそ気づき得られるでくる読む残るかわる思い 
1しできしいただく求めくる 
1なる出来る 
4もっいし 
1ありされいるするなっ使えなる外ししやり直さならなっしまい映る 
1思いなりなっし剥がし 
2しい毛羽立つあたる腫れる変え見違えるなっ 
1受けし盗まれおくりすてかいし 
3言え分かりし頂けれ 
4優れいる望むちがうし 
2あり混じっししまう 
1見すれ落ち込んいすがる読みならしいでき枯れ 
3あるわかり飲ま噛ん崩し割れる割る入れしまえ割れる飲み書かれいしすぎつけ割っとがっなっひっかかれるあっ 
5するし楽しむでき遊ぶ思い 
4ししし書き滑りあり入ら貼れ押し出そ抜け反り返っいる思われししいるしいる考え思いする 
4でき助かり生える生えし 
1振りかけみ感じ 
4見かけるなっ飲んき試すし保ち飲む感じおりし飲み保ち覚える感じ入れ注い飲ん思い 
1しするされでき問い合わせるされいるおこなわれいる盗まれするされ求めされされされいるしろ言われいるできしまう思う起こっ踏まえ避けるし問い合わせするあっしされできいただき得られなるやめ 
1受けし盗まれおくりすてかいし 
5入っいる切っ結んできるかからしなら 
3使っい変えし裂けしまい洗う洗っい裂け届い付け洗っい 
1食いつきなりし 
5出来気にいり 
5しできするできし 
1考えいし出来除け映っくれる映らできし選び使えありさせいただき 
1しされしいるし下さい 
5飲んいるかさばる買っ来る 
4なりつるし飲み込め飲み込もする感じる流し込む流し込む飲めでき続けみわから思うしてるし思い 
2入れいし続くできならしれしされしされ 
1入っいる壊れいする外すできできしまういっされしまうなりする使っ出きでき行うし 
1届い 
