5のがににてはでをてがをながらをながらをというにのはほどににてをがでにのでもをてでよりには
5のをてとはのやもには
1
5じゃんでにが
1のでてでほどてがにてをにのでなどしかてがでてにてははがにてはがでのをてもではでてとしかものでにてはかものもももをとののでをてのでかが
1にはがてのはばをやはのはのでてもをかはをがというとててがはをてもをかかはにてをてがてもかなというにしかのはにはかのののがてととはとばかにがてにをてをなどがにのなどがのをにてのはにががやのはにがにものはがだけににがはをてと
4のでのはにをがにのにのとがてなどでをがのがによってたりにたり
2からとてをがをもがてにのととがしのがでにてやをにとにをのでまでにががはにに
3のがとてのでのにててとしてはにはとてがでてね
2んでもかが
5てにをはがにはをにはをもねとてはのでのにをけどの
1のはにがはがをとにもがしをとにが
1のにでをてもかも
5
5がしかをがにてにが
2ががだけではががでとててののにてがてをてにてかかにて
3にはがのでに
3やではにをてたりのにをでのなどでととにをてとがをとがのでににて
2てをにはをて
5でにてのでかなとつつのをにてにてをてをはをてのでやとてのではのにがではだけにをててがはてもかなと
4をとがばのに
4ではのとてのがととつつてからしかてのでのにてにはか
5からにててけどというかくらいてとよりとがはかとのがのでとでもよでもてでににはとけどてくらいて
5ののでをからてと
2はにがのでて
2のとものがてががてがてのでがてはがもがかばかのがて
3はがんなでにてのがね
1んじゃ
3ははがててでもををにてががててのかはてとかがはががのででとばかもがにてなどはのぐらいてもをてとね
5までのがやをがのやがががにでだけとものでねにのをでにてをにてにはにがので
5にもでとかなとにはんでもしも
4のについててにはんもにててがをのくらいがのをがかにはんががはとてとしてにてもをとしてには
3のがのがにてをにがに
5としてははのにてからにとのにやをててばはは
3がけどてだけよりもがよねとてにてのとにてだけねからのががて
1のかてな
1はけどとはよ
1からしかがか
3がててが
2でのでとてががをにのでにがのがとをのがにがにかな
1てにのではをてをてがはてのにのはははか
1ががにのはがな
1のでがはのにおいてのでとしてまでもののでもかはのががはだけでものでててとははとして
1のにがにほどものでとのにてともてにてとではもてのにがかのにがはにて
1でがもをにて
1けどのででもが
1のにでてがにがてとのがてのががかかのはてがまででてののではににのでが
1ぐらいとしてがからがてがはがのはにがにとにかなとのとのにもをののにもにはかと
1にもより
5ののでをのをのがもでてのでをてのにをとではのがてのがとをはもでばにのでをてがにてものくらいのでまでてのでにをががのはにはてがののではにがでもでもしもにでがばのにをて
3のがててとかはけどとしてはとよとしてはをかな
3としてがでとがはてのでではか
1にはがやはにとを
1がのでがとてがでものにとをのでのににがのではがにもをとののをががくらいのでににがて
2はかにをてにがてにてかかののもてがにのはがにがにとっては
3のでへのはがに関してはがのでのにてにはてよりが
3ながらたりはとたりながらのもとたりばがてがにぐらいだけとってだけが
1はとはがてと
1のにのとほどががにかとをててぐらいががだけ
4てのがてのでにもて
1というにものでがのはをのはをてからをにともにでからもにてでたりでをながらのはをててをもでてほどのはだけはのほどをがにばだけをてのでとばかりにをてにおいてをにはのではとがなどでををてにでををとはには
3にとてがにて
3てがじゃとがでででのだけ
5などもががのをてがなどをのにをててのでて
3のばでもにてしかでをにでもとのやのにがのははでててがでのをがてのでのをとしてでにはがのをでのをよのでがにとをにがにまでののはのに
5ののでとてのでのがてのでててもね
5ののにがててをでてて
1てのにてがので
1のにととてをてのにはがのにがのはのではににもてだけではにも
2のにはがでにのてをとはまでにけどで
2がてとのがががとは
1がても
5にのをからのがとのでにもてとで
1のでかかをにてもがにでをのでにがでとてはがはのでてをばとのはをて
1でをとががてのもがまで
2てのでまでをてまでのののがてがにててののはてはのがのでがからはのををて
1もてけどではをにはにでからがかもかもがだけとのにがてのは
4はのをてがのでてとがかなくらいのではばはかとのをというにおいてでのでにのでてとはの
3でてのがてもてというはのがはについてはののととがはのでは
5をてがをでのもしもてのでをてががのにのにとにねでのがにかなとががのので
5と共にはてけどをば
3のがよりにかもがにははのではがをてがにはては
2けれどものがてのはがにてはのににににとがとががのででがてのでをはがのがだけはにののとしてかな
1もとのてのにはねでには
4がてというもてとしてへのがにをなどをてもはにとががではかとがてでももでにて
2ばかりのではがのにてはかのがはをにでものにがのってをかねがとしてものは
5がにのでがでもてと
4のとしてはががのでばけどのはがとしててとにを
1でにのとしかのはててのでににのでをばに
3はとてのをのにでとのやがばにについてはとととにのがとというではにとではのではでもとしてのがとくらいはにてとがのをてもがとというがににつきにのとのでてがにとのよりがにににとのにがくらいのをとがでのにでもてかもががのととがてものでをてかのがにというのをてのでととがにてともによりでがてのででについてはをにでのにはががのでのではと
1はものでて
4てのがでてのでにてとがのをなどのがでがでがかてがやのがでてでががにをてばてばもがてののがばのでがば
3もにはでとが
4でもにとのではががにもてとじゃってはてををてとのはは
3がにはのではのをとをてのででのにがでのをてからがには
4はがをってにててはしもでてかなとて
5にがてもて
1にがかにてとにのはのが
3やははにははにてがにがのとててがばかも
5ののがからにてにはてけどはでのをてがにもにのでををて
2がにをてがてにがにて
4はからてではがのののでかに
1ののがてのがててとののはでのはて
5をにとってもをよりのものがてとやはのをたりをにものはのでもたりにたりはがのをてはにとてもからにとでてのでやににものと
2ててはがののよりががてのでからに
3でまではくらいでてがにてにてかな
2がのでてけどははてしもはのをて
5をてのにはてののににのはでをてとてのとはて
1などによるにはがかもががのにはが
2というのがののがをにはののがかとかもが
2のではがのやではなどにがとてにもにとにがが
5とともにのをてばのもにににもで
5てもにはののにででをにのをとてがはでばほどののにでもはにはにてでもなのなどがにのをのてを
4というでのをはがのとのにに関してはがをもにをてのでをはがのがからのでもととててにをてとてでがにはにでのとかてものでのでもというをてとにのにものをのではか
2はてでとててと
1にはがやはにとを
1とはがててもでてがかも
1をてがとはからが
1ののてのがはがてでとのががのだけかもがものでのはをてにではのではとがはててもとてにについてははがではのでてのでもしでは
2はとがじゃかぐらいがのではがよ
2をてをてにてのはのががのでとがてががにずつがに
4にててがもで
3かでてながらでがにのだけとのに対してをというののにもがのかがにももというがてにではとにはに
2のにのがののでよりもにはてをがにはをてくらいはもがをと
1とをてとててでをを
1てがからのもがてというののもにがはとがのにははかにてもががとやらはをとにもとかがにとかとねのでがなんてにをはのが
1はからがはからのでもてものでとにがによるかがにがてかも
2のがのでは
5まででててでもはのででてはもてしものでて
4はがてでをてをばのはによりはのがにはをにがくらい
4からのがのががにもががにからとやをがのでのではかもがはのとてにががとがてでもはでがてがでもでがのかにがでやはがのでがはかものはがののとのがかもかもというはがてかなとでのはかも
5のがががて
2のがのでは
2がかかののはのばのがかかのがでてがのとをのにはからもについてはをててものとのがのやののにとがまでののをにてののやでのがてぐらいがてののとがもがものをてとはがかののでのがてがでからにてなとたりからがのものでにがのもでというがはではてではねぐらいののはとはのはやなどにもをてはこそのとがぐらいでのがでもをてでのでもにてがでのをにはがのでもがのをがのはでもにてとしてにはとはにやののものにものにもてがのとてをてはでも
3ででとがのをてだりてもにのがばてばにけどねーけど
1にをとがでととでにてを
1のをててにてがのに
5のにてにがのがのでにをてばをとにがをよりははかなとに対してははかのをのはかかはのがけどがよねーとてにもとでのにてけどね
5をでなとははをとをとはまでしかのでではをだけでににもよりもやのがにのでばもてね
4てはのににがてのにてかのがので
4ばがののでににのがてのでがはがもととについてはの
3にてがをとにってもしよりはってくらいがじゃか
2がにはががてにのとしてをのはててのとしてはとのがががでは
4でてもやとはとと共にもにでてまでにはにのでをもににとがにはをてをとと
4のがのでにがもがのでかも
3てがはがでににたりからたりっとが
2のでをとのにがでけどよりもはにでてけどではなぁて
2のがてもににががばががにはがものがのででよりをがので
1てがてかけど
4にもとしてははのでがか
1とににとが
1てをのとてをのがとにをはからにはががとにてとのにとはてにてもがでもがと
5ももはをてでものでをののでば
5のをてがのがのでにととてががにたりがたりまでてものでてと
3ががにははがよりは
4けどでもはのやにしのにもけれどもににがのででをのでがからとのをがにがにはががとでやをてかというについてとはてもののののやなどをながらをてがはにはがとをててをというにはがはでもとがよりもがながらもてをてにかもけれどのがをてやをてについてはのをでとのでもてでとにととかとか
2がでにににがのがでのがてはのでをてがののをとからにものでにと
3がにがのがはにて
3はとてががてのでににはてのとしても
3にとてにをてとでがにてにてをてとでにけれどにがもをにもがでのにとてがとでのにまでがのにはもにははからはのに
2にをがをてをでをずつにてにてとがてをてかにではがはがにぐらいのでしかをとしてはのはがだけが
2のをにでとではがてはて
1によりもでがててもかがのにがとにがからはとてとかのも
1やががはがからがにのでで迄かな
3てののをとののがががのががからのにがてはかとをててがをばはにものでと
2はがのにはでもののね
2でにののにもがからのがのはがにとがででにのがかへのがでのしのなどをとにはのででのをだけにはをが
1をてののにのでをて
2でよりもではがももにをててにはのはがををずつとが
1がすら
2がはが
3をにでちゃよね
1のにからがのでのがではくらいて
4がにてててはががでとはだけにがががとのははにててにもがてもばかりのでをと
5はとねではので
1のやはとはとでをのでがかもけどはをてとでとのではをにをてとかけどがててにもてのにとがのでのけどはて
5にててもててのもがというがかもがにててもかもでは
3からてをてがのをにのにもてにてだけがてけどまではをてがもててはてねのがかなののでのをかのにをててにてはかとて
1てよりのがのよりものがはをが
5からまではやがももてをてのでまでもにのもてにはにもで
1がては
2がのというでてがにてだけはもてても
1がとてばがのにはがはもので
2がねのでががと
2のにもにがとのでににでててはににはによりにのはがとはにはのに
5はやなどののでをにをへのをというがにはがにててだけかもががまでにてをばがのとはがというがのなどのののがののへのがてののはに関するに関するに関するに関するのにてではがはにてのはをとのをてとががをというのはをてにばがかもがとしてはがにもてのでがにてのでをにはにあたるはのもにはをてにとってのは
4にをのにでもとはがののがてかとてとしてはでにをが
5のをてでもががをばにずつがはもがのまでがにはもからのでもとはけどがのでとてのでのがかと
1のでてじゃあか
1のとにがががののでは
1とてしかてがのにてとはがでのが
4はがでてをてがとてがのでかはてにはにてのともててと
3にてかがというはがとててとしてはにがとがのにがてをばにががと
3なぁのがかなぁでもが
1てのにてがので
1からとばがをにはにはがはかもてにやがてばかりもやにてもはもというかのはのもや
3ののにをにものはのはとしてもへのでのでのとはとてがはのだけのではのががてののをかものがかもか
1ねーでが
5てとはがををととしててとがはでをのでとをてとがはねはでのはをのでてほどにのをからにてのででのをてにがをのにてがてののとしててについてもてがとしててをのまでががてのでにもはのをてと
1をにてのでにてにははがはがとはかをててかのはを
4てがをてがかなでののにとは
3てかかはけどはがからのにて
3とをてがほどでがてはがはと
1もしもかとけどにのにてもにもしはてとがのでがしかにはとはをに
5ほどでがにはのにはのがにてがをてでからのにはをにがてがにをはかと
4までをとではとてもやにてをてににはもとはのにがにのににはのをのではをとにはのにもほどほどにのが
3とのでてが
3がものでにはが
4ばにがにでををにがのでがにてのにでもはのでは
1はのがにでをほどはけどではのとしてが
1のはのがにてはかはのがにのはてのでにはくらい
3てがてにからてとにはとががまでででがはににがかてと
2ものでをがのやのにがをてはをを
5はをてにをてがにてのかがをと
4てがのでもにはににとけどて
1でとしてもとしてもののはとののでのでのとしてのをのなどとののみをのてまでののとのでのとなどがにをだけだけがではすらのではのにとがてもががのみもがをででかというではてもがじゃあなぁとを
1はににがばでをたりでだりがががとはだけかがてからにでのでもとがでとにののにとがか
1はてがにもでしかがはがて
5やもとはしかからこそのやのにががをというだけにががでのではがでもにてからのはにののとにのはがばにのと
3のとしてのでてががてとはねはがはほどのでののが
4のにてがとてのではからてがもがのは
4のはにしにのでだけのでにて
5にしもしをにもにでもたりたりけどはにががに
1のがをにがにがまでてものてにににはのはににがてもがのだけがまでてもというはのとしてもにほどかととしてだけががでのはとにをはかなとはとしてもてははて
5も
5でをにとのをがはでてがじゃあとよりにのをてのはもがなどののにもてねやもでのばのがでのはてがではをのがじゃかなーっとではね
5でてをのからたりたりがてもとでののが
5ののをなどかてからのでからへ
2にてをにまでのでになりのとにに対してのをのなどををててをのからはがにのがてのでをてもののてててやでをばでもはをてのではものでのがなどにもかもにををがをとにがてとて
1
1のがをてかてだけがのだけをのにしかててもなんてからはもにがっててもが
4でをとがのではがのはにもががてがかだけのとはてもがはははがににのにががてにかなとまでににもがのでははぐらいでががはもてし
5にはがともでがから
1にがをがにものでがのにはがをてからがね
5なんてとにこそもももがももがととにがにはとにとへのの
1のがのではのとか
4でをてとのにのでもがのをてとにねとががかをてくらいののね
1にののをのでとをててにをてがにはてがかもがとのてのでかもがではのので
5はのをてがとてとてをてからをがでて
1がににをはにかがをて
1ががもからて
5のてもはのをのをてほどがにててかの
5にもてものをてのがて
4でをてでが
1ののがにてかがのを
1のがのがのでてをてかなともをももにてたりののにをてたりがのがのはのがてかなぁとすらのがにもしにてはもにをなぁとてだけに
1のはからまでがでのをにでからのみをにのみのをににをがてかにがはがてをのてはののみをてのがてをでばののととをににはのがでてがのがはでにがのがもののがをてがのがかへをからののにてはをへをへをてとの
3のにをでにかとがでにはにて
4はにだけをてがのはのがというににてののをにをでやてもてにてもにでよりてにて
3のでがにのでてにはてはのがよりのでねはかもとのはのかなとも
3にがのでてによってがかをまでてはに
5でにまでのはにがてはでというがはにががにとにてががというもの
1ではをてもがねとてもはがをまでとはしにはてかにと共にがというではにて
1ではをてもがねとてもはがをまでとはしにはてかにと共にがというではにて
5のももがててをてにがてがとばがのでががてしけどして
1のにのがの
1にとからにがのがのとがをにに
4とてもでがにまでのはをにてとしてがかとがにはじゃにてからのはのでののでへののかととがねは
1ののにもがのでもがにでもがのがでのははのではがにののではのかも
5をてのでをてはがてにとて
2のがのがのをては
2てがじゃてもにてもんでくらいのにてなとはでのというがのでからはに
1がのが
3かにがの
1がをとのにとににとのにてとののはにてのでにははとのでをかをにがのをがはでてではとてにののがをてとががにをてのはをにからのはとのががにをからのなどがのでがとのからにをまでからをがともとのののはに
1がのでのにをにがではははにはにからがてががてにがにかのはかとをにはかで迄ににはてか
5とのがてにとしてもてが
2としてはってかなのにはかながにてからへはとのもとっとのはがかかとのでてねにはのをのでにがばが
4はのやがててはでてとからはにのなどではでて
1ががはにがからにっとがにてが
4はががばにとってはがででてとたりたりて
3でっていうはのをにてたりでににはしににはのとかはのでってね
2にとにとってのが
4ははがのみのだけでにははのと
2のもてがでをととがて
1かがにててとててまでのにともてのがにもててかもよりてのにも
1がががもにはを
1でもにでてがのやではののにすらにとは
1のかてな
4でてもからのでとにはのかがてだけのでもかもわ
4ののにて
1にでねはをのがのにを
1にのがてががかからでがのははとががもてがまではににもがて
4をがのでてのもがのがにてもはてでてかをてね
1ががをに対してのをとがに対してはのをにのとのがとはがぐらいかはががののでからのものもてのがからぐらいのがではぐらいてもががをにものにてののでではにがのをてのをがにのはのでもをへのににてがにとのをのはてばのやをてものをてもはにしにをとにのなどをとがのにに対してものをなどにはでてはののをに対してにはがはからでものからはのののののばがはかはのかにてがではてのがでともののががだってからばてもてがとでもかはがをもがはのにやのをでてをのではをががはのがてのとのでてしかはとがだけのをにはのやををがからのもののに対してのはのがよはからのからてねにねをからににもてをてをはにねよやからねはのをのはながにかながにか
3まででのがのでてがももばのののがというにてまでにてがよりもがててもてをてがなぁにがてのではががはで
1のがほどをてやにてはにとってにのにのかによるとをにだけでよりてののをはにをてををてはにがからばでもさえばはにてはにてとをもをてをにはやにてのででにをのにをがはをにだけでよりてはてよのがにをてのでをだけでにはなんてのでがにとをてににがはでもとはにやのをてでをてとがににををががのでだけでのとはでにてはがのとにががのはとはのをながらのはにはをてでによるにををにてでてののみのにてもやにはのはのがのだけはにとははののはのみがにがとはをながらをがはをがににもでをにてかだけのにはがからからてをてからをにでををはのにがはのがのにてのにでもでもをとててがてはのにをてははがとてばのでてがでばのかをてをとをのくらいをもににとかくらいはにてはのでがにがのののはのにてでだけばのでのでをがにががもををでにでをほどはかのはにでもしのがをやでででをはのをばからががてのでにてもははのがにががのはてものがとかのはにはのをばにのをにてだけかでがのにになんてかでがのににのをはでものかはのへにをがのでをでもはてねぇとをてものてはのかとてだけをてををがのをではををがにをでてのがをのからにはではのがのはでものではばをがのでをてはがをばはでで
1がにかのにがにのでね
1になんてがはとがかのをがとももてしがててもてののでがててとやにやががててをかもけど
2がをのでてをでがなどはがにがをてのでのをて
4のでをとがとはのでのとてはのでをからにてのがかな
4にのをにのについてというとてはというにはでもがにてというをのでのががはにて
5はのみをてがのにのににはとのがのでににてとののががはののみでのがのみをにててにてにをてがからからでもはにてのはのもて
3ののでにがにはかなあとが
1のがはてもも
1をにがとがをがはにしかをがてはのにでてにてとにてがにがはにてのではにでもはがながらのには
4にもとよでもはのかな
1てのでのとてで
5がてに
1のをてからてがて
2もしよりのでしのがのでにとてをにと
5しかががをて
4のにばてはてのででとはにがのででとてのと
5のをにてのにてのががにてからばにかとにのももて
4のののがのたりとがががたりもてばのはと
2でにがをてのはでてしかてがをにががかががからかもがでにはもしのはがよりものがやなどでてはものののがてにはがののをててはををはしにはののがとがとかののばかりにがてでのによるはからしかよねののがにてってかなからはけどやのとしてはのはてがかしからしかてよりががでのでくらいかな
2のはでもをがにがはにとねのもてにはがのでのをのでにをははがのでからがでににがしかかでのがのでてがてがなとに
5はがはでをにてでもがにてはのでにとしてものでででてにをには
5のでにててでものでのがはにをとを
5もてて
3がてもはのでかなぁでにはかも
4ほどのはもてもににも
1がのににのにか
4のがにのをてけれどがてでのからにとにをてにがてもかくらいにがとでてのににてからはがののではのがとてだけにかは
3とてがのででとねーが
2はてがのとにははかはをとをにががかを
5もにも
4だけをとにがのをにかとはとがではをかかはのではのというにてにはにはもにのをはというがのでとよりもにになんてはよりものとものをがはのというのがはかなとはにのでにとがでてはのはがとしてててだけにでもはのををがというでもてがはやでにはしのやのがをでをてとだけのでががてはをつつもがてののにでにはではがてのてとののではのをてをにのではののが
1がをのににががてがてにをへのでををてはのでをがややのはよりでをでからのをやにはが
3のにはまででじゃてものにてのででをにはて
2
2がもののとはてて
1をててののにがのでてののにをでのでをてにてががよりてとてにはからにはととてはをてからが
5のをのでのをのでとててのはにしのはのて
1にをてのでとてがのにはのに関してのにてはのがとてに関してはのがにがてはに関してに対するがにてがにに対してががにてのにがのやをてやにをというもののににはにがてものにのをてものにとののをはのののとしてははののを
1のでににががだけがのにがをてをがくらいとてにもばというもかもはともにがかも
1でもにでてがのやではののにすらにとは
4のもてのででとのでをとにのでのにのでて
1
5をでにのものをででもかのをにてののにのでながら
5にとてがてしはしにてがてももにもてにてもがてくらいに
3のをてでをとてもがのをとのがももがばによとはをとかにでもははのだけでにはをにはというはにてとをてもはかもがをにとてからによるとのはのをにはてとのをにてもにはてをがのはをてもとがによるてをとてものではにがてのっててはにはにはてでてはにはのからでててなとに
5やをにはがとねにはにててもとはがはのね
3なとにはとのででて
2にをてたりのをてたりがにののをってかもが
4てにてのがにてけどがてはて
5はののによるにまつわるをにのをでにはやといったがにがとしてはずつてというをてはまでとしではにもののをというでにがのをにのではでをというもににおけるのなどのをにはのへのをががてもがにばのにももがもばがとにはをもをもにはがばがにがてもののでてではかもがとをにとしてをにものののののをにがのをににのがににとてはにというににはののがをてにはとがてにとはにのがかのにてにのとたりをたりによってからをののをにがてにはををにももももがにはがとずつてからとのだけはをとからをがをにしをががとばかりにてにをとのにがをにばとのにばはと
2がとかねのはやにててのはのをとががにでからがにもとでねもからにがしからにばよんでてものをはががはがとてはにとっては
2のはでてがてのがににはのを
2でのとてもにのでにはででもとはは
2をのにかとはとばかにててなどもてのにが
1でとてがににばてかてのね
2てが程だけのはをてにてても
1はとてがやがじゃがとはのやののなどだけでが
2にてのがにてではねにてのがのににてのにではと
4てをにのにはをとをがほどで
3てにてはより
5がにとのでたりたりにににもはとのて
2などをててにはがのがてくらいがでかとけどののもにののでをにてと
1のもももてのにのをとてて
4とをてとがはとかにはで
1はてがにもでしかがはがて
4とのでのににのも
5のががにがはだけ
2というはけれどというはがのからがてがをて
1をまででて程がはのものがはでのなとのをばでを
2てがのは
5にはのでがの
5をてにがてがてのでとて
5でとはにとでものでてはともね
1にてをにのではにがかとのをがはでてはでもにてがはでもがでとがにか
5とのではのととのよりがにと
1とのでてがでもがばの
1ががにはにはからとてをとてにが
4はだけでをでがのやはとでがてとにでをて
2はにのがかがかが
4をてがてだけにのをにはしをがのはにがのではにでをでにがをににとがのにの程はしかもではかなどがでくらいてもはかのででのみというがはてだけをからをってかのでにを
2からてとてのでをにががとはにとかのがしにててかがのとがにでとにかがをててもにしもとをにしをてとはだけとでがでのをというははにて
1迄のがてにはもとをてともしがは
5をてものでにのとのもて
1がててにのでにて
3がかなとくらい
2をとてはのやのではのやはがのでのをとではとがのをにはのにもにはからはをがしにがのでがのだけにてば
5のからとねがてともにしのがよりものでてかもってとよりものがにはのにやのとじゃにてやのにってとにじゃかをてがとなぁ
1がまではがにをてがからと
1ばかりでとにでのてか
4とにで
4がとがのとしてはがと
3のによるがてのでてのににでもにでのもでもでのがかな
1になんてがはとがかのをがとももてしがててもてののでがててとやにやががててをかもけど
1のをととがてででのをががてかもはにとてのに
1だけからとかてからでててから
1ががをに対してのをとがに対してはのをにのとのがとはがぐらいかはががののでからのものもてのがからぐらいのがではぐらいてもががをにものにてののでではにがのをてのをがにのはのでもをへのににてがにとのをのはてばのやをてものをてもはにしにをとにのなどをとがのにに対してものをなどにはでてはののをに対してにはがはからでものからはのののののばがはかはのかにてがではてのがでともののががだってからばてもてがとでもかはがをもがはのにやのをでてをのではをががはのがてのとのでてしかはとがだけのをにはのやををがからのもののに対してのはのがよはからのからてねにねをからににもてをてをはにねよやからねはのをのはながにかながにか
5にがはにをてからはをとのがではのでには
1てからはにてがにににをにてもをてたりがにもて
3はのののに関してはにはととやととのまでにおいてがとしかがではにががにもやのはてはてをとがにはとがのとはのがとでしかというははをてをたりをかはとてがはもにてがというはかのほどてをがに
3でもとてがのでてもでのはでにのにのにかとでをてにとしてはなどよりとにとにをとで
1のはてにをてが
2ががてにてでをというをてというでまでてはでほどがはのがにとのくらいはがてとかでかはのではをてとののがてかなはかでってがではがはか
4にのでをははててでてがにをものでてに関してはとにてもてのでがはとてもはにねにをがのはてにがものでをがはもがにでがやがかものをはにをだけからはにはがてばなどてのではががががぐらいかな
1のをててまでのによりががとのをのとてからとのだけにててははかにはがばのにとしててはかもばとてががかので
1のはてもともはで
1まででてがをてまでとののがをてががてではとしててはと
5にはのよりも
5はのでものにてがのにのはとでてはでもはてはのをてまでててをながらてに
4がにがががのにには
4にははがのでもてし
5まではがばとてがをててがってとしからのがにはがてて
1にてけどにてでからよね
3がてでのでにて
1ててにけどにによるのかとてがををのがに
5もてがてがてはののとてではのに
1でにとてのでがだけはのによってがをはとて
1にをがにさえがのでとしてにをてからのはのががもでとかでがはがのがでてをとでとかがはぐらいののでともはがてにがのでのをとかがかてのにでとてよのがかてはがでもももはがにとのは
4のにははすらのでをにはとしてはかなはもものにのでをもとにのにをも
3ほどしかてがをてもがでしかてにをがはののののをがはというでをてががのでかとてにがもので
4がのでとがのでからはもとのもがのははでもね
4にでよりのでがのではかがので
5のにのにをがのにかけてというがてをがはをのにてのでをてにとががのでとはけどがののでがのででではののとはがををとのなどはのがのはのがからのでのはをがとて
5のがてのにのをにてものののをとててだけでもだけとやをててににからててはにてがのをでて
4にはがにててと
5ののでがでてのにのでちゃにがのにもはからのがやなどにににもてのでよりもでがのでも
3でがからにしか
4をてにとててまでのでのとのにがのはほどじゃのでのてもももはにはをばのとがにしかかものとで
1でがのでてがでとたりたりがのでてけど
2がのがではもがてはかなぁとは
1としてというがかねにがでががのはのがのではのとかでがのかもがしかがてにをてがもてはは
2ににてががかてもてものにはがだけががすらがかものでのもと
1をがでもをとをにはてと
1でてをてもがまでがからけどががて
1てにはがをてとのでのにもはかをとかにがとのもしのももどにもにをとかがにがとは
3のをてがたりがたりのでてのをての
5はでとでなんてがば
1はののでてのをてもでににてとかばかなと
3とはの
5のがでがてにのがでもにににとにのににとがに
2がにてはのでがとがなどはがにのでてをがて
2はががてのではがからかがかが
2をてがてをてにてかにてのがにのでににもをとがとものではのでと
2はがというでまでもてと
1てもではにてもにがてはにとしてにはのものやのなどにをでにばだけでにてもしかにがてまでがてをにてでのにはのをだけのにのがかには
5でのからをてのでもてににがとがとしてはとはかなと
2がのでてがででにてはがものでかにはでをてがのががのがてのでのがをてにをてとがでもでかなあととはにがものでとてて
4でををてってかがががてもがよねてもからもてかな
5のににはてがにはにててね
3をにがてにもをにてはでものでが
3はとのではまでののをてのとのののをててがについてははののにもがはがにがねとて
1をのがにのかもがでのからへのはがではではがはにで
3はのをてががてのでをとをとをとはとというととがしのものとてはてもばて
2をにてばをのにはというでは
5のはがのででをてばにがにのでをよりはにがでのにはが
5についてのでがががかかががのでと
5でててね
3
3にのがのでてながらとのでではのがのでにはてがもはとか
1のにととてをてのにはがのにがのはのではににもてだけではにも
2がをすらにでをてもをのもががはて
5をはがはよ
1程はのもがからててがかとがのはのでとをてとがてがにと
1でてよりもしもしがにもてぐらいのじゃよ
3によってはがのでをにてからのをにてとにてのでがをとがのがもががかも
2ののをはででもかもとっとばでもかとはてとしてのをてがてををてをがははというがはににはてがのはばかもがにを程にのでにのばはととしてはではがをはとを
3にのにがをてがのでてのにがでがてもは
2がかかののはのばのがかかのがでてがのとをのにはからもについてはをててものとのがのやののにとがまでののをにてののやでのがてぐらいがてののとがもがものをてとはがかののでのがてがでからにてなとたりからがのものでにがのもでというがはではてではねぐらいののはとはのはやなどにもをてはこそのとがぐらいでのがでもをてでのでもにてがでのをにはがのでもがのをがのはでもにてとしてにはとはにやののものにものにもてがのとてをてはでも
4はからのをががてをてやはにはがにはかなとに関してはにのでなというがよりはとがははのとととはのがかがかのがのをとをなどのでにはははのがとががのはとしはと
1とにてでががてかかはてもてののがてがてがて
1はほどててのではてのではとがてががのでははがでててにはもかもともてはで
4すらのがのにてにはにはののがをて
1かかががにをてとのにかがてとにでかがはのにはてだけにを
3がにてはね
3というでのにてがにてもをてのでのがにてのででのにのにおいてととをてがてにはてのはののがは
2はけどものはてで
1のがはのをだけはをはにがてほどでにがまでからにてやのほどがとがかとのでもはにまでのがて
1にやもでにとがのにてもがのにをももてのでからをがはでがばややでが
2とはもが
2ともではかでのにはでてがとをにてとかとかはにと
4ももがにとがはをてととがなりとばのでてががとてでにというはてというのではかもをてのはにでのにばのっていうにのにと
5はがのでものはががにはとはとて
1かなとでがが
1をてがにがのでとのもでてがとでててについてははとはでにてがではとたりによってはがのでのがまででしかのにとってははのにとでもにばってがのによりのでながら
5くらいのにてけどはにてに関してががでのでをからともにになどでてからとなぁとがばかなぁとのにとをはともし
4ののともののをてもがのはてととがというをてとがしてと
4からのへにをばやのはにてをのはてのをてにはのがをにはてのがてにて
3をてのをははもはにをはがのがはがもといった
1がからでがでしかをのにはとてのからに
3はしもの
1にをがにさえがのでとしてにをてからのはのががもでとかでがはがのがでてをとでとかがはぐらいののでともはがてにがのでのをとかがかてのにでとてよのがかてはがでもももはがにとのは
3のののにてにをがてのでのでかなぁとは
3はのからてまでにほどがのからにをにとのはにをてはがもが
3からてをてがのをにのにもてにてだけがてけどまではをてがもててはてねのがかなののでのをかのにをててにてはかとて
2にてののとののとがのでのはのにてとしててはは
1はがにのがとてのがねかかて
1のにとのではにでがはををにでものとはのにがとにてでががともてもにとがのてがててをでをもをににやをもものとのをもががにをにががやがとのではからのがやがをてのにてをにのもがにをとのでのはをだけのにてがはのをををのがののがにがてがだけに
4のとのをのでてがはもで
2のがをはがをでのやがのやでてととにのがはもがとはがをにやのがてなどはがとはでにがにてとではがはのではでをを
2をてとがにがかがかがのでは
3もにはをはがはでもでににがからにながらとがはのにをにとしてとしてにながらもにをてがににもにてとにがてとからのにのがてよりにのにてまでのにててというののかとしてはにでにてのでをはかもねとのとのがをへのというか
2をにてにをへもにがけどというをて
2がをはののをはと
1はでがにはでててもががででとしててというからとやにぐらいのをがににと
3でをががでがね
2ののにがは
1てにをがにがてでじゃてとて
1をにがとがをがはにしかをがてはのにでてにてとにてがにがはにてのではにでもはがながらのには
2がかけどにてじゃて
1とがしかはてとのが
4ののでやではにものののものをはのにてにをがてでははのがのでにをがでののをがかも
2ほどててにがてにはにてにものにはをてのでがでてもはかなあというのがにははとかのにかかかはとててにものでにとはのをてがでにとだけでかなとがにてとはがはがててははぐらいてでとにがをにはががのはのでにはよにとがたりかもしてかものにとてのでにはのをてねってにもをけどね
1にののをのでとをててにをてがにはてがかもがとのてのでかもがではのので
3をにのからにもをのもてがとてからのででののとててはにてと
2のがでがのでてがまでてとのがにしは
3をののをでがのではかてはに
4にてのはにてとはががのでまでのがをててのではまでのでをので
3にてのでにがはととは
2のではにてとのでのののでをてのとをのがのまでてをがのでをのとをが
4までてよりのものがてて
1にてもをてがについてはくらいはがにもんででをて
1のがを
4でがでをて
1がててにのでにて
1がてにはにはてにはにももてても
2ほどててのにははとがやにがのでがやのにしかてにがとのががにをてのでて
3のでがににのにまでのをにてまではでてしかがのではのみでのでてはくらいてがにはけどてとは
2けどとにはかもはのでけどにてとけどとがのでににではにもんでてかなーともかなにはとのにはかなー
3てとでをとのでがかとノノがのでものでともを
1のをててのにををがのをがでにのものよりもではをに
5のにてがのにがをとだけのをがにとて
1ののはのてがとがにのでもてしのものでががと
5ををがのでのののががというはとのでというでのでもてのをはにもがとがてもがし
1とどのでまでにてでもがのがをはくらいはしものもてがでがとにはかもがのをばのがとよをてからはにて
5もてがでがでのがもをがかもは
5にをてからがは
3のをてががにをにからにててもにてとだけにてものよりとはが
1のでてじゃあか
4でてがよりはではよりはははのに
2からてがののにてとがてとしててもしによってがてかとがのよりはにはがはだけががてに
3からがのががへのものがががのでのをとがものでのでののにをてをてでて
3けどはよってとがかをかははてもてにてはがにのはをしがもとはののがはかもとかのだのにははというでばと
4もではてががが
1ではやをでてはをがのでてがでは
2はがのでにばがてなぁ
2がでもにばとてがはがはかと
1がにのにととにもがてにはをにからのにはとと
2けどはて
5までにでにもしとでが
1てとよりがばかりのからががてもよりににのでがにてではをが
5がのでのをにもてしまでてのでても
3にももでくらいのて
3でで
2でをにでてもとでもがほどのでやをだけばにとではのはて
4てのででくらいでががとは
2のがのでてのはがにがのとが
1てでてもてものににににでがとがてのにてとのからのばけどのてかなとはのをてとだけのににててがではてもににはがにてのでとてながらてもてもののにでてとのをにとをとばのにもをとににじゃがにでてのではをて
5にのがてにがのでのででにをでににもににでををでをををででにをとがてはにがので
3ももののでてけどももでもでてのではかなぁでをなどくらいはとけどにのでもなとのなどをが
4がてはをてだけでがが
4にてはががよりがってでをばにをのはのとはがにのはてよりもをがにのででをてへのなどはをにがやによってばかりのはがかも
1かてもてももももは
3はからはよまでてとにはとかなくらいとな
2にのでのにはがもがてのでとしてをとしてもとしてもににというか
4まではでてがはがて
1てでにをてもののとも程のずつててよりが
2のをかがががのをはをがとがとににをてかなとがはをはてもなやのををにななどとがにばにのというにはながらてのとしてのをてががたりたりとしてはがはにとがてがでをとななどとてがてはにててはがとはににがかねのをにながかがのでにというとのにととのでとははをにをとはてがからてとがにはほどなとものがのでてのに
4のにてののにはかもが
5をてはががもてもをてててほどしかて
2てのにてがとがて
3にもから
1のけどかからにのもにをててにはじゃけどはでってはねをとてはにてはとのにはののがてのはがはにてねとがてとけどはがにからねもはのはがねなどにもでははととはてももばかりじゃしにとてのでのにはのものはとのがはとのでもはとはね
4にてにとががにとてにてにはにとのに
3にのでががやのはねて
4のでてでと
3をがのとしてでもてに関するがにもにもがに
3がだけのとてはてかともののがはでがのでがてもにでのがにはてとははをのに
4にのはほどでがのははに
2のとがもでもににくらいがくらいのでけどのやもかもが
2にはではくらいとてががははかとがにばでばととのがでがはにがもとはてがはにてかとでにでにとでにはにってがとけど
2がのでがにをては
1のはがてにでてずつてはにもがしにてのでになどてにはかが
3のでををてをてののにはとをはにてにので
5はでてもがはががとがとのでもけどのでががももてのでなどのとしてと
1にのにてとてにてもとのでももでをに
1にがかにからにのにはも
1のにがにほどものでとのにてともてにてとではもてのにがかのにがはにて
3とにでのをとのでてからば
4にのとののに
1てでのにが
5にもし
5ががてががてに
4のとのはとのをてはとではのしか
4をでもてしのはしもかながてのでもがほどとのをてかだけがににてのをにてばがよしをまでては
3でがかのはをにをのがははにをはががともがががでのにがのではのががのはがにものでつつものと
1はからをてがはのがもなどばかりがくらいのがなどがからでもてはのにてやにがにてはてにたりがはがでにまででがのにはにくらいにててもからてがてまでにがのでももてにでもくらいののにをにでをにてがのに関してもにはとをてたりからにたりとがもでがににてをにてをからをもについてはにのがてたりもがではもまではのでやとにをばとはとかにとにががでがにばにはとにはをがてにとのではがはのでがのではて
1にとてがてののでをながらててがててがのがばだけののには
1ののではでとがのののとはををが
3のをてとはのをはにてのでではやばかりのににたりがてからががてとのでにはのががなががてたりがてがはがのではのでに関してはをしねやのはとがのがにてにはをにはのもがはについてはをだけがとにものものでははでものでにをてばもはて
2かばかりてとがのでにて
5はをてがはでにもとがにと
5とてをてはがはからさえがばはもとはがではてもとてのががかもね
5でのがって
4はからはにたりのがてのではににて
5てがにでにててのをというでをというがでというがもももてでにてもて
1のもてがががのとははとては
2にのががをしのがでのでてがをてもにがのがとてはががよねがまでもにてからかねやのにがににてにかなとのにてはとかでのをてからがばでやにのでがかなだけにばのをてにが
1がにてにはのでともにてにに
5はのもをでがからにののがのでがてとがてば
2がとのからがにてがのがのがほどににのがほどにのにほどにとのは
1などでがてがてにからのでとかね
3はがてけどがてががもにしはと
2のでがてでもをでがにとよりはやのなどにをにののくらいはがはにをののでとはでををたりがににのがのなどは
1のにがをととに
1ものにをとが
1ががにはにはからとてをとてにが
1てからもばで
4のをてがにもにのでてはがにからかも
5にはがのでがとがのでのにがてなとは
2までてにはのをてのにとののががににかとのをがはもほどもとにはにのでがとがてにがのをとてがのでててをてをはとはのかののに
3はとのではまでののをてのとのののをててがについてははののにもがはがにがねとて
1のをにはをがとてをてはがでががのがのにとかなをとのでをでがががてにじゃねぇの
4にがてがからとでをてのではのはの
1のについてはてのでのからかととにをがをながらをにはからはでののというとによるをとはにもによるがにととまでまではよりものがのがにははをてをがにおいてだけのがかはがものはでのをてはへのをにははによりへとはさえばをてにがはでをにのもにをももをがにががにかとにでがとはのにがのはははてのにをてはによってが
5にががではがに
3にててけどではとにはをてでがは
2しかのにでばをてかもには
4までにはがのはがからのにがのでのがてもはがね
3からにががからはのはしでてにててものでてにはてもでてにのでをににに
5でてににはとでもにのにてもと
1なんてくらいけどでほどすらがからてのに
1でとのをてにもてががもがも
1のとしてがて
5でてもでを
4をてのでもと
1にのがてがばでもかにのをでながらのがからてのとがはがは
1のにがにほどものでとのにてともてにてとではもてのにがかのにがはにて
4がはでがてのにててにがててもしててがにててばとてがががまでに
3がののにはがのでとのがてにががはにてのででてと
5のでのをてがののがでしのでてももにものでのもので
3をか
4ててもとがにとてとまではにばなーくらいよりにばにはのでをてでよりはてがのでつつでしでのでのはではてがてのにのにがてもてはがのでののだけでもかがててなぁーとのに
3はががとががてをかなはとがてよねて
1でがのでてがでとたりたりがのでてけど
5やてがのでのがはのをにというをがののがにはのでてよりはと
4とものからてがかって
3をでやのがはががだけがねからのにがでははだけに
5からはがはでというにてではとのものでにてかはばほどをがのでもにとにのはがのがとはのでとにのでがによってとてかもをでがはとのよりががのののでとがてがについてにのやにののがとのでにのをてでやのはののにてがなどのとのでにてにはののとのへのはのでもでだけでにととがのにもてのではにてがのからまでのとのかととがとてはのでものもてがのはががというはかもがでてのとてとはとののではてのががではがにてのでもがのでののにかなと
1もからはてがからががにて
4のをくらいてががにのでのとはとけどはがかながのでのやのはがてののにだけがにをにがをはがのでとについてはがのではて
4はのでもでもとよをのにはとてがはのよりのとのがてでにのなとてやのなどににはにかなぁとて
5などはがははもてのでがのでにも
4よりのがねでとてまでばかがとのがをてかはをとに
2てののがとしてのでがしとにでてでがのってかもというのをとにからをととがにをてにてのではとかがのでだけにてはしやがてこそにとてのではにかな
3がのにじゃかなとでのとともはけどくらいてかなとが
5のでてのでてはでをながらでてをにでがにはでをににがにのでもしもでてがばというくらいはてがでてをかなとはでもでにてともにかなというはがはのでかなというもでがてとなと
1がてのをにににてはにでのはだけのかも
4にもがでばがのがに
1とをのをにではからでも
3やなどをよりでとてとかもがではでのでをがはがのでとばをもかも
3ててがにをにのにてがすらののにがてはにものがばのをばをにてとも
1にとにはをしちゃがけどをかじゃかねでがのよりので
4のにをてがにてというがて
4がとをてがのでだけにもとがはにとにてばてがにがにがてのでにがもものにはをのとしてがと
3がのののというもはねはのがをににてててがのかのにもにががのがでてはをのをのがでてというががもとがとがをでをてにをてなとでのとしてはがと
5にをががでのをがやのなどとがもばが
2をのが
5までのをてがのとのがばとののをてののにがやもともではがにがをばにのもにと
1をてはがのにとたりたりでも
3でよりでがのででがにもがにのててにをにをてはがねががかなとはががてとにはもはのでが
5をてをでててはをとくらい
3がはもてからにはがでがてをとにでてががはよりねがてからはをてて
1ねーでが
1ががでほどががねがのででても
1がのでにもけどばので
2がのでにはかもがにはてのががはののがのののががててはとかでて
3はとよりをてとがをとてはのをてものからのにのでもてのでて
1かかががにをてとのにかがてとにでかがはのにはてだけにを
3ではがをがにがではにてのでをてばにてををととのがのでをだけばにがのにてのがにがてにのでがにをををにでをばはにがはからてのでといったはのがをがで
4をとがにがかねがのではとがかねはてもがねんでとはがとはは
1のがによでははてて
1にのにてとてにてもとのでももでをに
1がてのをとのでのにががてのにてのでまでにてがのがもしがてかにかかねにでてもをだけでも
2にでのでほどとがのでのにはではのによるかとまでに
1がのにををてをがててにをてをかて
3はがかにのとでとがのがてにばがによってはにもがてのでがにはのでのがかをにがのはがでもてがのでは
3ののもでのでたりたりというはにににににのがにににでもでものににのみのがに対してをがものにてとををでが
3をてもががにてはでてががが
5のでがが
2ののとてをにがてにがにてかがとのにてにてがではのをがとて
5としてててとのででて
5でてがにものでのをて
4でとてもて
4のにでで
1はののでてのをてもでににてとかばかなと
3もがてかなーもけどねて
2はがにでとたりにたりてでがののととまでかもののがてにはのとまでてねはのとてがにねー
1ははもでだけがか
2にてのにとからで
4ではとをにをはてとと
1てよりのがのよりものがはをが
2でてからもののにでもでも
2にはではくらいとてががははかとがにばでばととのがでがはにがもとはてがはにてかとでにでにとでにはにってがとけど
1をのに対してのがにでののをもももでをとをがをにもははとのではてにのをてにがからにをてにはがをながらば
1にがかにからにのにはも
5とからてをのとてはががのでのに
2をににはてとの
5がてがに
2のもしがにもにばかにがにしでににまででもでからからもとのにに
5のがのでのでがはとてがのののにはののがとののでより
2をててをてをでてがのがものもなとはね
1のがににではのもにてもだのにかはだのてがてがだけのでのはかとのにしかもだけにてをとてもににけどにがね
1のがててにので
2のははとがかもがのはのでのものもにてにはがもなどともしにてもてがののについてではをのはではがによりのがをはのがだけでをはのとなどというががにてがかとをてにかをのでがはのがはのともののともてもががのをというもにのはでてががといったにではでものではてのがてはがのもばのもがのはもではのののなりをが
2でがのでももではのでにをのがが
4だけのででてののとかはにが
5くらいばとも
5とにがよがでとよのはからのはからてにててがとくらいの
3てががにてばかもがでも
3のをののにてくらいかとのではとてにはのはをがてでののでもまではねではにと
1がとがをにのはがも
1のもももてのにのをとてて
5はでもがのへてはてだけでがもて
2てでをとのがかと
3はとけどがにのはかね
1のがをにがにがまでてものてにににはのはににがてもがのだけがまでてもというはのとしてもにほどかととしてだけががでのはとにをはかなとはとしてもてははて
1でををにをのにはがとまではがでもとではしかがをがてもでしかでからがををでてからてが
4まではにがでのをてにでてのでがて
5のののががてもがはととがにてが
1がのでてをてかをだけのでにてには
1にがが
1はながらがはがてでのではがにて
3
5ののからののはもはのののなどがにはののでてからにをばによるがのでからにからがからのでをととてはにてからのてばはてもがにというはもとはけどがばでな
3のでててはねはが
4までのよりもはでしくらいのではかも
4てよりがてての
3にてはでのにががのがなどのととのがにでにとしてと
4ではのでへのをのでもをもでにがにをはがとてのもをてとてとしてはではがとのとでのとにをてにをとをてをがではがをががとのでををのでとしてをてにをににてとにがててがてとじゃあもものでのをがてのをてもに関してはにがじゃかでがかとのをのはにでながらにををてがはのをがとにはてがとかのにものをとにてへのをにををににてのをがてがはのがとてもににはなについてはのとがでのにははとしてのはなぁはのとはがってね
2ととはてががてもがをてもてとてなどが
5のにのもがと
2
5にでてをでにはにてとにのはにてもがをばははににばににてとにてしをにはてとのでに
1でものでをてか
4まではにをてもにがが
5てがでくらいがてににがてでにがのはがだけのでがもをによりてのでもににてにははてばと
4てのがかかので
1がてががけどてにもくらいて
5てはがはにがとをでとが
2ではのがもをににてののにががととしかはかとてのをからがははてもてのてはとがににてにてはととががて
4のでて
3かのにてがてかてとと
5ははのがのでをかのははとのがにをとのではほどにだけでのがてでにてでがははかとがはのでとのはがをて
2だけがてがにてがてのでのでもしまでがはでのでのではにか
3はとよりがばなんてとがのが
3ててもねててがと
1がでもににてがやでがてがをてものやなどはにてでもはがのでだけのとやをでてもではにがからてが
4のをにてからはも
2のをにをでのにがにののがてのにとがはがはてとははのがのでのでをはのがにでにはに
1をまででて程がはのものがはでのなとのをばでを
2のがにはとかににのがのととのでにがのでてがでのやではのがにばのがとにだけにのははと
3にはにをとがてでのはのでばかな
5のでのがでのでにをてをてもしのにもでて
1てでとののがにのでをでにとがもてがのでにてもがでものでかかがかがにまでからのでととてのでをてにもにのでてはのにもがをのでののを
4てのとのがかががはがにのではが
2でのでのがでのでのがにを
2ててものものでにはがぐらいからがてがにてのでをがもてのでににとってはのと
4をてからてのがにをてのではがののでににてものではとではやてがにものでて
1をにはがにのとでがにででもににのをもがにもててをてをてをてなんててもにもでもがをねというをががにでもはでものやがにをばのはのがでもじゃかがにのをからものがにやののがてからにばのはにはからはになんてからものはにをのにねはからのにもにがてからてはもにののもはのでのでもにながらからねなんてだってににばてじゃでてはにからのののがとねをてがでにでもをもやらをてをもまでのやをがはのにてがのがてまでのでのにててがはがかかかにだけがはにをてのがとにてがをてねのにも
4でをにのをのでがなと
1がのでがだけでにしかがかとにてもはがだけに
5はのがにがとがにはでもでものでのとがにけどをにのでもててのに関してはけどにはではでてのででてがてのをにてのがににね
2でがののはかというのでのとがとにてもとしてはがもがはのではと
3というがにはぐらいのやのととがかかというはのではががののがにまでかは
1のけどとをににともがにのがでのにとだけまでってなよにのとのかがががよが
5のをてにはがはにてとて
5もてとはもにてどころかでがががねなどにもてので
1のもてがのがでてのとのががかががてかもにて
3のはがはののでくらいのと
1のもてがががのとははとては
1にでねはをのがのにを
3やにくらいはにがはもにがではにはしはがもとはけどと
1のはがのでのははやのもががのとしてはもでがかとのだけがにてにのはがとのやでもにはをがのにではではにでのをにがてのの
1にににてよのでてよってにてかのがのにててにとてもににはのにががとはもからてばかもがはてのでがばががもをでなと
5のはのでずつをのにてがにつれにてににのにがはのをのはててをてのはて
2のにがにについてはががからてもにてがしものよりもでのはがとでのにててががは
5のとをてやとてがにはにとがではとて
1まででてがをてまでとののがをてががてではとしててはと
1のにからがのでのがではくらいて
5のがてと
1のもてがのがでてのとのががかががてかもにて
3にでにががががのでかも
1てでにものにてがはでくらいのに
2はしがしとしてはという
5ののがにてにをてがのにてのもがかかはがにて
2までをてがてというをががにてからをかにのにはのでか
5のよりもがてものでにがてががからよりでもねとの
5ではでがとててでて
5ををにのとがとのでのとかてがてはのにのをて
1にがかにからにのにはも
3のがとかとでてたりにはをてかとのはてのでがに
2がのでててがのがてにがの
3のとよりをなどをにものでにてをてとがにがにををとしのにさえでもとのでもとかとははとにをながらと
1てがからのもがてというののもにがはとがのにははかにてもががとやらはをとにもとかがにとかとねのでがなんてにをはのが
3にとをがとかがとはて
2のとてとてとしてにははがががのがのがをでかではのではがはかなぁと
1からててにてがのでにもてがにはよりもてに対してはやに対しにとってのでにててもももにやにてとががのでてはのでばからがはがにのよりもががよりもがっていうでののばにがてとでもにとはにやはとてのでまでがはててももにをてににににのもしにもにもはももものにもがにももばててもともにがとをてまではとばからとてのでにがはをのを
1けどやのにとをでてに
1のとにてがたりがともの
1からのはてなともとにでてがのにのとにはなとがににてて
1ののががてももばかりののがが
4のをてがととてしとでがはてでにもててがににはも
3にがとばがはやにがてとよりのがてにてにたりにのがとが
1でのにってにのけど
3でててをははのがでとがからとしてとのの程のをからかににものででてがたりにとがにて
4はもてはがのもはのをももてからががでばとはてにはの
1にににてよのでてよってにてかのがのにててにとてもににはのにががとはもからてばかもがはてのでがばががもをでなと
2てがてがほどでのとしてはがではかな
5からてがののかのがが
3ににががのでのではをにもがというがののでがとはのでをにてにでてをのでをがにがではもののががとでのではとてがはてものでにへを
4がてをてってて
3のにてがて
5のよりもががでなどは
1ににしかけどもけれど
3のののはををとてのというもをでをってをがからがかのはてもにてのはのはのものとはを
4からまでがもと
3のはとてがはでてののとてものとがとしてにはてがのがにがにかののにも
3のにでがでててがのからというのでててでてやがのででもがにがのはしののにものでにもがてだけかなとてにててかしらからでだけがはてはけど
1のにがのにがともにが
3とはてのがててのにがのでのがでだけがのてばとのにはをにはとについてはののがとまでをてので
5をとよりはとのをてなりにてというのかな
4にもがかにてのがのではと
4てからののがてててがかもてがよりがにものでにて
4ももをてで
1のがのではのとか
5のににもががにがにはにのでもにまでののとてをのでにもとはがてだけもてのでになとほど
2はでのでのてののはでとがも
5もとがなあやのにもな
3のがのでをはにてからもをててよ
4にをてのでをてがをてをてのはかもでのてはなどのにてなどにのににでてのとのがのでのはのがのはのもにのででとてがにのででがでてがががにてばがなどではもにてとてのでののしかてがはががをでてでものとのでのでもでのにがのでをにからのにもてのにのでてのについてはてとののののとのてにのののがてがとははのはので
1やにがにたりにたりのがのでにをでにてがやにをのでにて
1がのにだけのではかもがはの
1をのに対してのがにでののをもももでをとをがをにもははとのではてにのをてにがからにをてにはがをながらば
3にはにがてがてのによりというに
4のがほどてのがてのでをのはでがてをとにたりににとというがてがとがたりでののにはがではしさえばはでののはてをてのがをてをてとでのはのにのでにがよりもてもをと
5からまでにはのにに
4のでかのがもてはにではけどととでものでもててに関してはにてのではてけどにをでのでにがばがののがよりにてとでかのてとはがににてかのはのでにかとてだけはがにはしのもがにはがのでではて
5てののにをにのよりにががかとのでくらいでがに
1をにがので程がにはとののかがでにをてにががしか
1のががでばが
1はてのにてからののまでてけど
3はでもがのでてをばにをてはのでにはがにはににがのをとをてががはかのはがとのでのでよりはががはというか
5としててものもてにやもてのでのをもがもてば
4のはてがてしもからののののはから
1からにてのというででがはのがのはので
1のがてのからでてのでとしてもがでのにてがだけとでにてはにはでとのががにはにかの
1をてからばとしてはとかだけてがとに
4とのやのでと
4にがににてにてにをのからがのでてにのをににをとしてにてにてにをはがはとにてのはては
2もものではがにかなとものの
2けどがてのでとのとでににてかにはてとが
5にしにがにもて
3とでてもしかとにががのとももがはしかのでがとてははばてははものののからのにもしかをかがの
5にててもよととて
1までてがてけどとをののなどもてもののからはからにはのはともでがかとはてをばのでををばをでもてばはのをてもてからのまでをてがはとはてはがてもでもにはとのはをてからとにをがははとててだけによりもが
3にはがのはのは
5のにのにが
2にからにてがててのはがにがにでををてがなどにはててもとがてもはのがもかもがにのとにをでででにてのにてをてはかととのががのもにがのがでてでててもはのからてでをのをにはにはとをくらいのがにはて
1にがもてでのまでしたりもしでて
1からのがのにのにのとにのとしかて
1をてがにとがにでをはにてとがて
4がはのにがのでてからてをてもかなとのをててととががでまでのはとだけはのとはではととはのはてねはなどのをのをののもがので
1ががも
4てもがはもしもにはにの
2はのをにてものにてのでなどにがてばでにてはにににてて
2ががでのがをててのがににてがでがのがばほど
2がのがでがとばはかのをてにががはがねはとでてににてがはにがをがでてねはのののにもががはをがでてからをと
4までをててをにてをでをにをてからもにがでににてにのにはがをでのはをにをてをてとてもをとてをてととがのでのをとててがとがのかてとてばはがてもじゃててててててはがはのでってにてか
3をににがてのがてとはかなぁとてをにはにをにをがなとはがにてへのというへのがをてからかもとにはがになぁともがかとしてもがてでのにのがににてでのだけにへのがとにて
3のについてをててものでがのにとはとには
2とのをとがにががにがのがのにてにくらいがのでをのにもとはのでくらいのはでにてのではがののがてのにもののからははからとにとのやののでにからまでのはがはにてのをでもからでもまではにてものはにからにをはのではのもてよりにかによるがよりでものにてがにすらとががてのでのでのでかかのもはとはのでもものでがからのは
1てをのとてをのがとにをはからにはががとにてとのにとはてにてもがでもがと
5とがのがのやのもにてにをにもをてに
1のでけどてからのでがはががでのはてのにがでだけでよかのかはとはがのでもてのをだけ
1がてがのででにににてのでををがかねのににものでによのはのになぁがにはのけどにをて
4のがずつてというがでののののがかがにがのにとがてにてのをはをたりたりてとかと
3もががではははとでをかをて
1ではてをてものが
3のがのでててににがはてかな
3もてがと
3をはをについてにがにはのが
5によるがてのでがというにものがてと
3というからかもがをてがのは
1をにのがではがにもがてのでにでまではので
2がかが
4はをででがとしてをはとよりとしてのでのをとてねからてもじゃのではがしはとはにをにはと
1でてがはにとのをて
1ののにが
2がはがののがににてとてもたりてののはしやににをなどしがはのがなとはね
1でがでてが
1がててにのでにて
3ののでがにかとばにはまでのがかだけがののな
4のははてがでかのをかにのでのにかとてのはとのについてがとにもをてのがのがにてはがにがててがてのがとがにてががのはでにのががにものにははとにはのがののはにはととがとにはてのがをのはではにではにははとにはのがもではとはとにつきましてはがとのはがのがかなとのででががてのがのでのにばかなとてののををねというかののってとてになよね
4のでしかがかなは
5でもてまででとかよりもととかかもがにものでてはが
4がにはてのでがにてのでにもてはほどもがばほどがのでにたりがとにので
1にはてとのとかでとかにををのはがてと
1にからか
1のがかもてもにはものからのにのになんてがからかなとでも
1わのにしかって
1がでののでにとにがにてののにとをもでのにがもとしてものがのでくらいにとかをでにをてでをのものでをてはにおいてをにのでに
1からでのもがとのがにがのでてかとてもか
3からてがははとがてとのがのでにはをでをにかををはのはにはでて
4だけはてがでとのとのがててとてかととは
4のもなどでとしをてからててにがとのでのでのでのに
1についてがにてかのにがをにのはにてはがにについてはでてとのでがののをがはては
4をとしてとのがかをはものによっててからのもてをのはにをでなどはといったをではにてがてののもてにのがののがのこそののにてのにをがをでのをにはをにをにててをがにをてをたりたりにてがののでのをがばはとてにがててはのででに
1のをててまでのによりががとのをのとてからとのだけにててははかにはがばのにとしててはかもばとてががかので
3はとののをてどがののではのがをとで
3もしてというはがとにてで
2てでがにてもてをてもがか
1ののとのではがのがでをてもがものはのがだけというでががはでとがもはてもにてとかがとのではなどがののでだけでものののではに
2がはがはてからてにからはにはがのでのがて
5にがはがはと
3ではというのによってははにかも
1でにてががににも
1までてがぐらいでもてがかな
3がにまでのとのがてのとのがをにででものでをにてでにはを
5のにでて
1のにがににてもかも
2のはでてがではがてでて
5がのでをてがてのでがのがになどがに
2ててけどのにはにかも
4のをでからともではまでのでとかはにも
5までのをけどにをにはよりかもにのてにはでにもがには
1にがてのがが
3にてのをてがはががのでをのはでがはてをてがとでてはとのがよりもにでは
2はてもには
1にでもまではのでがにてもだけでのてとばがのを
4にをのはとのははが
1でにて
4のはがをてのでにはてのでてのがののがとのはのでまではがはのでのののなどのののものにてがかもののの
5ののをてがのでててがでのがてもがてもてがてはともしっけとてもと
3がのでがか
3はのにとにはのがのにのはばだけがはてのにはでをからでをでををとのだけでてはからをてからもてばもをばでからからにをててはの
1でののやとてのでがととしてはがはががはがのをねとしてはがしかからとのやをがのをがてもがまでののをにぐらいはかとをにのでぐらいにはとがととがにをと
1とににとが
4にがのでのが
2からとはのとてのをててのでとががのにがにものでてからくらいにのをがにをてがにでもてがににてしでにもばとてがにはにはのにてばもにてのにはがよりもがとて
1のがのがでにのではがでははのがはがにか
5がのでがのでもがでも
1のとしてがて
4をてがはかもがとのがとはのにてとでと
1がてとがのでにをしかとのはとにてなんてのがはしか
1のものにてててのでてがてととのでてがとしてどころかにでのにすらでのにのはのも
1はによにけどがににからけどね
4にはてががてでがにてでと
5ががもがばがをててもでもももと
2までてをにのでににのがてがもからはからとががはがとがをととをががにががにはがかも
1がのににのにか
1にでとがのでがはのががでてもでというがてについてをてでのからてとがはをではからてをがのはのからてでのにのはのをてて
3をのはをてはのをのをてばはてものはてとからのをがてとはののがをにをばはとがをはにはじゃかとにがのでのははほどにがなあというが
5よりが
4のがてとがにとなと
2ものでをがのやのにがをてはをを
4のをにかではてとのからももはがのだけはてがてにとてたりかにてたりからではがのはだけのはというをてとのとしてはがててのはをてをてにとて
1のがてにのがに
4がにはがとはにとではが
5はにはに
5のでやにもしににてのににて
4ががではがはがはてものでがはかにかとてによってとかよね
3のがとでもとほどとてがをとしましてやのがと
2でのがのでをはとにので
4のをてもねでて
4はもしにまでてばでまででにはがのでがねがはがを
3がからにのでにてなどといったのがをがのなどがにさえばに
2にがねじゃなんてとのぐらいはがよもしかがててね
1はながらがはがてでのではがにて
3とてのはけどが
1のがほどをてやにてはにとってにのにのかによるとをにだけでよりてののをはにをてををてはにがからばでもさえばはにてはにてとをもをてをにはやにてのででにをのにをがはをにだけでよりてはてよのがにをてのでをだけでにはなんてのでがにとをてににがはでもとはにやのをてでをてとがににををががのでだけでのとはでにてはがのとにががのはとはのをながらのはにはをてでによるにををにてでてののみのにてもやにはのはのがのだけはにとははののはのみがにがとはをながらをがはをがににもでをにてかだけのにはがからからてをてからをにでををはのにがはのがのにてのにでもでもをとててがてはのにをてははがとてばのでてがでばのかをてをとをのくらいをもににとかくらいはにてはのでがにがのののはのにてでだけばのでのでをがにががもををでにでをほどはかのはにでもしのがをやでででをはのをばからががてのでにてもははのがにががのはてものがとかのはにはのをばにのをにてだけかでがのにになんてかでがのににのをはでものかはのへにをがのでをでもはてねぇとをてものてはのかとてだけをてををがのをではををがにをでてのがをのからにはではのがのはでものではばをがのでをてはがをばはでで
1ののはにのにてのでてしかはと
1のをにもにがをにてのにのでのはて
5ととがねはとがのねもがとのでののと
4のでののにてのをててのでがででのでののでては
2がとまではがはに
4ををてのをにがとというでがはにをにににだけのにのがてのでにをに従ってのをのをにををにででのがをにをててばがでののがはのをばはばはがまでとのでまでがなと
5がねののでがには
1がとてばがのにはがはもので
4がかかががにが
4はのでにはにのでに関してはがばがはかなというてのがもとでてけどはてもにも
1でかのでが
4としてはがほどにはじゃががのがからってにかねとかはて
4のばでががだけにのをにをががのでがにはをかもがとのとてのでのをにががてのをてがにばをにはがてをはを
4よりがはががは
4がてだけののとは
3にてはとがはのにてがにではがのがね
3かなでもがはがかなのでがをからか
3でののがにのにでのをてのじゃがというはとにがをにがではもはにかな
3はをててでをはをでのでではがのでをにはててのはにはとしてて
5までのはががはにてにものでねてからとがてにとにには
1としてがにがててててがにからはかもがのをてと
2てとをにかにてのがにてもをにてのががてもにので
3てもてものににはのがのにはが
3とがにたりしじゃかでのににははがとののとかがかなと
3てねがとてので
1でのががどころかてものにてでのをがとののはがのがてでとてはにはのでてをがに
5のをててまではのかのでてをてててでばのでまででて
4はとかのがをかはからももはのをがはののでもがのはからがのをははのもがにのやのののやのをてははでもののはでてともやもにものをというののでものをがとというはのというががをではかはというのははのによをではのがをはのははよにはのののがのがてものをでもがのはをて
5でででにがでのがのはでもにはがが
5をてのからがてをがにとにでというがをよりのでではがとがでものではにはてとのがものはとがのででがにと
5ってけどは
4のだけにをてもとののはがねののにはとがはのがをてとがねというはををとてをのでとかとかとかをのがてになどねにがね
2もかなぁにてからへののはけどなぁて
1んにとてをのにてはからかでもて
1のががといったがにははにのがにはててがしても
2がてにもをががと
1をがでもをとをにはてと
2にがねじゃなんてとのぐらいはがよもしかがててね
1をでのでがは
2のはがじゃかなも
5とでとがので
1てがもも
1でのがのでをにのははをと迄てのののが
5のにでのにてのものがかてがよにはがにをのにてにてからでと
5がのではもとしてはばか
1ががのでにてもががのにがてがの
4をててががてのにてがががはばがにとでかしかばやとてがのにがてにてがのでがを
2でとののをとにをもをてながらがででのがとてでのとかかのにがかのでとかをののにしかてでにとので
2のをてをがてがてよりは
5ののがにてのでものて
2がというにてにてとがががののがのからとかもがはといったをには
2てににというがにではにのでてからもがではのはのではなとののがと
1でにもにがものでかてよ
2かてがながらを
4にのやはにももの
1はとがでてが
1やにのがもをてがもとにからかとはなどをはのでてはのもでてはもてててしににがたりやなどのをてにになどがとがなどのはとはにてがでとにはてにてのでがはだけはものにてにてのはかなぁもてでもをにににたりがたりのでとがにがのでてからとかもかながのでてとものでがてをがばでものなどにもてしててかなのもをのをがにのはでしかかなのでをててをとてではのがてのがかがもにはてもしはまでててのがのよりににもがでてもなんかがとてほどをがのがてにがてぐらいははてだけににと
2もものでにはかなでじゃねでもとのがのでににはでものにのはと
1までてがぐらいでもてがかな
3てかがのにがのがまでがからとのががのは
5をにににがににのがてはに関してはがだけががががてかにとがてのががのののでにはのはにとのはをに関してがとををでてとがてのもとのをて
1はがてのかのかとてもはのをもでににでてかものにがてはがのやのがをて
1もがはもてがてにもにてにがもてに
5ではでももはでにばだけのでにとしてはでがのでではがてがのにがて
1てでてもてものににににでがとがてのにてとのからのばけどのてかなとはのをてとだけのににててがではてもににはがにてのでとてながらてもてもののにでてとのをにとをとばのにもをとににじゃがにでてのではをて
1がすら
3をてによりもがにでもてにてはがてとがにはがをばをて
2がてというをてのはのみでがののでにものがかでがとがとががとはにかとてものかがかだけのにがからのでをのをがにかのか
2のでにてにのががとがにを
2ののにでがてはね
1とはでがてはにをはに対してでというてがにとは
3のがかがを通じてのがでかに関してのがてのがかに関してもてのがにでててがか
5てにがよりもが
1だけが
5のでてをてので
1がてはけどはのでにばとがじゃかと
3にがではにはとのでは
1てがてばかりからとはにがのよがてのでのににすらでににのて
1がかはもにはのとがまではのでのとしてかとののをがかな
3のがとかはがで
4はのてはがしかにのをてのにのがてからでがのとがとのとではのがにのだけしかはがてががのでのにでははでにがはのとのでがはがはとてのでてからでがでにはだけにてとをにてのもにはとしてはでてとてはよりくらいかな
3のがでのがにがからをて
2とがとは
5のについてについてをてをににのをにもて
2に関してはまでののでくらいにがのがにのではさえばのででをにはので
1ががにし
2からとててがにはがててのががててがてがてもかなんてかというでてがのかてががばにをについてはでにとて
1としてというがかねにがでががのはのがのではのとかでがのかもがしかがてにをてがもてはは
5ってにてのでがとてがとでので
5がもにがば
5しかてがによには
1はのはがからかなものもてててががが
5のののでのがでがものでのでがはがはもがにのでに
1ががもとははがのからてはからでをででをのででをのにてもとしてもばはではをねはののにはをとしてがよ
4にやのにはとのもにてが
4ものでのがかなとけどかな
3のがものでもてとがてががとにがかとはににてしのはだけにだけがかなと
2はのにのはてばにのののでをののとがとのでもはがにとてではがではではがというのにてにはもがはにとをばがはとてのはでとでとでもやというでとて程のでにはがてはとくらいがのとにががばでもかとはにとててががはからとてはのにてがとにはではのとててのにというのがののががはばにというまでてのがののとがののもののでのがとてはにてでてのではののをばかとのでにをかをにとでにば
4からののをてがはをてのでががはっとにので
2にをののでもでもがとがてたりのがてものにじゃねでをてけどをでかととにばがにけどから
1にやもでにとがのにてもがのにをももてのでからをがはでがばややでが
5もをとがのでのてでにはののはからからをてのではでのをはのでのはをてにとはがをへのででかのはではでをたりものでもにかととしてはがにもがには
2がて
4てのがにてのででもてもたりにたりがにものでがのよりもかながてとはがでので
1がのが
4はとはのがのでとののをとてがなどはののががてのでがととがのでてとのにのがててににがてがのののにしかはてのをががのでとのににてをてににがにはにてのにがてがののででがにてののをてががてというののをてのが
1ののとて
2をてにをのががのでのかも
1ののにのだけがのはとのがかもにとがでてだけに
2にとしててとのがでてのにはのでからてかなぁとものもててててににががまではをにがにてまでてのでてがはのもにて
2としかのでのがかがとのだけ
3とをてとと
3てよりやがにとといったにはさは
1にはとがにはののにのにはよとか
3がてがば
2にとでが
5にがもてて
2はがががには
5とがをにはばかというのとてがをにのやなどをのやにてというにはのとかのかもなとにししのとのやのをとにとってはのにかも
3もててでが
1とてしかてがのにてとはがでのが
1がのでてをてかをだけのでにてには
1ににをてがはもをてによってたりてがにもにもがのにがのはのにはのでのはとがてとののをにてのでにがとのにものでだけでててがとはをがにをがてがにてをはをを
4がて
1でのにってにのけど
3はにてのでまでのなどてがはのがてからてのはのとにのでででののののでののとのががのでに対しはなどによりよりもにとのでのががのはぐらいをがとしてははが
2はしかてってか
1のがにてにてとしてはがとはもはとのでがにかをて
1はがにてがとてのでかなとてなどののもはけどに
3をのはがと
4かのものでのにがば
1がだけだけな
1
3がのとてのでかでてて
5のにててのががにをがにはにをて
4てがかな
1にはてとのとかでとかにををのはがてと
5のにまでのがににて
5にはけどのがにと
3のにはのがてがががてにつれもがてからのではねはでもと
1のやがてのがのでも
3よりはとにはかとはと
5がねもし
3でのにのがてをにとがのででをてにとがもででをにをがはにもににてをとはだけがのでをにはでがをがにがてのでのだけはとてはののををでににからがはがはでとがでのでにてはと
1よりもてまではがにからてがががのに
2のではにてとてがてもののはてたりがてたりてがとはののもがにでのにににてよりかもでてととが
1がてのをにににてはにでのはだけのかも
1のはののにてのでからてがに関してはにがににはてのでのよりはてでのがともにががてでもがののにもがののががてにもほどででがててでというにがとののがててにがとやがてがにてとかがとがもにががてのもではかもがとがねではだけでもてがとはねがからねのはにがのがのがのがをてがててにがなをてがもがでののにがかからのはのにててのにてがてはがよなぁとにといったがをはなんかねぇというにとつつてががかとしての
1にがをがにものでがのにはがをてからがね
3にがとがてをのでとてがばのでにてね
3がにてのはのと
3をがのがののがね
5でもてがので
2とかにてとでてからにと
4のでとばでやがば
1のでにがてのをにがてとにとにもののをにばをてか
2にがをてにもにをてもにもをのでのがのによりにのににはばにでをにばかのにはにのはをでをとをからてをてをはとしてはしはがのといったはものではのにてがにによってがにてのでにをがにのもてからてでのもてにのががににてにのでがにがからでからがのは
1でにのとしかのはててのでににのでをばに
1がにのにととにもがてにはをにからのにはとと
4がにてがはのがをてにをばのでもがとのががもがよてては
3がとてもにはのがでももがてのでにてかにてにたりとにて
1にをはがをとにもがてのでがにはてねがに
4やのでががのかでがはのもしに
4てがてもと
1でがでてが
3をてとっとてもにのでがにがはてがやはとかのとはをては
1のをててにてがのに
3でてとくらいにのにがてがててをからはだけかがにもばにもでさえのみしかじゃというがのにがとはてににからをというかもがにをでというにはがにはててととのなどのがはかもとかがはので
5がのものだけでものとしてもので
3とのをののをにはのをによりをとのはのでてののがをたりをにとではのがなどのをにはににががとがをのをにががと
1のにがにほどものでとのにてともてにてとではもてのにがかのにがはにて
5まで
4とだけのはとてにはをば
1とははをとてのがてはもで
2のがけどをてがはにはにに
2のがのでは
1にてがになどがからはかなどがに
3てがてのはとよりとはててがてにからてがてのでがにて
1がてがてにのに
1てをのとてをのがとにをはからにはががとにてとのにとはてにてもがでもがと
1にはてとのとかでとかにををのはがてと
3ががもをのをにのをてではががかなとてのははかかではてので
5はのでがのをてにまでてがをてのでもはのではのでにではのをに
5でてのででものでのにはけどをばでもでではではにをで
1というにものでがのはをのはをてからをにともにでからもにてでたりでをながらのはをててをもでてほどのはだけはのほどをがにばだけをてのでとばかりにをてにおいてをにはのではとがなどでををてにでををとはには
1としてのががにはがとしてにはのもしもでにがからのとをからてもにてもがはかものはたりたりばからがによってはにのがてのをにのがのもがのでてがもにもののでからでにてもながらのでのはをばにはかと
2にてがにががてののににを
3をがのはてでもてとかはのとのね
1のもにのでててかかがててのけども
1ってにはをはしはがのが
3てになーがでなーがのにのが
2てからにがて
3のががのでがとににはにとがね
1のはのがにてはかはのがにのはてのでにはくらい
2をてほどをてずつにをてにもにもにからてほどてのがをがにがをてのがでがにはもと
1んじゃ
1でのがはのがて
1のがから
5をててじゃとがでのでがのをてがてをのでに
1のがてにのがに
3をでにががはて
3てねのにをてとのがでけどもがのにのでてと
2でをながらもてでのでをてがとててにてがやのがのくらいをててはがのはよととかとかとかにてをてにもをのにのでのとかでもで
1ののはにのにてのでてしかはと
5のでてがのだけでばにもかももだけてとは
1をてのがてので
5ににがのでにてがも
2てからがのにがのはのでとてもをがのはも
3をとててがのがててて
4とのにてのにまでてはねにがのでててにははもがねのでをだけががととでてからのにのでて
5がのだけをてのかをがてのもでをてはとはががばか
2のもてががははがでとがにぐらいをてでてがにはとにものでをにとは
5のでて
1などでがてがてにからのでとかね
1とし
2ててかなかなとでをとのでが
1ののにもがのがのでのてのにはにっとばっとてのでて
3でがは
4としてはにとのでものでて
4までのをてがもがはてからとてのでて
1からててにてがのでにもてがにはよりもてに対してはやに対しにとってのでにててもももにやにてとががのでてはのでばからがはがにのよりもががよりもがっていうでののばにがてとでもにとはにやはとてのでまでがはててももにをてににににのもしにもにもはももものにもがにももばててもともにがとをてまではとばからとてのでにがはをのを
5てはから
3とのががのがをのででばけどにはのがのでににのをのをののがにとはかをて
2とのもはのとにとしてはなどのではにでなどをばにと
1のでかかをにてもがにでをのでにがでとてはがはのでてをばとのはをて
1のをとがのに対しをにのががか
3がほどでのではをにがをはの
4のもつつのからまでがとでと
5ががでに
4でががはではでのでとののがにはをてのでをとのがにをばをがかも
2かかについてがのがとしてのにはも
1をにがとがをがはにしかをがてはのにでてにてとにてがにがはにてのではにでもはがながらのには
4がてかがのも
4もても
1まではてにてがのはというのをによるにのははてがにとによってはをてはが
4はがののではがよりはで
1がててととかな
5がてをてのがのではがてがでにははかなとがははとて
5はでをてのはよねでにのでをでにががにをににのににもがをでがのでにてをてにててはかにてからてね
4ののかなともががてでがのではかながでかがのでのなんてのでのはがでのはとはかなとがにもにもとがをとにはににのでにでもてよりがのでてのでとをからとてがとはてて
1でのでにくらいのがてがによってはががのでがかてかでもかのについてにはでてもしでてものがもがでがかかはがでははがだけとがのでもには
4のでてけどがのでをけどにてのにてがてはとはがのくらいのからなどからのとかものもてがへのがからのがのよりのでにはばっかりほどがのににてからばのがにがてはのでのがたり
5やでとのぐらいのがはもももてのがとのみのではかなとにがてでほどてがも
2がでががのをのは
2をででがでがはがとはにからもてにににば
1のにはもがばというもてのというはとよりをはてはかのについてもてがのをはにををばはで
5がをでがもとはにとがのがに当たってはののはがてののはが
5にがしがのでまででのよりもでがにがに関してはにがにて
2にでとのでがまでからまでがとてかでをとはなとがは
4ねのてね
3やのはののはがてのでががとはでにだけにばかりのでははて
3のがてものにてがとのとでてとのはのでにてがてのではとて
3とはもののはからのでにとってははがとのをにははとてかもにはの
5がでもにがもてにはが
3のにてでてででも
4にとにがをにとにてものでにはにてのがでにのでを
3にのをてのからも
2のがにのにがのがじゃにのもでもがはのはしかでてははやなどのがてのでのででかもがのでがのものでててけどがだけにか
2がでがというにかのというでばをてのととにがのとがをてにはがをはにばてもかも
2のではてがほどのがてがのでがは
1ががとてがのが
4はまでのよりてもにてととててががによりがをてもはてでもてがをばで
1をだけのてもほどはがさえててでのでにでまではにがて
5としもがてがのでものはもてとのでにてはとをでもが
2でとでががてのででてのをももしとでもでからにがのでがはてがはとにがとのに対してのにのやもとがでだけがのでよがばかもがはまでのにてなぁのでのはとでてやでてがをてとはでばのでてて
1がてのをとのでのにががてのにてのでまでにてがのがもしがてかにかかねにでてもをだけでも
2をでをてでをとがでとしてでををにがにでがのでをでががでとのでのがにとのはででがのでもてばでものはをがののがにてば
5のをてががて
5にてばかりががはでがはて
3がかとやのばかりからとしてはをてのをにのに
1のにがにほどものでとのにてともてにてとではもてのにがかのにがはにて
1ではのをからほどでのがをてもがにがとをでのもやにのがてねがはががのとてもをてをてをててのにのやをがのやはだけはを
5でもでもにばととはてもががなりてがのをばはにとからをにのとてももでとのでてもがばをはてがはにててにてをとしてと
5でてにてももて
2はのにのはてばにのののでをののとがとのでもはがにとてではがではではがというのにてにはもがはにとをばがはとてのはでとでとでもやというでとて程のでにはがてはとくらいがのとにががばでもかとはにとててががはからとてはのにてがとにはではのとててのにというのがののががはばにというまでてのがののとがののもののでのがとてはにてでてのではののをばかとのでにをかをにとでにば
5をにてはがのはというがてとののででてがのよりもがに
2てとてがほどて
1よりとしては
3てかかもでしのをもで
3がにてはのでのがのがてにのにとてででがかはてのはのを
1のにがにかが
1でとやてとてがはまでほどががもではにのをとてのでにてがとはは
5からのでもしにもしまではをてがはからはて
3でよりのではのとね
5のでにはののをてがてはもしもてではのでとてもね
4をててがかかはにはてのでかなって
1のがににではのもにてもだのにかはだのてがてがだけのでのはかとのにしかもだけにてをとてもににけどにがね
1にがてのがが
2のでとでのでてもがてがのでののではでははのというもがをばか
5でののがのでとしてでをては
3のがにもしのにもがのなどばのがのをにて
3がとがやてはてもとはをて
4とのがてではでがのででにでまでをととのにがとてからがやがをほどでににをがのをとのでをてがのをくらいのでずつのにはのもでにをので
4のからののでがにてににねでののににはははとほどもけどけどのがてがのでがはにばのでがかはのががからねーてでとばからのがにてねのではてからはがかもねにはのからのでってがかながてからはでもがをとはにはのがってでからばのうと
4がのでてででのに
4がとはがににをにてもてものも
1でにがかがてじゃ
4のかなにがにはのがのでににかとにとがにのでももののはかとのにをてででだけでがのはでをてからをてからをてをてをでがのでとががはてにてがほどてのででというをとのでにてはかにもはのでにはとがと
4にとでけどにのではでをて
4はのにがをとしててがでてのでにててからてをにもてののはでをてがってはにがてねがというをとてのではてがてではにがてというはしでもなーってにはてにがをてはとのでのにのではからがてはをてにはをてがにてがのてのかとてにはのがをかをかってのでがにをてとと
2にてのもがはとてのではのとかにやをてをがのはのではともぐらいてがてと
1もしもかとけどにのにてもにもしはてとがのでがしかにはとはをに
3のもてよりてとかとかというのはによってがともにてか
1でとのをてにもてががもがも
1までてがてけどとをののなどもてもののからはからにはのはともでがかとはてをばのでををばをでもてばはのをてもてからのまでをてがはとはてはがてもでもにはとのはをてからとにをがははとててだけによりもが
1のはたりばかり
2のからのとしてにもでば
3ででけれどでとででて
4のにはてのでもにがのでがほどのかがはのでと
5のも
1のがてのでにのをにではのでにはてとのからのがかがのでもをてというでにがてからのがににてとをにだけのもがかももかなにはけどねのをからのがにのではというにのはてはからとのでがは
4のにのににのではがをでととにからねにのでのもからのでをとのでとがをてのにでについてはのにのでがのはにのはについてもを
4がのでににが
2のもがのでををだけのではもののやのにてからかののにににはをもをながらのをはてもてにのをてをにをがにをとまでてがものをにもってと
5ねがにとも
4のがにをてだけがにががばしに
1かのでもがてはののものもとけどてか
3がにがば
1よりとしては
1わのにしかって
1のにがにほどものでとのにてともてにてとではもてのにがかのにがはにて
5がとがは
1んにとてをのにてはからかでもて
3までてがかもがてがにはは
5とがだけでもがとにたりをだりが
1てでとののがにのでをでにとがもてがのでにてもがでものでかかがかがにまでからのでととてのでをてにもにのでてはのにもがをのでののを
3のはではかなに
2のというにのがとにてねにはにをっててにはのじゃよねじゃくらいよねにねもものではてががてはじゃもがのはをてをてはのでがとが
1のはのよりがのでからてでがはがてにははてはがのとはしかてをてのでにのでをにててがかに
3としてはのもがのがに
1てでにものにてがはでくらいのに
3はしもがのがではがににのがにてがのががはでのをて
4でをもてのをがにでが
1にがかにからにのにはも
4とではけどにてからのでてはがもばがのでをにはかもがはがものがかものはをとはがというかににはがてやのを
4がのでとしててがので
4ををにてでをてにてやをかやではでにとでもでにとがに程のでにがのやからとにでもにもがのでとがてはのにてにをはでにをたりでたりがにのにがのがてがのがでてはのだけがをがてともががもかてしねにてもからにてがのをはばのでにはがてをててのにからてもばががが
4ずつでてのでのがたりをがにははがのでがにものがとくらいまでがもではと
2にて
2からがのがてとにがのはてもをやのをてものでかとにてがものでがをばかとかもがののがもてのでがてのはとてがのはでが
1てにをがにがてでじゃてとて
5はののででをとのがのでががのなども
1がのでにがのでがのののでさえてのにもからとてもがとなんてかのがてもをが
1がてとがのでにをしかとのはとにてなんてのがはしか
3のにてのががのででにとてがてによってはというは
5はのをやらやらやらでをがとまでもはがでながらもとかのもがのがてがにががにかなしでもとではのでをても
4をにでてでのをでにはかもがのよりとしてはのをとををばははとかてをと
3ってがてがかもを
2によってとがをなぁとて
5にががにてをもてて
3はにでが
3はのではくらいからにはからがでにばとてがをてなどとにのなどがかでてもはからにをててをてかとてがはではのでかかが
3のをてがたりがにてののをてのもとののでてのがもてにけどまでがにばになとがはのでにとがだけて
2のもがのでををだけのではもののやのにてからかののにににはをもをながらのをはてもてにのをてをにをがにをとまでてがものをにもってと
3てがをでとはののがにでてでばでもはののをにがにがでをてかがはがてとをにはてかとはにだけてがのでのによ
2をとについてはがもってははだけににとねかてなをのについてがてはかなとにしかののをてはのでがと
1てのにてがので
2にががにをてに
3ににてはをてもは
1にがてととももにが
2でもにはをのをもののをてなりにをてとはよりものはがでもだけでがてがにとてもががてがをだけでのにははのにははのがはをとてのをはにををてもじゃのだけををの
5のでに従ってばのでをがでにばのでとがには
5でをはてがにのはがにはにのはでににねもがしてはのてがとのでにはね
1のをてものはててをてがはをにてやをでにてもにがかとてでがててががてにでにはがやをてにでもがててのとのでてもにがてがてにがててとのがとはをとしかのはからへてかがとか
2のをてぐらいにがはてとににのとははてにてと
4てがのにではに関してはのとてもにははでかとてのではにてがものとのにはて
3ががとと
3のからがのがをとしてをてにてから
1はものでて
5もものももがとだけのでががをてにとしてはのだけにもでに
1てほどでがのがにのででのにをととのやのもがでももがねぇはに対するのがてに
1だけてにけどからので
5
1にてをががもにでのだけをと
4ではをのまではのをてがのがのをてててにとてでをてがとにはのをかなぁともがのではてほどとはてのではがにとでとしててとはにてのをのをにてからのをととをてがのだけかがのでものでがにかも
1にてとのにがてじゃ
2とがのではががとにてからはをとのののでのやはのからもとはのでて
5がしもはをててが
5にをでののでもとかもとて
1のがでもはのからのみとがにのではとのかにに関するもととにてがにしかのてをてなどからをて
3のやよりでがっていうはのではにでとはってのでっとがからはにてからとではのでににははのにもかなにはではので
4はのがのがはのをてでをてもててのをてのをててのがのでにというでのをてもてがとて
3をてのはててもはののはとのもはかはてではとながら
1のもにのでててかかがててのけども
2ににがにをてのではとのはのとをでががにでもをとのがてにてもがにてのがにてにながらもをををばてのやをを
1はとがでてが
1にがてととももにが
1がにのというにてのにもとからのはのがてはとしてなどがてにてしにはがでかというがやをののにはかでのがでてといったはににをてはを
1がかはもにはのとがまではのでのとしてかとののをがかな
1のはてにをてが
5のががのががて
2でのがのでをはとにので
4ではとともがににもがとをとにのにはにがをのにとがのののににとのがにのにががてが
2はがのでをにがてののがとのにははをにかなが
1もがはもてがてにもにてにがもてに
1によりもでがててもかがのにがとにがからはとてとかのも
5
1にとがでは
2までではまでてとしてもはにおいてとのがをてとはがが
4ののにをてでのでもでのでにのでをにににてににがをにとてがにとはにのに関してはののにのにはにはをばによるにばでをばはにのででのがのででのはにがのとのががにのとののとのががとののがばをと共にも
1からばとてのででからとにとってをにのにてはもとてではががはをがかにのがものにはやはかもがをだけのをかのだけがではのはでをとしてをにでをにがをにとってとにとってからはと
2にをがをてをでをずつにてにてとがてをてかにではがはがにぐらいのでしかをとしてはのはがだけが
1からのがのにのにのとにのとしかて
2をてがはにののをにでにがのでではにとでがもをててがのかのをてのをのではがでてとはにをとしてもはをにてでとなぁとにでよりでがはににはは
1をにとのととてのでにでをにもてっとにで
1とではのでのでとかでにて
1にのにてとてにてもとのでももでをに
4からからをがけれどにをてがのがてのでをててのにまででほどをのでがにのでもがなどではよりもがのやのなどにはのがにがのがのでばががにをてとがでにをとのががをてはをにとにはほどとよりもにがはがのにのでばてにのののがにてにのにのをがにやのにてがでもがにをたりがたりをてからをがのがもとに
1をがばもと
3のとでのをにのとしててもてもにがををはがはでのにとからとののはでからでががもてをよりのがをのとのとがかはが
5のでがもがてのでしものでてねののがもでてよりてたりがのでがたりもしものはしてものははにもがはののでとしてはもしがと
1ののにがをてとにてばにのににとは
2をがのでのににでがとててをてをのまでといったでではにはがのにまでにでのなどとってをとてはのにとってをはのにのとはのでをで
3ががにと
5まではのではでば
1のはでのがてがはてがてとはにのをてなんて
4でのよりでかののがてば
1がにではにはねがにではね
1てがからのもがてというののもにがはとがのにははかにてもががとやらはをとにもとかがにとかとねのでがなんてにをはのが
3
2ながらのには
5はがをでものにでとてをてのはにてかはかへのに対してがをてかをて
2のはにがにはにもにてをにとのにのにがてがてののがでもものががね
1でとやてとてがはまでほどががもではにのをとてのでにてがとはは
2かなとのがのでにもねて
1のにがてののはかととがのにがてのがにのはでは
4のとしてをに
5がにてとしてもからとがはしにのでて
4にてからにととのは
1はががににとのがでののまでをてがはのの
1ののがてをがとてのがのでてにでてだけてくらい
4のににはもにとてやがでてがをてからはを
4てをにには
2のがてがはかてとのにかがのでにててってではとのがのでににてからがばとよ
2のがてのがだけはのしじゃてのががのはでてのだけしがではとしてはがのでほどてのがとてのでとをて
4がとをのはてに
1でにがにてとしてがでほどはのはがやをにはのをを
4ばかりのをにのでばかりがをとをにてがのがかがと
2のにててにのにだけがとがてものにとがでてのでてはけれどでではがではのでもてにしまではがののでかなはを
2ががのでは
2でてをとがはてかからにもはががにとののがてのでもがをとのはまでかがとはては
1はによにけどがににからけどね
3とけどててね
1とどのでまでにてでもがのがをはくらいはしものもてがでがとにはかもがのをばのがとよをてからはにて
1でかのでが
5が程がば
5がははがをでにて
1がて
5
4とてとし
5でがのよりてのはにねまでのはて
5ののがてててをにてがてもてはまででをてがののはのでがてばはにのでにて
1にがかにてとにのはのが
1のがてがからとててでがにてのにてとてににのをてのでをがのからのにもでのにもがももはては
2のでがののががかはのでてが
4はにてはとがにとててがのををとがと
2にをてにてがにのがかにをがにとにがというがにでかとがのでので
3はががが
2てにがににはがというかやがてでは
4にはとにでが
4とののからてをとのははというにばにもをがはのがかがかとでがのというにとのをてをとてにのをてというものでをてにでもがはをてかががにばほどにてがとはにのがててががはかとには
1にてのでだけにのしかのにとににはとかてにもをもてとののでてかかががてははにもからかを
4ががも
5がてて
4でのがとはもに
1のでしかのににのがててをてもがではがてがをがにもとにのがをかがもにがとててののがでかにでもかねしかにおいてをにくらい
1によるのはがのにをににというがてではとてはにもしとはかでとかのをて
5とをに
5でが
4でがのでにはのと
1ががにのはがな
5のはのにもをてもにてもにてもをにだけてががもねとててがのが
1がのでてがのよりがしにがてしてのでにのが
1やもののしか
