4良い 
1大きかっ 
5ない 
4 
4小さい長よくやすい 
1 
1なかっ 
4面白やすいありがたいいい煩わしい安っぽい 
4面白かっ 
4冷たい 
1 
4興味深い 
1小さいよく小さいいい無 
3軽くよい 
1良い悪 
1高い悪い無く 
2安い凄まじいない 
2 
1づらく 
2おいしい 
3美味しかっ 
4有難い 
4良い無い良かっ 
2 
3大きく大きい良い 
5 
1いい 
3やすくやすい 
1 
1ないいい 
3良いよく 
1いいすごくいいいい 
1速い 
1無かっ無い 
1大きいないない大き悪いないない 
1遅かっ 
4早く高い高かっ安い 
4安く 
4良い多く 
3臭いいい 
1 
4薄く軽くほしかっ軽く 
1恐ろしい悲しい 
1素晴らしいない 
1いい 
1赤い欲しかっ 
2多大きい物足りないありがたい 
5良かっ 
4づらくない良い 
1短い 
5無く良い 
1悪し 
3やすにくいいい 
3無けれ無い 
4いい小さくにくい大きく 
3づらいやすい軽く良いいい軽い軽く好ましく欲しい遅い遅くがたい悪くいいやすい低い悪くよい 
5 
3 
4小さいやすい 
3難い 
4強いなく 
1悪い無い悪い欲しいほしい短無く 
3にくい高いなし重 
1良い 
1悪い悪いおかしい 
5安い 
3 
1なく早い良かっない 
3大き高い 
4良い小さ 
3うまく良い 
2良い素晴らしい良く少ない上手かっ欲しかっ凄まじ欲しかっ 
3なく 
4素晴らしい良かっ 
3もの凄くいい明るく欲しい高いない早く 
4薄い悪い 
1小さく 
1高くおかしく悪い 
3いい 
4赤く 
4 
4 
3難しい 
3っぽい欲しかっ 
5 
2固く痛く 
4細かく良かっよかっ小さい細い危ない 
3良い 
3長少ない良く多く早いない若い男らし甘甘 
1遅く 
5 
3やすく 
3優しい 
3早く 
3 
4面白かっ 
3遅い 
3良い痛いしぶとい安い良かっ 
2良いうまく 
4早く安く良かっ 
4やすい美味しく 
2柔らかい 
1 
1安かろ悪かろなく悪い 
3いい 
2重くいい 
1 
5良い良い良かっ 
4重く新しく軽く軽いない嬉しい 
4うまく 
3安けれないよい 
4大きく 
1臭く 
1 
1とてつもなく 
1難しい 
4安く 
5何気なく多く 
3大きく 
4 
1安い 
1薄いにくい 
2良い 
3 
1悪い 
5強い 
4面白い 
5大きくいいすごくよい 
5 
5 
1大きいにくい 
5良かっ 
1荒い遅くほしいほしい 
3薄く良い 
1 
2良く悪く惜しい 
5多いよい 
5凄い 
1ないひどい 
2すごい 
2なく 
1軽くなくきたなく 
5素晴らしい 
2固い痛く無い 
2 
1臭 
1大きい小さい大きい 
5いいない軽くな 
2 
1面白く面白く面白くなく悪い優しい多い新しい良いなかっ 
2 
1安くほしい 
1遅かっ 
1悪い 
4ものすごく臭かっ臭い 
3良く面白かっ 
1うまくない細かい 
5大きく良い 
1いい臭く 
1やすい甘くいい 
1悪い良い 
5安く重いありがたい 
5 
2悪く遅い 
1素早く 
4白 
3熱い早く早くない 
2 
4細かいない細かい長いない安くいい 
1軽くなくきたなく 
4いい四角い広く少なけれ新しい楽しい良い狭い重く 
1なしない怖く悪い悪く怖い怖くない怖く 
4にくくやすい大きけれない 
1臭い大きい 
5 
3いい 
1 
5良かっ 
3細かいいい細かい良いないうまく柔らかい悪い細かいいい 
1うまくもったいない 
3にくい 
1 
5薄いなく薄い赤く弱い 
5良 
1いいいいな 
1 
4良い多いすっごく 
3かわいく無く 
4すごくいいおいしい安く 
5良い 
1欲しい面白つまらないあざとい 
1おかしい重い 
5やすいほしいよかっ 
5少ない低い良 
1ない 
1悪い 
1重く軽良く悪い悪細かいなし 
1難しい素晴らしい早い 
1高い 
1悪く 
4いい 
3冷たくなしない 
2いいやすい 
5多い 
5多い安く良かっ安く 
3いい 
1正しいない低欲しい 
3新しい 
5やむ無し良く 
1ない気持ちよく 
1多く 
4ない悪い赤い大きかっ大き良いにくい 
4多い軽い 
3ありがたいにぶい明るい見やす暗いづらい 
2 
1大きかっ 
1面白い可愛いかわいい強く凄まじく素晴らしい弱い弱い素晴らしい楽しくいい楽しい 
4やすくいい 
1良いやすくない良い嬉しい 
1良く良い赤くなく 
1ない気持ちよく 
5早く 
4優しいなかっ 
3気持ちよいいほしい 
5凄かっすばらしい 
5高い 
5にくい良い 
4少ない多い悪く高いうれしいほしい 
4 
2ひどくひどい 
4高いよい白く 
5涼しくない安い安い 
1 
5ない多い早い上手くやすかっ 
5弱くやすい赤く良い多くありがたいやすく 
4 
3欲しい 
4粗い小さ 
4良くづらいやすい悪く 
1大き安かっ 
1 
3美味しい悪く欲しい 
3 
4やすく嬉しい 
1ほしい 
5なく大き大きい 
1ない気持ちよく 
2 
1いい 
5 
4良く良い 
1 
5無いにくく大きい 
4安い安かっ 
4薄く軽く無い嬉しいいい軽く欲しい嬉しい無けれ無く素晴らしい無く 
2古い古い古い小さく明る良い 
5良い 
3良い早いい 
3近い 
1見にくい悪い 
1なかっ 
3いいないいい 
3なく難い 
2面白いやむを得ない 
1遅く 
2やすく多多いい速よい悪くないいいない 
1 
3やすいやすい 
1ない 
3ない辛い無い 
3 
1大きいにくい 
4やすい 
4痛く低高近く悪く 
1悪かっ安いすごく 
3良い悪い良かっ 
1 
2やすいない邪魔くさい 
1悪楽しい楽しいおかしく 
3楽しく 
1 
1なかっないなかっない長いないないない 
3なく 
5良い 
1悔しくない 
3良い若い良良かっ良かっ多く無い嬉しかっ良かっ 
5良く 
1面白い可愛いかわいい強く凄まじく素晴らしい弱い弱い素晴らしい楽しくいい楽しい 
1宜しい 
2小さく広い 
1 
1 
2細かい 
4っぽ 
4嬉しい細いない 
1ない 
2よかっ 
1暖かく良い 
5安く可愛いやすい安い短いやすかっ 
1 
4ない良かっ厚小さいいい無い遠く遅いなくやすい優しく良かっ大き明るない軽多い欲しい良い狭く欲しかっ 
1いい 
1く悲しい 
1っぽく美味しく不味く 
5難く軽い易い 
1強いつまらなく 
2面白い 
2大きいないほしい 
2多いもろい 
2 
4明るく 
2 
1高いにくい上手く太にくい 
3良く 
5いい 
4よし 
3すごい 
1っぽく美味しく不味く 
1深いせこい気持ちよく 
1短く速く 
3面白い良い多く 
2安い激しい安いながい 
5凄い 
2難しくほしい 
1大き面白く良かっ 
5面白い 
3大きくにくいない軽いやすく 
1なしもの凄く高く 
3眠くなし 
5白く 
1よ 
1無いない無い 
2良かっ臭い 
3やすく正しい正しいなく正しい良かっ良いいいいいないない多く 
3多い 
2 
1多く高いにくい細かくよく煩わしい明るい良い良いほしい 
1 
1 
1濃い 
2ほしかっ 
4多い細かい 
5 
1よろしい怪しい 
3黄色く悪く悪い 
3いい高い高い高い 
1すごく無いいいよかっ 
2凄まじい難しく 
4安く嬉しい 
4よかっ 
5いい 
1難しい難しい悪い 
4丸いにくいいい無くにくいほしい 
2良い面白い悪い無い無い狭く悪いない無い無い無く長くつまらない面白いものすごく軽いつまらなく無い 
4やすい多い 
1新しいなかっ無し 
2浅い悪い多かっ 
5臭い 
2 
5よい薄いいい悪い 
3強い厳しいくさい速高い低いなく高いくさい 
1優しい遅なかっ遅いなかっ高良い 
1ないっぽい 
2固くづらいいい 
5短い良かっほしい 
4 
3ない 
3無い 
1くさいなかっくさい 
4 
4安く欲しい 
1 
1なかっ 
1弱い多く悪く 
1ない腹立たしい 
3なかっ高緩く軽く低かっ 
1小さ 
5長い良いなく古い早く渋くなく優しい 
2速い無かっ 
5よく 
4 
1高い 
5良かっなし 
5良しでかくやすい有難い 
3でかいなしなしなしきつい 
5 
2鈍い 
4 
3 
4良い角良い良いない良い 
4無く 
2 
4おいしく少なくいい 
1楽しい悪い 
1悪い 
1高いひどい 
3大きく大きく小さい高低く長い安いよい 
4 
4多くないない大きい軽多かっ悪い遅いないすごい 
1悪いいい 
1うまくない細かい 
2無い良い良い 
4少ない多い安くいい無い長く良いにくいやすい嬉しい悪い嬉しい悪い 
1ない高いいい 
4 
2 
1酷く 
2良い 
2安いほしい 
5にくく良い良い 
5良いやすい 
2辛い良い苦しいない臭 
1臭い大きい 
5柔らかくなくなく 
2いい図太いすごい 
1早くよい 
2っぽく柔らかい安くありがたい 
1高い 
2深かっ濃 
3高いない良い 
5なし良く 
5 
5 
1なく良く低い少ないほしい 
1 
1 
5 
1 
4善い気持ち良いないやすい 
4いいない強い良 
3ない 
1薄い無いよかっ 
2すごくかしこかっ 
4 
1 
4無い美味しい 
4重たい強いなし安い 
1なかっ 
4多く易く良い無く 
2なし鬱陶しいなし 
5 
1いいすごくいいいい 
5 
2安い欲しい 
1良かっ 
3 
2太くいい太無い 
1 
3 
1欲しいないないないすごく欲しい 
5臭く 
1良い 
2ない欲しかっいい 
1ひどい 
2にく良い 
4 
4良い 
4長く良いない 
1 
3やすかっ面白い 
5 
3 
2少ないなかっ多く良い新しいなかっ 
2 
3悪い 
4よし 
5 
3にくく不味く美味しく 
2薄い 
1 
5大き 
4いい優しい 
1無い良いいい面倒手っ取り早い無けれない 
4長い 
3 
1柔らかあま 
2 
2遅く良く 
3少なく良かっ安い 
4 
1 
3なしいい小さいいい小さい 
3なく古くない 
5良い楽しい 
1ない 
4無かっ酷いないいい 
4無くいいない 
2 
5楽し 
5ものすごくよかっ面白い 
1弱い弱い 
2なくいい 
1 
5いい 
1にくい 
4短いいいものすごく少ないない多いない 
4有難いやすい 
3良いぬるい 
3やすかっ 
4ない悪い 
2やすく 
2 
1小さく 
4大き良かっ 
4真新しい少ない 
2なくなくないうれしい 
1早く良い 
2良いない無い 
1 
1 
5やすい 
2白く 
1悪い 
2強い楽しいい甘い面白い 
4胡散臭い良い 
3高い 
4長 
1 
1弱く軽い良い無く優しい無かっすごい良かっ 
2低ないほしい多く 
3良い 
1良かっ不味っぽ凄まじく悪い不味い 
5なく 
5 
2っぽく大きい温良し悪しよかっ 
5やすい 
5良くやすい小さい 
4少ない 
1 
2美味しく硬厳しい 
2 
5軽いなし安いなしなし 
5欲しくよかっ 
1ない 
3 
5白い白い 
5無い 
1安けれ良く難しく良い 
2いい 
1やすい優しい弱く良かっやすい高いやすい多いやすい多いすごく面倒くさいすごくいい早く良くすごくいいやすいいいやすけれいいにくいない 
4薄い安い 
5いい少なく 
1薄く白い 
3 
1見づらい難しかっいい 
4良い良かっ 
5多く早く良い 
1重い硬い 
5悪いなしなし 
1 
2高いやすい良い 
5嬉しい 
2大きく 
2長大きくやすいおかしい 
5酸っぱ臭い長いない白く 
3ない怖いなし素晴らしい 
2高欲しかっ 
1良い良い臭い大き 
1なしもの凄く高く 
5楽し 
5 
2安っぽく大きいにくくいいやすいいいいい 
5大きかっ 
1やばい 
5無く広いやす良い 
1柔らかくいい 
5やすい 
3安い臭く 
2めんどくさい 
1酷い 
2物凄く辛い大き 
1 
1 
3多くつらかっ古い古 
2なし 
3臭いいい 
1薄い無いよかっ 
1 
2早く 
1臭く安い 
2 
3悪く悪く 
1大きい小さい大きい 
3 
1遅い遅い古い遅いない遅いにくい 
1ない 
3にくい 
3高い 
4ばっち明るく良い白いなく優しくやすい 
1早い多い良い安かろ悪かろ 
5かわいい柔らかく良いやすい 
3暑い臭くなく 
1 
1ない 
3厚い良い薄い多く 
2良い良いなかっ 
1いい 
1っぽかっ面倒くさく 
2低いいい 
1良くな 
4面白い 
4赤く 
4安いないよい軽く軽く重くなく悪く面白いほしいない新しい欲しく多い古いなし良いほしい 
3やすく良い悪く高い 
2安く 
3ない 
2やすい赤い柔らかい多く柔らかい硬く柔らかい良いない 
3なかっやすい 
3詳しくいい良く悪く 
1大きづらい遅い小さい良い 
1深いせこい気持ちよく 
4面白い 
2遅い無い 
4いい安けれ 
1ないない 
4にくい安い 
1うるさい 
5怖なかっない新しい 
5良かっ 
1欲しいない 
5安く安く 
2欲しけれいい欲しい嬉しいいい 
1少ない高いない 
5安くやすく 
2良い 
1 
3もったいないいいないないにくく腹立たしく優しい 
2にくく遅い 
5細く可愛い 
3面倒くさいない 
5細かく美味しい 
2うるさかっない 
5なく 
5暑い涼しい 
1 
1腹立たしい 
5よく 
4無くなくなし 
2いい 
5良く大きいいい白い赤い 
5やすい安い軽くやすく 
3良い 
4欲しくなく大きい 
4安いいい 
4凄い小さい 
3やすいない 
2いいなく悪く 
2無い 
1欲しい 
3いい小さい無い 
3やすくなけれなし痛く柔らかく 
5短かっ煩わしかっ難しいやすく可愛い 
4 
5ないない難しいうまく難しい怖素晴らしい高いいほしい怖い忙しく素晴らしいいいよかっ 
3少なく 
5やすい丸い 
1酷くづらいこの上ない良い高い高くなし 
3小さい大きい小さいたまらなくいい 
2良い無い 
1欲しかっ恐く 
5小さい強く良い 
2 
5安い 
1 
1若いよくなかっ 
2悪く 
5良かっ 
1なくな遅い良いやすいやすいやすいいおもしろない難しい高くやすい多く高おもろないつまらな広つまらないおもしろいおもろなつまらない悪い薄くいいいいおもしろくおもしろいおもしろいむずかしいうまくなしなけれおもしろくいいいいいいいい無い無いにくい遅速楽しい速い無いいいほしいつまらなおもろな多 
5安く多く良い可愛いい 
1悪いない低いない 
1なし 
4大きく多い大き良いいい 
2なくよいよく 
3いい 
1 
4なく安い安いやすい長く 
5重太すごくやすいいいいい 
1いい正しく正しいいい正しい 
4小さい大きいやすい 
1大きかっ 
3遅く多く無く弱 
3臭い荒い細かい 
2つまらなかっ 
4やすくいい 
1ほしい 
2良く悪く 
5やすく高いよかっ少ない 
4可愛い 
4良い 
3強いよい良い 
5重い悪くいい 
1良いなかっ 
5易いづらい大きい 
5嬉しくいい 
3良い軽く良かっ 
5高く 
1良 
1 
3いいないなくつまらない 
1恐ろしく 
2無い 
3ない大き 
5安く 
5強安く 
1遅い 
2なくよかっ 
1ないひどい 
1素晴らしい 
2ないい 
1なかっ 
3 
5 
4よかっ末永く 
1 
1上手く上手いやす良い 
1面白く面白く面白くなく悪い優しい多い新しい良いなかっ 
4薄いやすい詳しく 
2楽しい 
2長いない 
1 
4小さくたまらない軽い 
2遅遅い荒い良かっやす高い 
1良かっ物足りない欲しかっ良い 
1無い怖い 
5安く 
4楽しく 
3 
4良い安く 
5よい大きほしい 
3大き軽厚重よかっ良い多い低い悪いいいうまく遅いよい 
3 
1うるさい 
4ばっち 
2早いいい強い長い薄かっ 
4 
1ちょろ 
1悪 
2面白く 
1 
2いいいいない 
5 
3良く気持ちいいなかっいいいい 
1少ないづらい 
1うまく無し 
1大きづらい遅い小さい良い 
1良 
2正しい 
1 
1すごい 
4多くありがたい 
4少なくづらく細かい良い安い重たい 
1無いいい多い危ういくだらない多なくっいいないない 
5暗く 
2うまく 
1ない 
1早く 
5正しい欲しい 
4 
1面倒臭 
5ない面白い 
2厚い 
2遅い 
3痛く良い赤く痛い 
3早い 
1 
1欲しいない 
4強い 
1白い茶色い白い白い可愛白い白い良い良く 
1ない面倒くさく 
1欲しかっ 
1ないない 
2欲しけれいい欲しい嬉しいいい 
2高い低いまずいにくい 
1悪く不味い良い 
1遅い 
5大きいひどくない 
5 
3良かっ新しい良いほしい惜しい 
5やすい 
5 
3薄く重 
4小さくやすい 
5やすかっ 
2難しく安く赤い赤いいいいい良かっ黒い赤い無い見やすい悲しい 
1にくい 
1欲しかっ恐く 
5安なく 
1なく悪い 
3 
4 
3いい 
5大きやすい 
3いい 
4無かっ無けれなかっ 
5素晴らしく 
5 
2良かっ 
1素晴らしい面白く無く 
5なくいいやすい 
4良くないない 
4やすい安っぽく黒い 
1 
4冷たい悪い冷たい悪い 
1 
5太低く良 
4美味しく冷たい美味しい 
2 
3硬く薄く薄く 
1 
1悪い 
5やすく美味しい 
5小さい多かっやすい 
1 
1悲しい 
5やすく良いやすい 
3少なくなく 
4凄い 
4多い 
5すごく 
1なく安い 
1小さく軽くにくい良い 
4多い多い 
4高い 
4にくい良い 
4やわらかい危なく良い 
1 
2にくい無い 
1なかっないなかっない長いないないない 
4甘く美味しい高いいい 
5良い 
1少なく 
3弱く 
1ないいい 
4やすい 
2にくい良いなくなく無くない黒い無い 
2軽く 
1遅く 
1にくい良い 
1 
1酷い楽しい大きく弱い弱い上手く多い強い弱い 
1 
5涼し 
2 
1欲しいないないないすごく欲しい 
2 
4良く高い安けれ 
1いいすごくいいいい 
4嬉しい 
2良かっ 
2臭く 
2邪魔くさいほしい 
2小さくなく小さく良い小さ小さいにくい 
1な良かっ 
2高い高い安い 
2 
2 
1 
1ひどいない大きい欲しい 
1なかっ 
2良い 
3やすい 
4よく高い良い安い 
2怖く 
4良くいいいい長 
5 
1欲しい 
3安いいい 
5安くいい 
4やすいない安い高 
2ない難しい難しく多い多いほしかっ低い上手く多かっゆるいなく無い多く良いなく 
4多く明る良い見やすくにくいやすい良くやすい軽い大きいいない悪い低くづらい欲しかっ柔らかく 
5やすく良かっ 
3いいない早い良かっ 
5難しい大きく 
3無く安かっ軽い良く 
2遅いない 
3 
1良 
5新しく鈍くなきない悪く悪いないなく 
1でか大き良く 
1よ無い無い無いよかっ欲しい 
1凄まじかっ少ない高 
1 
1 
1いい良いよかっ 
1 
2 
3少ないほしい嬉しい 
1 
1ない 
5目まぐるしい良い 
1高く 
5良い高くよかっ素晴らしくほほえましい 
2ありがたい遅い勿体ない 
1 
5薄く薄い 
2白く不味い 
1良かっ 
5 
4悪く強く 
1 
4強すっぱきめ細かくおいしい 
5良い良い 
3小さい詳しい欲しかっ良く良い 
1硬い痛く良い無い安い汚いない良い悪い 
5 
5にくい 
1 
5面白かっ欲しい 
5悪く早い早い多勿体ない良い 
3見やすい少ない良い楽しく面白かっ欲しかっよしな楽しかっ 
2良い悪く 
1 
3すごくやすくいい 
1古く 
2なくいい 
1凄まじかっ少ない高 
4やすい悪く 
2激しい 
3臭い 
4無いなし安く欲しい重い 
3新しく 
1 
4多い多いいい 
2弱く新しい小さく見にくかっ古い新しい 
3ないなかっ 
1 
1安く早くいい 
5小さけれ小さく高く難しい 
1楽しない 
4臭い 
4短い 
4良かっ 
2軽く 
1安かっ 
4白く白なく白良い 
5多い嬉しい 
1なく 
5面白けれいい楽しないにくい 
4新しく良い 
2やすく安くやすい 
5 
3酷かっ酷かっ悪い良い少ないないいい 
5安かっ楽しかっ 
1きついなかっ 
4ない 
2良く面白く 
1いいいいな 
5いい 
4甘い 
3やすく 
5やすい 
5多くやすい 
3長く難い易い 
1安い 
3いいづらい 
3良く 
3高い安く 
1紛らわしい 
2速いなかっ固い 
5なくなく 
5 
2安く臭く 
4速く短く速よかっ 
1にくい難い 
3良い高い 
1古い 
1 
1良き良かっ良いなく 
1悪く深いない厳しい多く強い面白い 
2 
5近い細かいやすく美味しい 
1ほしかっ 
5甘い安い 
1 
2早く欲しい 
2不味かっ美味しい無い 
3早い 
4白いよく 
5かっこよく凄く 
1悪い悪い 
1新しいなかっ無し 
1悪かっ安いすごく 
1ない恥ずかしくづらい優しく早く 
3注意深く良い良い 
2荒い細かくいい大きいい 
2ほしい 
1 
4酸っぱいもの凄く大き無い臭い安く酸っぱい臭い 
4欲し楽しい 
2面白かっ多く多い面白く欲しいほしい 
4ないよい良く 
1若いよくなかっ 
3いい厚い多く薄い 
1ないない 
5おいしい強いかっこいい恥ずかしく良い良い 
5珍しく 
2重く短いにくいな 
4良い良い良い小さい良い 
2 
1多かっいい 
4良かっ 
5大きやすい 
5安く安く良い 
1 
3悪くないいないいい 
5やす安かっ安い 
2美味しかっ美味しくやすくにくい 
4面白かっない 
1ない良かっ 
2 
5いい欲しい凄い無かっ 
5高 
1なかっないなかっない長いないないない 
2高い良い 
5よくやすくよくよい 
1 
3 
1酷く高く無し良い 
2なし 
1 
1悪く 
1早く 
1よかっいい 
2多く欲しい 
5安く嬉しい 
1いい 
2ない 
3 
1悪い 
1 
1 
1づらかっ 
3ひどい 
3美味しい 
5安い重い 
1速い 
1 
5欲しい 
4忙しくない 
2 
1ものすごく 
2 
2大き 
4安くやすい高くいい 
4安いよかっ長 
5安く嬉しい良い 
1ない 
1なかっ 
2安い安かっ 
2近かっ青白い見やすいいい 
4無かっ 
5軽く軽く 
4やすかっ 
1悪く 
4悪い多い白く 
3良くない 
1 
3眠なかっ良い 
4少ない小さいよい 
1いい 
3 
2大きくよく 
3面白い 
1怖く 
1 
3丸いにくいなかっ 
3 
1いいすごくいいいい 
3やすくやすいない 
3いい 
2安い薄いいい 
1 
1 
5やすい 
3良いっぽいものすごい 
2 
5にくく良かっ 
1強いつまらなく 
4やすい良い面白く良かっ面白く無い 
5やすいやすくにくい有難い 
2ないいいない高い 
2なく強く 
3難い 
1少なく 
1 
1 
5良く良く良い良い良く 
1安く良い 
2安い美味しく 
4美味しい良い 
5 
4強い 
1良く恐ろしい 
2柔らかく少ない痛く重たく重重臭いひどい 
5 
4 
5古い 
4美しい早い細かい欲しく嬉しいいい高いいないないよく欲しかっないよかっ欲しい多かっなかっ 
1高く 
4安くよい 
4 
4っぽ長いにくいやすい 
3無い 
3 
2臭い 
5よく数多く 
5良いにくいやすいほしい良い 
5新しい 
2薄いづらかっ欲しかっ薄く軽い悪かっ 
1ない 
1いい 
2いい 
2良い悪く 
3ない 
1やすい 
4新しい 
2強い 
5素晴らしいカッコイイ 
5 
1悪い 
4やすい痛く甘いい 
1 
3欲しい高い 
2いい 
3大き小さい緩いほしい 
4なし 
4 
4新しい小さい 
2面白い永く面白かっむず痒い 
1 
4良い安いありがたい 
3凄い良いなし 
3大きやすいい 
5だるい 
1硬く凄く痛いない 
4小さくにくいいい 
3 
5良くいいいい 
1欲しい欲しい 
1 
2遅うまく 
1ない 
1ほしい 
2白く 
3良く 
4軽く良い易い 
2なかっ赤く 
2少なく欲しかっ良かっ 
4丸く悪く 
1酷く 
1酷くづらいこの上ない良い高い高くなし 
5 
4やすいなし遅遅い多いない 
5ない 
5 
1ちょろ 
1すごく無いいいよかっ 
3難しい楽しい難しい 
5欲しい強くいい 
1 
1無いない無い 
4いい長 
3めでたしめでたし 
2遅く悪い 
1安く馬鹿らしく安くない 
1良かっ 
2なかっ 
1 
2ほしくすごい軽かっいいいい重い重く長い痛い青くかっこいい 
3興味深いなくないない 
2 
1すごい 
4安く嬉しいありがたい 
1臭い酷く 
4良かっない難く難しい 
5いい欲しい凄い無かっ 
1ものすごく 
5楽しく可愛いやすく 
1美味しい安い 
2良かっ黄色く 
5なくよいい良かっ高い薄い素晴らしい 
5 
1ほしかっ 
1厳しかっ 
1かわいい良い楽し強い気持ちよく楽し弱い多く弱い多く弱い悪い可愛い無い 
1安い 
4多かっやすく 
2いいなくない良いない無いないわるかっ無しないづらい無少ない少ない少なく多いいい 
1なし 
1弱く 
5少ない気持ちいい 
1にくい 
2なし極まりないいい 
2 
2甘く多く薄く欲しい 
1 
1大きく 
1おかしいなかっ 
4薄く軽くほしかっ軽く 
5大きいやすく良いない良い 
4臭く柔らかい良いやす安いよやすい 
1遅かっ早かっ早 
1黄色いいい 
1多く 
5 
2 
3なかっよかっ 
5にくいいい 
4安けれ 
3大きい 
2ないない悪い無し良い 
4やすい物足りない良いいい 
1 
3大きい 
1 
5浅い良かっ 
5 
1香し 
5柔らかい湿っぽく湿っぽく 
5めでたく楽しくいい 
1軽いいい悪いものすごく遅い早い遅いにくいいい 
5痛く 
5良いない多く高く 
5 
4安いにく安い 
4 
2真新しない 
4安く良い 
4少なくないもったいない 
5やすいやすいにくいにくい安い 
1小さい多かっなし黄色い 
3良い面白く浅い早い良強いない面白い 
5きつ 
1やすい 
1ない良かっ 
3無かっない楽しい面白い 
4 
4軽くなしいい 
2なく 
3良い長なかっ 
3いい恥ずかしい良かっ素晴らしい 
3少なくよいよい 
5良かっ少ない 
1短い 
5 
4良い暗くっぽい無い 
5ありがたい 
1早い多い良い安かろ悪かろ 
3なく若いない 
1ない 
3硬柔らかかっ 
1 
1遅かっ 
4 
4大きい怖い良い 
3大きいほしい 
1ひどく 
1ない 
1悔しくない 
1欲しい 
1酷い早いほしい 
4面白かっ多く無いやすい 
2怖い固く 
4良いづらいいい 
1 
1なし良くなし暗い見やすくやすいなかっ悪いない無いなけれほしかっなく無いない良し良かっいいなかっ高いよろしい 
4多い良い多い強い悪いづらいなくなく無く 
1安い良い欲しい 
1 
1 
1 
1なかっ 
1臭 
2新しい高い 
5大きいなしなし高 
5多い多い多いなく 
4 
3 
1強明るい多いない易易易明る強易暗い易 
3良いない良し 
1面白い 
1 
1速い 
3大きいなく 
1 
2 
2大きく 
1 
3安く良かっ 
5憎くき 
5うまく 
1小さい強い良いすごい上手く楽しなかっ深く堅苦しい上手く良く上手い楽しく多い無く程遠い楽し多く上手くいい楽しく深く楽しいない楽し悲しい 
4悪い 
2良い細かい強い 
5近少ないよかっ 
2白い汚い古いなかっ 
4図々しくないたくましく良い図太 
1ないない 
3 
1なく 
2うるさいすごくうるさいうるさいいい 
3っぽい良く 
3大きいいい高い安く 
2おかしいなくなく 
2重いほしい 
5早く安く 
5早く良かっ 
3ない安いない安い 
2欲しい 
1なく 
1 
2固くにくい 
2良い良い 
5多く 
4 
4赤い大きく見やすく安いづらく安い 
1素早く 
3良かっ 
2やすい無いうまく悪い 
1 
1荒い遅くほしいほしい 
2 
2軽く 
1紛らわしい 
5かわいい 
1多い 
1いいないい多にくいほしい細かい惜しいおもしろかっ 
1 
5 
3すごい 
4良い 
3づらいやすい軽く良いいい軽い軽く好ましく欲しい遅い遅くがたい悪くいいやすい低い悪くよい 
3遅い遅かっ遅早く軽く大きよく軽い少なくいい良い少ない 
1ない 
4長い高 
4 
5良い 
1おかしい面白くない良い 
3良い 
2いい 
1 
5良い良い多く楽しい 
2良い 
1難しい 
4 
4小さい見やすく良かっ 
3太もったいない長いいい高い 
4 
1多いないない楽しく可愛く良い欲しい上手いほしい古き古いよい眠たく 
4重い有難い良かっ安い有難い美味しい 
4欲しい 
4安くよかっ 
1悔しい悪い 
4美味しい薄く 
4 
3いい大きい酷い辛 
5やすい気持ちよく 
1美味しく 
2易く高い安く良い 
4早い早 
3うまく 
4安く美味し 
3早いすごくおかしかっ甘 
1 
3難しい大きく 
4いい 
5なしよかっ 
1 
5安い軽い素晴らしい 
2無い 
2良くなく 
2良い無い 
3素晴らしいないにくい 
1速 
3良い難い安い悪い臭い高い 
1 
2良かっ 
2おかしい酷くない 
1ない 
3悪く高い良い安く 
5良い 
3 
4なく美味しいにくいほしい 
3強い 
1 
2 
2 
2ほしい 
5 
4 
1なかっ 
4悪く 
1楽しない 
1ないなかっひど 
4小さいやすい新しいいい 
1悪い 
5弱く安く良かっ 
4いいいいっ 
4難しい良いやすい良い良い 
1ない悪い薄い良かっ高かっ 
5ない良い 
5明るいにくかっいい 
5 
1悪い悪い 
3長く涼しい無い悪いやすい長くなかっやすいない 
5ない 
1なし 
3 
3良かっうい高い 
3目新しい多くないいい多かっ明るいないない良いない 
5多く鋭い楽しくやすく 
2なし鬱陶しいなし 
3詳しく 
2大き小さくよかっ 
1 
5すごく暑い 
1安くほしい 
4多くない 
1 
2まずいおいしかっ苦い 
2硬く痛い 
3カッコイイ悪いないよない多いすごい粗くすごい 
3良い欲しい 
2ありがたい遅い勿体ない 
4良い 
5良かっ暗いやすい心地よい良く明る嬉しい 
1 
1面白い 
5安いいい高く 
1甘甘い 
3広くいいにくい 
3なし 
3悪い少ないないいいない 
5いい 
5良く良くない若い 
1少ない高いない 
2良い細かい 
2良かっ 
5 
