1 
5 
1 
3 
5 
2この同じその同じこの 
1同じ 
1 
5 
1その 
1こんな 
1 
5 
1こんなこの 
5 
4 
1この 
5 
5こんな 
1そんなこんな 
5 
5この 
4 
5この 
4 
4 
5 
5こういうこの 
1 
3 
4そんな 
1 
2 
3いろんな 
5 
2このこの 
1その 
1この 
4 
2 
3この 
3この 
1このどの同じ 
1 
4 
1 
2 
1 
1 
1大きな 
4 
1こんな 
4 
5 
2 
5その 
1 
4 
1 
5こんな 
2この 
4 
4こういう 
4 
1この 
3 
3 
2 
5 
3どういう 
5この 
1 
4大きなそういうこのこの 
1こういう 
5その 
3いろんな 
1この 
3そういうこの 
4そのどの大きな 
1同じ 
2 
2 
4 
2 
1 
1 
1 
2 
4 
1 
4 
3 
3 
4この 
3その 
4このこの同じそのこの 
5 
5 
1あの 
1その 
1 
1 
5そのそんなこの 
3 
2 
4どの 
3 
3 
5 
2 
1 
2 
5 
1 
3 
5 
2この 
1 
5 
3その 
1 
1 
1こんな 
2 
2同じこの 
1 
4この 
1 
5大きな 
1 
3 
3 
2 
1大きな 
1 
4 
5 
2 
3 
4 
1この 
1 
1 
2 
5そんな 
2 
1その 
4その 
5この 
1 
1 
4 
1 
1そんな 
3そんなその 
1この 
3 
3その 
3 
3この 
1 
1 
4小さなこの 
5 
1こういう 
5 
1 
2 
5 
5 
2この 
2この同じ 
4 
1 
5この 
3 
1 
4 
5この 
3 
2 
1 
1そのこんな同じ 
4このこの 
1 
1 
1同じ 
5 
3大きな 
5 
1 
4 
1 
3 
2 
5 
3そのその 
1その 
1この 
5この 
4 
1 
2このいわゆるこういういわゆる同じこのこのそのいわゆるその 
1 
4 
4 
1この同じそのそのこの 
2 
3 
2 
3 
2 
5 
1 
2 
2 
5 
1同じこういう 
1 
1 
1 
1 
5同じ 
1 
5 
3 
1 
3 
1 
1 
1 
3この 
1 
1 
4同じ 
3この大きな 
3 
5 
5 
4 
3 
3このこんな 
1同じこういう 
2 
4 
4 
4 
4 
3 
4 
1 
2 
4そのこの 
1 
3 
3この 
1同じ 
4 
4 
1 
4この 
5この 
1 
5 
3 
4 
5 
1 
1 
2 
1 
3 
4 
3そのそのその 
5このその 
2この 
3 
2ほんの 
3 
3 
3 
3このそういうそのこのこんな 
1 
1 
1 
4 
2そういった 
5この 
4 
1その 
5このこのその 
4その 
2 
3そのその 
5 
3大きな 
4こういう 
1この 
2この 
1単なるこのこのこのそんなこの 
1 
3 
2 
3 
5 
4この 
3 
2 
1 
1 
4この 
3この 
5同じ 
2 
2 
1 
1このこの 
1 
5 
4 
5 
4 
5 
5 
3 
2 
3 
1 
1 
5 
1 
1あの 
5 
4この 
5 
5 
1 
2その 
2そのこのこの 
2 
5 
5 
2 
2このこのそのこのこの 
2小さな 
5このその 
1 
5 
3 
5 
1同じ 
2 
1 
4 
1 
1そのそのある 
4 
1 
3 
1 
4同じ 
2 
4 
4 
1 
2この 
4 
5 
1こんな 
1何らかの大したこういう 
5 
2そのこんな 
3 
4 
5 
1 
3この 
2 
2こういう 
1この大きなこの 
4この 
2そのその 
1 
1いろんなこんな 
5 
2 
4 
1 
2こんな 
3 
2 
4 
2 
2 
4 
1 
1 
2 
4 
3 
5この 
1 
1そんなどういう 
1 
3 
2 
1 
2 
3 
1その 
3 
3 
5 
4この 
3 
1こんな 
5 
5 
4こういう 
3 
4大きな 
2この小さなこのそういったこの 
2 
4この 
2そのこのこの 
5 
1 
2 
1単なるこのこのこのそんなこの 
1 
5 
3 
3このこうしたそのちょっとした 
5 
1 
4 
4 
5 
3 
3 
3 
1 
5この 
1その 
1この 
1 
5 
1そんな 
2このこのあの 
5 
3このこの 
1こんな 
1 
2どの同じ同じその同じその 
1こんなそういう 
1まさかの 
4そんな 
2同じ 
1この何らかのそのそんなこんな 
4 
1このこの 
1 
1 
1 
1 
1 
5 
1 
3 
1大きな 
5 
3 
2 
1こんな 
3 
2 
1そんな 
1こんな 
1 
5 
4 
1どういう大したこのこの 
1同じ 
2同じ 
2大きな 
4 
4 
3 
2 
4このこのこのその同じ 
1そのその 
4この 
4このこのこのその同じ 
1 
1 
4 
1 
1この 
3こういう 
3こんな 
1 
3どのこのこのそういう 
1 
1小さな小さな 
4 
1 
1 
4 
1どのその 
1 
5 
5 
5 
3 
1 
3その 
2 
2 
2 
1 
1このこんなこのそんなこんなこの 
1 
3 
1この 
5この 
5 
1その同じ 
1 
3 
3 
1 
2 
1その 
1この 
2同じこんな 
5 
2この 
3 
1このこのそのそのそのそんなある 
1 
3 
3 
5 
4 
5 
5その 
1 
1 
2 
3 
1このこのこの 
1 
1 
1 
1 
4 
1 
5 
4 
5 
4 
1そのその 
1このそんなおかしな 
1 
5 
3 
1同じ色んなこんな 
5 
2 
4 
4 
5 
1 
1 
4その 
3 
2この 
4 
3 
4そんな 
1こんな 
5 
1こんな 
1 
1どの大きなその同じ 
5 
5 
2小さな同じ同じ 
4 
3 
1こんな 
4このこの同じ 
1 
1この 
1 
3そういう 
2 
3 
3 
1同じ 
5 
1 
4 
4この 
1 
4 
5 
5 
1 
2そのそんな 
3 
2そういうこのこのこのその 
1 
1大きな同じ 
4 
5 
5そんな 
3 
4このこのこの 
2 
2 
5 
1 
1 
2 
4 
2 
3そのこのその 
3 
4そのあるこの 
2このあの 
4 
3その 
2 
2単なるどのこのこの 
5 
2 
4 
2 
1 
4 
5 
5 
3 
1 
1この 
2 
1このこの 
1 
4この 
2 
4 
1 
2このその 
3あらゆるその 
1 
4 
3 
4 
1 
3 
4 
1こういう 
4このこの 
2その 
1 
2 
4 
1こんな 
2 
1このこのこのこのこの 
1 
1 
1 
5或その 
1 
1そんなどういう 
1 
1 
3その 
5 
1 
1 
3 
2こんなその 
1 
4 
1どの 
2 
1この 
1 
1 
1同じこの 
3 
1大きななんらかの 
4 
4この 
1 
2こんな 
2この 
2その 
4 
4 
1 
4 
3この同じこの 
1 
4 
3この 
4 
1この 
1この 
2 
3 
1同じ 
3 
2その 
2同じ同じ 
4 
4 
5その 
4 
4この大きな 
1この同じこんな 
3 
1そのこの 
4 
2この 
2 
2こんな 
5 
2 
5 
5 
3 
1 
4 
2どの 
1 
3 
2その 
5 
1その同じ 
5 
3 
5 
2 
1 
4 
1このこの 
3 
4 
5その 
2この 
1 
1その 
2 
1 
1 
5この 
1 
5同じこの 
5 
5 
3まさかのその 
4 
5 
1このこの 
3 
3 
1 
1 
2 
1その 
5 
5 
4この同じその 
1 
2 
1どのその何らかのこうした 
2 
2 
1 
4 
1どの同じ 
4 
3 
2 
1 
2こんな 
5どの 
1 
5 
4この 
4 
1こんな 
4 
3 
1 
1 
5 
3 
3この 
1 
4その 
1こういう 
2 
1 
3 
3 
4 
1 
1 
5 
1 
5 
1 
1 
3この 
3 
1 
1 
4この 
2 
4 
4 
1このこのこの 
3 
1 
1 
1 
4 
4このその 
2 
1その 
2 
1 
1いろんな 
1どのその何らかのこうした 
1ありとあらゆる 
2 
4 
5 
4 
5同じこの 
3 
2 
1 
1このどの 
2 
2 
5 
3 
5 
2 
1大きな 
3 
3 
1 
2 
5この 
1同じあらゆる同じ 
3この 
2同じこのどのこの 
4 
1そんなどういう 
1その 
1 
3 
1 
3 
1 
1 
1 
2 
5 
5この 
3大きな 
3 
1 
4 
1この 
1 
1 
2 
3 
3いわゆる 
3この同じその 
5 
2どの 
2 
1 
2 
2 
3このそのそのこの 
1このそのこの 
2 
5 
2その 
1 
3 
1このこの 
1 
3 
2 
4 
1このこの 
3 
5 
5この 
3 
3 
1どんな 
4 
4 
1 
1この 
1 
4どの 
3 
2 
5同じ 
1 
2そういった 
1 
2この 
2 
3このこのどの 
1 
1その 
1 
2 
3その 
1その 
2そのこの 
1 
3 
4 
4 
1 
5このこの 
3 
5どの 
1 
4この同じ同じ 
4 
3同じ同じ 
2 
4同じその 
1その 
5この 
3 
2どの 
5その 
1 
2 
5この 
5 
2このその 
5このそんな 
5 
3 
1 
5 
1 
4 
3 
5 
2 
3 
1 
4 
5 
1いろんなこんな 
2 
4 
4同じ 
1 
2 
1この 
1この 
3 
1 
2このそのあの 
2 
3 
2 
1 
1 
4この 
1このそのこの 
1 
3 
2 
4 
3 
3 
5 
2この 
5 
5 
5 
3 
1 
1 
4 
3同じ 
2同じ 
5 
2この大きな 
2 
5 
1こんなあるこういう 
1そのこんな同じ 
4 
4 
5 
5小さな 
1 
1 
3このこのこのそのこのこの 
2この 
4 
3 
4 
1 
1 
4そのこんな 
1そんな 
1その 
1このこの 
4 
2同じ 
4 
1 
3 
1 
5ちょっとした 
4同じ 
2 
3 
5 
3 
1 
5 
1 
5 
2同じその 
4どんな 
4そのこの 
1 
3 
2こんな 
2大きな 
2 
1 
4 
1あるある 
3 
3 
1このそのこの 
1 
3その 
1 
1そのそんなこのこのそういうそういう同じそんなこのこのそのこの 
5 
4 
1 
1そのそんな 
3 
5 
4 
1こんなこんな 
2 
3 
1このそのそのそのそのそのその同じこのこの同じこの 
1 
1 
4どの小さな 
5 
2同じ 
1その 
3 
3小さな 
1 
3その 
1 
1 
2このこのその 
4 
2どのどんな 
3 
1その 
5同じ 
2 
1 
2あの 
5 
3 
1 
3 
4 
2 
3 
4このこの 
3 
5 
3 
5 
4 
5 
2このこのこの 
4 
1 
1 
2いろんな 
2 
4いろんないろんな 
3 
2 
5このそのそのあのこのこの 
2この 
2 
3 
3この 
3 
3その 
4 
1 
1ちょっとした 
1その 
1こんな 
1 
4 
5この 
3 
1 
3 
1 
1 
2 
2この 
2 
3 
3ある 
4 
5 
1 
1 
2 
3この 
4 
2 
1 
2 
4 
3 
1こんな 
2 
3どの同じ 
1この 
3 
3 
5 
2同じこんな 
3 
1その 
4このその 
3 
1同じ 
1 
1この 
5この 
3 
1 
4 
4 
2このこんな 
4 
5 
4 
1 
1 
1あの 
3同じこのこの 
4その 
1こんな 
1 
5そのこのこの 
1 
1 
1ちょっとした 
1 
1 
3この 
5同じ 
1この 
3 
3 
1ちょっとした 
1こんな 
1 
1 
5 
3 
4 
1 
1 
3 
4この 
4この小さな 
5 
1 
1そんな 
5 
2そういった 
1 
2 
5 
4 
5 
5このこのこの 
5同じこの 
4 
1 
5 
1 
5 
1 
1 
3 
1この 
1 
4この 
2 
4 
5 
1この 
1 
3 
1その 
4 
4 
5この 
3 
2 
4 
1この 
3 
3その 
1 
3 
2こんな 
1 
2 
4 
2 
4このこの 
1この 
1 
5同じこういうこういう 
1こんな 
1 
1 
1この 
1このどんな 
1こういう 
3 
1こんな 
2小さな 
4 
5 
2 
1こんな 
2同じ 
5 
4こんな 
5 
2同じ 
2この 
5この 
1この 
4 
1このこのこの 
5どのそのこのこのその 
3 
1 
4 
2 
1この 
2この 
3 
4 
3 
4この 
3 
3この 
2同じ 
3 
2 
1同じどんな 
1 
2 
3 
2同じ 
2あの 
2 
1ちょっとした 
3 
2 
5 
1 
1 
1 
5小さな 
1 
3 
2この 
4 
2 
5 
2そんな 
5 
1この 
1 
2 
2 
1 
4 
1 
1このこのこの 
4 
3その 
5同じどの 
1その 
3 
2 
1 
5 
4 
3 
1 
4 
2 
4 
1この同じ 
1こんな 
3 
1その 
2 
1 
1 
4 
4 
3 
2同じ 
3 
5そのとある 
2 
1そんな 
4 
2 
3そんな 
4その 
1 
1 
2 
4 
1このそのそのそのそのそのその同じこのこの同じこの 
3 
1 
1そのこの 
1 
3 
2この 
5そういう 
3 
4 
1 
3 
1その 
3色んなこの 
3 
4 
1 
5いろんな 
5 
5 
1 
5この 
4 
1 
5 
1同じ 
3 
3 
2こんなこんな 
1こんなこんな 
4我が小さな 
5この 
5 
1 
2このその 
1 
2 
1この 
5この 
2 
3 
1 
3そのそんな 
4このそのこの 
2この 
2 
4 
4 
3どの 
1 
3 
1 
1 
5 
3 
2この 
5このこの 
3 
1 
1 
5 
3 
2 
3このこの同じ 
3 
5 
2そんなそのその 
1 
5 
2 
4そんな 
1その 
