2ハード散々 
4キレイ満足 
5普通高級健康便利 
4的ネガティブ不安簡単十分 
3キレイ 
5的的綺麗綺麗 
5流石確か控えめ 
5相当的的的様々見事自在美麗様々的重要様々誠実積極的安定 
5莫大下手くそ下手 
3的残念必要 
5乱暴手軽 
5的 
1 
2スムーズ 
1 
1 
5 
2 
3簡単 
3簡単好き 
1 
3 
4 
5 
1非常残念 
1 
1不安正常大変苦痛 
5 
1同じ 
1正直不安定手短 
1 
5 
1不良不良不良不正残念 
4 
5同等明らか同様 
1安全 
4確か的的 
2微妙的 
5自由スムーズ 
4簡単 
3 
4非常 
1ダメダメ 
2有益無駄無駄 
2必要非常非常 
1的 
1普通的駄目無駄 
5柔らか簡単 
3みたい 
3ストイック 
5重要 
1異常無理的怠惰無理 
3異様憂鬱普通大事好き便利 
2不良的必要不良可能 
5純正 
3必要 
1勝手増し丈夫乱暴残念残念不良高額大事高額大切残念高額大切更高額端的残念普通高額大切みたい必要神経質残念 
2十分不安残念 
4便利高級おしゃれ危険 
1完全的公式的重要普通スムーズ 
1 
1同等急激 
1安定安定 
4便利大切 
1非常確実的 
2 
5便利 
4 
4安心 
2まし 
4 
3 
1 
1的不良不良 
2 
5 
3不明大切 
5有用 
5流石駄目 
5微細容易 
2急露骨嫌 
3的 
4便利 
3特別 
5 
1無駄 
1まとも勝手不正 
2 
3大丈夫 
5 
4 
5 
3 
3的意外 
3 
1正直駄目 
5小さめ便利簡単便利必要便利 
4 
5的満足不具合大変 
1 
1 
2肝心 
3 
2 
5必要 
2割高独特割高 
1 
2神経質 
3 
1 
2 
4完全優秀 
3 
4不自由便利好き 
2 
2 
4 
3便利同様必要 
1中途半端非常残念 
3 
5 
1無難 
2 
5みたい不安不安適任好き控えめ 
4悲惨 
4 
2必須快適必須正直不可能重要慎重嫌的最低自由幸い 
4手軽楽非常無理的簡単自由 
3きれい必要面倒 
1色々必要 
2 
3異常曖昧賢明 
4簡単面倒 
5テカテカ 
5 
5安価便利 
4直ぐ 
3綺麗 
5きれい非常簡単シビア必要非常楽 
1簡単 
3便利正直十分 
1急敏感残念 
3 
1邪魔完全 
5不要普通不要有害適正力任せギュウギュウ自然 
4コンパクト 
2雑 
1ダメ無駄 
3 
1不正大変巧妙的不正無事大変 
2誇大確か不安 
2 
5大切 
5 
4満足楽 
4 
4不調手軽 
1様々 
4 
4 
3 
2 
4 
5的 
5嫌楽普通 
1不透明不公平 
2透明大変 
5大丈夫 
3面倒簡単 
3 
3普通 
1真剣生半可 
2簡易大丈夫 
2的孤独的的 
1残念 
5正直 
3面倒不具合的ダメ 
5 
3特別普通 
5不安定 
5色々 
1 
3簡単肝心格段嫌独特的 
4柔軟 
2 
4簡単必要 
2シビア簡略 
2著名 
1不安 
4手軽フルはるか自然ダメ余計まとも的安全 
3好き 
1 
1 
2 
3普通純正必要 
3的 
2残念 
5便利 
4安定 
1大丈夫 
1 
3的 
1 
5簡単 
5非常 
3 
4好き非常非常便利便利楽的的非常便利非常 
1肝心簡単残念 
1 
2綺麗 
2 
1非常残念 
1 
4快適 
1 
1大量残念至極 
1非常 
4 
1 
1 
1正常正式 
3 
4必要 
4面倒 
2詳細 
1キレイ困難大変残念フルフル鮮明フル不具合フルフル 
3的可能 
1異様 
5大変 
1まとも勝手不正 
1 
2的安定私的的 
5 
5重要的的的的変不安楽安心可能大事嫌好き健全対等平ら幸福不幸自由自由的自由的様々的不可能真剣丁寧 
4 
1 
5さまざま安価満足 
5普通簡単 
1的 
2 
2 
4 
3必要 
3賑やか的満足 
4大丈夫大丈夫大きめ 
2まろやか 
1残念 
1不正大量不正 
4大きめ 
2 
4 
4 
2当たり前普通 
4 
1 
1だめ 
1 
3 
1不安正確不安 
4良好不良強力 
1残念 
3遥か 
5元気大変上等ラッキー十分 
3 
2頻繁大丈夫 
3大丈夫健康 
5元気健康 
3スムース的 
4 
1 
3みたい 
5 
5的好き簡単大好き 
2 
2普通 
2 
4こまめ充分こまめ 
4普通非常残念 
3 
4必要 
1異常本当嫌 
1特殊 
1 
4有効有効順調 
5不安 
4慎重 
1 
1大好き 
4安心便利 
5当たり前当たり前必死的前向き普通 
1 
4 
1下手 
1快適的不可能 
4 
3大量残念 
2大変大変 
2必要普通きれい 
1大丈夫必須 
1公式 
2無駄大丈夫 
1丁寧無駄 
1 
3非常 
1 
1不明的 
1無事極端快適快適無事完全完全残念 
2 
2相応 
4不具合同様必要 
3単純残念 
1 
5大好きカリカリ 
3残念 
4 
3必要 
4特別楽可変 
3大幅流石 
5 
3 
2皆無不便みたい色々不能可能不便 
1正直不安定手短 
1 
1正常不正 
4 
1 
4好き的完全 
1変 
3 
5 
4的的 
1無事快適特殊 
1 
1 
5色々色々不十分色々マニアック的 
1的大変的的的不調残念 
1不正不正ダメ不正ダメ 
4的的的的的 
1不快勝手皆無不可能可能 
2みたいギザギザ 
1 
2素直必要 
4的 
2イヤー的適当 
2好き好き器用 
1こまめ 
5普通安価嫌い便利非常 
1 
2 
1 
2不適切台無し 
2 
1 
2 
1必要 
1 
2微妙 
3 
4タフ 
5 
1ダメ 
1好き 
2頑固頑固 
2微妙 
3 
4便利 
4 
3面倒 
2当たり前 
4簡単綺麗十分 
2 
3華麗華麗大まか有名著名不遇 
1 
2滑らか普通面倒丁寧 
1 
1みたい不正非情大変残念 
4 
2手軽 
3不良可能 
3的必要肝心的的高額大変 
1不快可能可能健康様々健康有益必要健康 
4 
2きれい確かきれいきれい必要 
1直ぐ最悪 
1 
3綺麗 
4自由便利人的同様当たり前普通活発無理当たり前普通的結構的結構大変残念不安無茶充分普通明確賢明的無難容易無効容易普通的的大変 
1急残念 
1不正不正ダメ不正ダメ 
5充分好き 
2 
3軽快 
2まし 
5簡単簡単 
1 
4 
3安定安価みたい 
2 
1 
4不安上手上手的優秀的不可能残念上手 
5 
1可能駄目 
1 
3無効綺麗面倒 
2十分 
1フル誠実別別的無駄 
3暇 
2 
2 
1 
3ストイックストイック必要楽無駄的 
1 
2私的的 
3 
1残念 
3 
4的必要 
3高貴単純 
1 
1残念 
1普通透明的 
2 
1 
1 
2 
3 
4便利楽 
3大量可能 
4 
1 
4楽簡単的 
1スムーズ 
5楽 
1 
5シンプル 
1当たり前必要不安必要不安みたい充分 
2 
1正常不正嫌公式詳細的重要 
5安全様々 
2手軽 
5 
1 
3不安確か簡単 
1きれい 
1不十分豊か 
1簡単 
5 
2的楽独りよがり 
4 
2 
1 
3綺麗完全透明必要 
5快適 
1 
5的得意親切可能必要結構 
3確か 
2正直 
2確かきれい確か 
1 
3素直 
2 
3大変 
5簡単 
5正直高級 
4不向き 
1 
1残念 
1迅速雑 
3 
2割高 
5 
1無事不安無難 
5簡単簡単 
2不具合異常 
5苦手 
2確かみたい独特 
5 
1真っ黒真っ黒 
3残念 
2微妙残念 
2 
5夢中簡単 
5非常迷惑大好き素敵無理不思議素敵 
2 
2 
5スムーズ 
1必要 
3的 
4頻繁快適的無理必要的正直シンプル的当たり前 
3 
5手頃残念 
1 
4 
3 
4 
1皆無 
4普通大量 
3ダイレクト過度 
3 
1面倒 
3 
1不正不正ダメ不正ダメ 
2親切 
3 
3色々 
3 
4 
5滑らか 
1 
2的残念健康 
1勝手必要色々 
3 
1 
4綺麗丈夫嫌面倒高級綺麗面倒微妙変駄目みたい嫌十分 
3 
5正常 
2 
1みたい不正非情大変残念 
1必要直ぐ 
3 
4 
1急残念 
1不具合 
5 
5シンプル有名シンプルシンプル 
1 
5大丈夫 
4 
3公式簡単公式疑問無難 
2ダメ 
1 
4優秀細か微妙格段不要不要必要面倒便利不要頻繁多様不便非常 
3静か 
3非力微妙 
1残念 
1 
2残念 
4 
1駄目 
2新た 
3丁度 
4普通 
1特殊 
1 
4非常 
3 
2直ぐ肝心 
1 
5 
3様々完全 
3 
3 
1 
1不正 
3邪魔普通 
1無事不安無難 
4ダメ純粋 
2別 
2的的立派大変優秀 
5 
1個別真摯悪質非常非常積極的明らか確実好き安心好き確実当たり前悪質確実馬鹿大量的大変強気 
1みたい大丈夫 
1大きめカチカチ 
1不慣れ 
3清楚 
3特別 
5不自由 
3正直無理完全可能 
1大変簡単明らか頻繁不能明らか的不可能的的温厚不可能早急大切相当健康不快平穏必要 
4好き 
1必要違法非常不安 
1 
1 
3的 
5嫌 
4 
1純正的正直 
2高額便利 
3安心雑過剰 
2大事 
5 
2 
5 
3同様割高残念 
1必要 
3正常普通小さめ平凡 
1キレイ 
4華美がち異様的シンプル 
5普通的安心 
3ダメ不明 
2直ぐ面倒 
4非常便利みたい邪魔 
5 
1 
4 
2 
2透明透明透明透明非常きれい透明透明明確 
2不快 
3 
1簡単不良不明重要 
1 
5 
3みたい 
1残念 
1的 
4大変 
3無駄 
1様々 
1異常無理的怠惰無理 
5嫌い 
3 
1 
1 
5的 
1普通 
5簡単ふう不向き 
1不正大量不正 
1 
5満足 
4的単純非常多量必要みたい可能高度大変公式細か公式公式公式色々控えめ 
2正直派手 
2 
2面倒 
3高額十分 
5みたい透明 
1不安 
1好き非常残念 
2まし自由 
4大変夢中的安心 
1様々不具合必要必要正直身近 
3確か 
3必要 
3 
4大変 
3楽的 
5 
5 
4 
2 
4 
1無駄 
1残念 
1 
1残念 
1 
2キレイ 
3確か的 
5不便 
5 
1不安 
1 
4簡単 
5大事 
1 
1正常正式 
2非常不愉快余計残念 
4スムーズ大丈夫 
3粗末強大 
2 
2無駄特殊幸い 
4小さ目邪魔みたい 
3不潔ショック的 
1不良 
2可哀想駄目 
1 
2 
1不正大量不正 
5 
4 
1残念 
1非常重要みたい 
4安定 
5 
5小さめ 
4大変 
1 
1的 
2微妙皆無 
3普通シンプル 
3正直 
4過剰 
4 
1鋭利真剣 
4非常 
1 
1疑問的 
1正直 
4主非常きれい白一色シンプル可能可能 
3 
4 
1 
2 
1 
1嫌まとも別々 
2ダメ可能 
4 
2 
5 
1圧倒的有利不利的 
5 
1普通必要 
2的非常 
5 
1 
4 
2満足 
5 
5好き 
2非常 
4豊富 
2割高 
1悪質 
1公式悪質 
5満足 
3的普通 
3 
1的 
2不明単純的疑問優位的自然 
1 
4確か完全 
1 
5必要 
5簡単楽 
1 
3 
1 
4不安楽みたい十分安定 
5必要公式 
1シビア真っ暗相応 
1丁寧無駄 
1簡単 
4好き 
4必要よれよれ割高 
3同様 
4こまめ必要 
1的不具合 
4綺麗 
4 
1 
3充分充分必要最適 
5公式 
5簡易簡単リーズナブル高度 
3 
1 
4がち 
1意地悪怠慢 
1 
1非常 
5 
2短め残念 
1非常非常適当不明 
1非常 
1 
1最適勝手勝手卑怯 
4高性能十分 
1 
3手頃変 
2 
1かすか 
4少なめ 
4好き 
4有名 
1シンプル 
5新た 
1 
3みたい 
4普通簡単 
1 
5 
1 
3的確か肝心 
4平和平和膨大平和的 
4 
5細か非常快適的可能 
3残念 
1的 
1まとも 
1不良みたい 
5簡単結構 
1 
3 
4安定 
1残念 
1 
4面倒大量 
1 
4 
5便利 
3みたい 
2私的嫌 
3 
1 
2見事綺麗 
1好き 
4簡単不便フル可能必要不明 
4 
2スムーズめちゃくちゃ特別みたい 
4 
5安定明らか 
4 
1大変みたい 
2独特 
4確か満足 
4邪魔大柄普通 
1肝心 
1不具合明白 
1 
3的大丈夫不安 
1広範囲 
2 
3猛烈深長 
1 
4 
3 
1 
1特殊 
1不具合 
2 
2 
3 
1 
1 
4好き的健康的 
1 
5健康 
5大きめ 
5 
5不安普通 
5不具合的満足気軽 
1 
2スムーズ非常有用 
2肝心的 
1 
3 
3 
1 
3必要 
1的不具合 
4 
4 
4苦手 
4カチカチ快適 
2 
2普通 
2 
1 
1 
1非常非常綺麗静か耳障り正常有名静か特別敏感必要有名静か普通有名有名みたい静か十分 
1 
2確か無効残念 
3的的 
1 
1 
1急 
1残念 
1 
5気軽十分 
4高級不安正常確か意外普通 
4みたいみたい残念 
4ぴったり 
1不良滑らか非常危険残念 
4 
2当たり前必要簡単 
1普通 
5 
2正直みたい正直 
2退屈退屈立派立派有効便利便利有益無駄 
3特別 
2 
5 
2手頃ダメ 
1同様 
2残念 
1 
3大量大事無意味 
2必要積極的 
1下手 
1 
5重要的的 
3妙妙 
5 
2明らか 
2 
2がち 
1不安 
3割高 
4 
5 
1丁寧 
1 
4正直 
1残念 
2 
3満足 
3 
3 
4十分 
3 
3好き公式幸せ 
3 
1不具合普通不便残念 
4確か器用 
3必要好き 
5 
5便利平気綺麗 
2 
2みたい完全残念素敵綺麗 
1簡単新たダメダメダメ 
3 
5可能 
1 
2残念大丈夫 
5メンタル 
1派手確実滅茶苦茶豊富華麗豊富だめ的ダメシリアス無駄 
3無理 
1大切 
4 
1 
1 
4正直 
1 
5 
2 
5無事慎重必要十分 
3十分 
2おろそか 
2みたい 
3 
1好き 
5 
1駄目残念 
1安定安定 
5 
1正直有益無駄重要必要貧相豊か必要不可欠 
3みたい不明 
3丈夫 
1 
2鮮明 
2様々高額普通みたい不明迷惑大変不快まし 
1不安正常大変苦痛 
5シンプル好き割安 
3的的不快強力余計妥当非常残念明確怠慢杜撰非常残念 
5確か 
3確実 
3好き 
1可能非常危険 
2キレイ自由好き自由好き苦手不可能大幅不自然的端的圧倒的単純残念 
1 
4 
1普通 
2 
5好きまれ好き 
1ダメダメ 
5 
1的 
5ダメ完璧 
3軟らか 
3的的 
1 
1正直純粋賢明面倒正直 
4不要 
3 
4 
1無難 
5 
2非常面倒非常面倒 
1 
1普通明らか丈夫元気丈夫最低 
2困難 
1正常不正嫌公式詳細的重要 
4頑丈簡単 
5便利簡単 
2不安的不安 
2明らか疑問 
2確か 
4 
2高額便利 
2誇大確か不安 
1ダメ 
3 
4完全 
4必要普通 
4 
1 
2素直率直的 
2可能 
5 
2 
5無駄 
1的 
3残念不明 
3無謀 
4急ダメ元気 
5きれい 
4純正 
4大丈夫 
4 
2割高独特割高 
1不正 
3 
5必要不安丁寧 
1様々的的的確異常爽快不具合的的お粗末圧倒的的理不尽格段異常非常余計圧倒的異様異様様々 
1大変 
1有名不自然不自然 
4安定 
4必要不安 
3 
4流石 
4簡単 
4 
2必要的残念的普通主だめダメダメみたいポジティブ 
4格安安定安定 
1 
5大好き好きメイン 
2大変必要 
2綺麗不向きまじ 
1危険 
5十分 
1 
4 
2邪魔 
1安心綺麗残念 
1 
4 
3簡単大丈夫的綺麗簡単残念ダメ的買い得 
3手軽 
1ダメ無駄 
3大丈夫きれい不良ダメ確か透明きれい無駄ダメ 
2綺麗綺麗楽普通 
1 
1 
3 
1 
1不安 
1好き 
3無理 
4便利割高 
5普通大きめ 
3綺麗 
1明らか新た稚拙明らかイケイケ見事無能 
2当たり前当たり前異様鈍重 
1 
4簡単的こうかん 
3簡単 
2残念 
3簡単必要的必要必要簡単明確非常残念無理簡単非常邪魔的 
1 
4的必要不親切 
1 
5不安大丈夫順調 
5 
3 
3迅速莫大 
5的みたい妙深刻真面目 
2肝心 
3残念 
1急残念 
2的 
3透明満足綺麗 
2 
5頻繁 
3正直ダメ柔軟本当 
2無事嫌不安 
4急 
4不便邪魔便利 
4 
5 
3普通 
3派手 
5 
5便利 
1不安定不可能公式 
3残念 
2最悪 
4 
1 
3 
3 
1正直 
1酷 
1ダメスムーズ頻繁 
2嫌い 
5丁寧 
2的可能不便 
4みたい 
1無事不安無難 
4良好力任せ 
4 
5オーソドックスお洒落シック 
4いかが 
3 
1不具合迅速 
5不良非常スムーズ安定 
1勝手増し丈夫乱暴残念残念不良高額大事高額大切残念高額大切更高額端的残念普通高額大切みたい必要神経質残念 
5直ぐ的 
1迷惑 
5的必要 
5邪魔 
2台無し 
4必要ベーシック重要必要重要高額 
1 
5みたい綺麗 
3コンパクト的平滑大事 
3まとも 
3得意苦手 
4柔軟不快 
5頻繁 
4便利 
5必要手頃安心 
2 
5楽 
5 
2的メジャー大雑把 
1残念 
4綺麗 
2普通 
1迷惑 
1当たり前 
1迅速不良いい加減 
1半端 
5好き大事 
5便利十分簡単満足 
5 
2 
4 
2好き普通 
1残念 
2 
5 
1馬鹿駄目綺麗 
1 
1 
4安定 
1最適勝手勝手卑怯 
1的残念 
4適正 
4 
2有名ダメ 
1無駄 
2姑息 
3的キレイ 
5精密簡単簡単 
2シビア広大自由シビア必要シビア独自雑多孤独残念自由自由的幸い 
3早急完全大変 
5 
2 
4簡単普通簡単十分 
4 
1 
4 
5 
3 
5 
5簡単 
2みたい変みたい 
5的 
1 
2キレイ自由好き自由好き苦手不可能大幅不自然的端的圧倒的単純残念 
1肝心簡単残念 
1 
1みたい残念 
1非常 
4 
4 
1 
4便利楽 
4 
3生 
4大好き 
3 
2 
3 
1生重厚当たり前自由 
1嫌 
3面倒不当面倒勝手 
1残念 
5 
3簡単 
4便利 
1急同様 
4正直有名好きがち好き有名好き非常的残念非常的不滅好き 
1同様 
1無事極端快適快適無事完全完全残念 
4 
4シンプル 
1粗悪 
1 
3普通穏やか 
5 
5 
5 
2高価駄目 
2残念 
2割高 
1 
3 
2 
5 
1 
3安価的正直 
3相応 
1 
1 
1 
1様々簡単 
1 
1悪質 
2滅茶苦茶 
3 
5楽控えめ非常 
4大変 
2的ダメ 
3 
1 
1無能理不尽無駄 
5 
1 
3頑丈 
3 
1好き正直 
5雑不快 
4楽嫌 
2不向き 
1 
2 
1ダメ 
1平等 
2フル 
1 
5迅速 
1キレイ 
3好き 
1残念 
1主危険十分危険普通重要 
1 
1必要 
2完全柔らか残念耳障り 
1ダメダメ 
3的 
2大好き俊敏急好き的微妙 
4非常便利楽 
4 
4スムース快適残念完全的 
1必須簡単可能順調的幸い 
5必要適切 
2 
1 
2残念 
5便利大変 
1シンプル 
1 
2余分 
3コンパクト純粋 
2高額便利 
1 
1不安非常可能 
5好き素直 
4 
1正直有益無駄重要必要貧相豊か必要不可欠 
1 
4熱烈安定的充分的 
5独特 
1普通 
5大丈夫不安普通残念 
3ミント 
3普通的割高不快 
1 
2 
4変 
2暇 
4十分 
1不正大変巧妙的不正無事大変 
1綺麗 
2的必要 
1残念 
3有名不良 
5 
1 
1半端 
4無難 
2 
1 
3可能 
4邪魔 
2必要 
2肝心無傷 
2色々疑問 
5安価普通高価十分 
5優秀必要 
1残念 
1可能 
1不具合明白 
2変非常 
4大事特別 
2 
3 
5簡単微妙的 
4便利 
1不安可能 
1 
1 
2的必要 
2間抜け必須 
1残念 
5大切 
1こまめ 
1残念 
2 
2簡単簡単必要微妙 
1 
1 
1 
3無効綺麗面倒 
5 
3残念きれい 
1 
2 
4新た 
3 
1 
4 
4手ごろ 
1確か綺麗的厄介大変 
5精密不明 
4必要大切誇大無理便利 
3公式非常温暖 
1スカスカ不安不安残念 
4 
2正直公式純粋 
3不安 
1不正大量不正 
1 
2真っ赤無理 
5意外 
1必要面倒迷惑 
3完全旧式 
2的大丈夫 
1 
1 
1 
5 
5 
4シンプル邪魔シンプル 
5重要 
1 
5 
4 
5 
4大好き大変 
4 
3同様 
3簡単大変 
4不良素直稀 
5綺麗 
5不安 
2 
5 
1 
3的的必要面倒便利 
3 
5必要楽 
5いろいろ 
5 
3安定 
5 
1正規大変直ぐ 
5 
1 
3 
1 
3高価高価完全頻繁十分満足 
3不具合 
4 
4大変安価 
1不具合非常残念 
1好き 
5面倒 
2可能必要勝手勝手みたい 
3大変 
3特別十分オシャレ 
5 
1不可能不可能 
4 
1大丈夫同じ不安 
1 
3 
3格段 
4圧倒的フル残念 
4楽 
3必要 
5 
1 
4 
5微妙 
5 
1正常 
5 
1確かピュア 
1残念 
5私的 
3 
1普通透明的 
1 
1極端不便 
1疑問的 
3 
3 
4必要大きめ 
3必要 
1 
4的 
2スムーズ 
2 
3好き 
1好き 
1残念 
1高価残念 
4不良 
4がち肝心不良有力見事 
2 
1残念 
2 
5頑丈的皆無 
5 
3的割高半端無駄 
2 
1可能駄目 
4 
1特殊 
1 
3極端十分怪しげ十分 
3 
3主普通 
3的自然大変頻繁自然ダメ大きめ色々ダメ 
1 
5 
1 
1上々不幸疑問大好き 
1不利まとも的普通 
1 
