__label__1,
__label__1, この その この
__label__4,
__label__1, この こんな この
__label__2,
__label__1,
__label__3,
__label__4,
__label__5,
__label__1,
__label__1,
__label__2,
__label__5,
__label__1,
__label__2,
__label__4,
__label__4, その
__label__2,
__label__4, この この
__label__1,
__label__3,
__label__1,
__label__1,
__label__5,
__label__4, この
__label__3,
__label__5, その その
__label__3,
__label__5,
__label__5,
__label__1, その
__label__4,
__label__4,
__label__1, この どの 同じ
__label__3, この この
__label__2,
__label__4,
__label__5,
__label__4,
__label__1, どの 同じ
__label__1, 同じ
__label__1, そんな こんな
__label__2,
__label__1,
__label__5,
__label__5, ふとした この
__label__4,
__label__1, どの 同じ
__label__1,
__label__3,
__label__1,
__label__1,
__label__1, まさかの
__label__5,
__label__5,
__label__1,
__label__4,
__label__1, その
__label__1,
__label__3,
__label__5,
__label__1,
__label__3,
__label__1, その
__label__4,
__label__1, その その
__label__5,
__label__1, こんな こんな
__label__5,
__label__4,
__label__1,
__label__4, この 同じ
__label__2,
__label__4,
__label__1,
__label__1,
__label__5,
__label__4,
__label__4,
__label__3, その
__label__1,
__label__2,
__label__5,
__label__4,
__label__1,
__label__2,
__label__3,
__label__1,
__label__5, 小さな この
__label__2, そんな
__label__2, その
__label__3, 大きな
__label__5, この
__label__3,
__label__1, この
__label__1, どの
__label__3,
__label__5,
__label__4,
__label__3,
__label__1,
__label__1,
__label__4, その この
__label__1,
__label__2,
__label__4,
__label__2, この この 同じ
__label__4,
__label__1, この
__label__1,
__label__2,
__label__2,
__label__1,
__label__2,
__label__1, 同じ
__label__1, この
__label__5, この
__label__2, この この
__label__1, その
__label__3,
__label__1, 小さな 小さな
__label__1,
__label__1,
__label__1,
__label__1,
__label__3,
__label__1,
__label__5,
__label__3, いわゆる その
__label__3,
__label__1,
__label__2,
__label__1, この この
__label__1,
__label__4, この その
__label__5, 色んな
__label__4, この その この 同じ
__label__1, 同じ
__label__1, この
__label__1,
__label__5,
__label__5,
__label__5,
__label__4,
__label__3,
__label__5,
__label__3, この こんな
__label__3, どの
__label__1,
__label__4,
__label__1,
__label__4,
__label__3,
__label__1, 同じ
__label__4,
__label__2,
__label__4,
__label__1, 大きな 同じ
__label__1,
__label__3, どの その
__label__3,
__label__1, この
__label__4,
__label__3, この
__label__1, 同じ
__label__4,
__label__4,
__label__5,
__label__5, この
__label__1,
__label__5,
__label__5,
__label__4,
__label__3, 色んな
__label__2,
__label__2,
__label__1,
__label__3,
__label__1,
__label__3,
__label__3,
__label__2,
__label__1,
__label__1,
__label__5, この
__label__1,
__label__2,
__label__3, 同じ
__label__5,
__label__1,
__label__4,
__label__2, この
__label__5,
__label__1,
__label__1, こんな この
__label__1,
__label__3,
__label__3,
__label__2,
__label__2, 同じ
__label__3,
__label__1,
__label__4,
__label__4,
__label__1, その
__label__4, この
__label__5,
__label__1,
__label__4, 同じ この その この 同じ
__label__2, 同じ
__label__1, 微々たる どの
__label__2,
__label__1, この
__label__1,
__label__1,
__label__2,
__label__5,
__label__5, この
__label__4,
__label__1, 同じ
__label__2,
__label__5,
__label__3,
__label__1,
__label__3,
__label__4,
__label__5,
__label__2,
__label__5,
__label__3,
__label__4,
__label__1, 同じ
__label__3,
__label__5,
__label__1, いろんな こんな
__label__5,
__label__1,
__label__1,
__label__4,
__label__1, その こういう そういう こういう ほんの こんな
__label__4,
__label__1, この
__label__1,
__label__2,
__label__1,
__label__4, この この どんな いろんな
__label__4, その
__label__4,
__label__5,
__label__5,
__label__3, この
__label__3, この 小さな 小さな この
__label__2,
__label__4,
__label__4, この
__label__5, この
__label__5,
__label__4,
__label__3,
__label__4,
__label__5,
__label__5,
__label__1,
__label__5, この その
__label__5,
__label__1, いろんな こんな
__label__5,
__label__1,
__label__3,
__label__5,
__label__1,
__label__1,
__label__3,
__label__4,
__label__3,
__label__3,
__label__4,
__label__1, この
__label__4,
__label__5,
__label__1,
__label__3,
__label__4, この
__label__1,
__label__4, その
__label__1,
__label__4, その
__label__4,
__label__1,
__label__3, この
__label__4, 同じ
__label__4,
__label__1,
__label__5,
__label__1,
__label__2, この
__label__5,
__label__3,
__label__5,
__label__5,
__label__2, この
__label__1, そういう
__label__5, この
__label__1,
__label__1,
__label__3,
__label__1,
__label__2,
__label__4,
__label__3,
__label__5,
__label__1,
__label__5,
__label__5,
__label__1,
__label__2,
__label__4,
__label__5,
__label__3, この
__label__1,
__label__3,
__label__1,
__label__3, この
__label__5, この
__label__4,
__label__5, 我が
__label__4,
__label__3,
__label__5,
__label__2,
__label__1, その
__label__3, この
__label__4,
__label__1,
__label__4,
__label__1,
__label__2, この
__label__4, この この そんな この そんな この
__label__2, どの
__label__1, そんな
__label__4,
__label__3, この
__label__3,
__label__1, この どんな
__label__5,
__label__4,
__label__5,
__label__1,
__label__5,
__label__4, ちょっとした
__label__3,
__label__4, ちょっとした
__label__4,
__label__4,
__label__1,
__label__5, 大きな この この
__label__2, この その この こんな
__label__1, その
__label__4, この
__label__4, その この この その その その その その その その そんな そんな そういう こんな その
__label__4,
__label__1,
__label__1,
__label__1, この この
__label__4, この
__label__2,
__label__2,
__label__4,
__label__1, そんな
__label__2, その そんな その その この その その
__label__5,
__label__4, この
__label__1, その その どの
__label__4, この
__label__4,
__label__4, この
__label__1, こういう
__label__4,
__label__1,
__label__2,
__label__1,
__label__1, その
__label__1, こんな
__label__3,
__label__3,
__label__1, こんな
__label__1, この この 同じ この 大きな その この
__label__4,
__label__2,
__label__5,
__label__2,
__label__1, 同じ
__label__5,
__label__3, この
__label__3,
__label__2,
__label__4,
__label__4,
__label__2,
__label__2, そういった
__label__3,
__label__2, その
__label__1,
__label__1,
__label__4, 同じ その
__label__1, この
__label__5,
__label__5,
__label__1,
__label__1, この
__label__3,
__label__1,
__label__1,
__label__2, この その
__label__4, この
__label__1,
__label__2,
__label__5,
__label__5, この
__label__5, 大きな この 同じ この
__label__5,
__label__1, この
__label__5,
__label__4,
__label__5,
__label__1,
__label__4,
__label__1, 同じ
__label__2, こんな その
__label__4, この 大きな その この 小さな
__label__1,
__label__5, こういう
__label__1, その
__label__1,
__label__4, この
__label__5,
__label__5, この
__label__2, そういう この
__label__2,
__label__1,
__label__1, この
__label__3, この
__label__3,
__label__1,
__label__1, その
__label__3,
__label__4,
__label__2,
__label__3,
__label__1,
__label__5,
__label__5,
__label__3,
__label__2,
__label__2,
__label__3,
__label__5,
__label__3, この
__label__2, この
__label__1,
__label__1, この どの 同じ
__label__1,
__label__3,
__label__5,
__label__2,
__label__4,
__label__1,
__label__5, ほんの
__label__3,
__label__1,
__label__1,
__label__3, この
__label__3,
__label__1, この この 同じ この
__label__4,
__label__1, 同じ そんな その この
__label__5, そんな
__label__4,
__label__4, この
__label__5,
__label__2, ちょっとした
__label__2,
__label__1, 同じ
__label__2,
__label__1,
__label__4,
__label__1,
__label__2,
__label__5, 色んな
__label__5,
__label__2,
__label__5,
__label__1, 同じ
__label__4,
__label__4, この この
__label__5,
__label__5, 大きな
__label__3,
__label__4, どの
__label__5,
__label__4, 同じ
__label__5,
__label__5,
__label__5,
__label__2,
__label__4,
__label__2,
__label__3,
__label__5,
__label__3,
__label__1, その
__label__5,
__label__2,
__label__5,
__label__1,
__label__3,
__label__4,
__label__5, この
__label__1,
__label__1, その
__label__4, どの
__label__3, この
__label__1,
__label__4,
__label__4,
__label__3,
__label__1,
__label__1, こんな この この
__label__1, ちょっとした
__label__2,
__label__4, そんな
__label__3,
__label__4,
__label__3, 同じ
__label__4, この この
__label__2,
__label__4,
__label__4,
__label__3, そんな
__label__1, その こういう そういう こういう ほんの こんな
__label__3,
__label__1, 同じ
__label__5,
__label__4,
__label__4,
__label__1,
__label__4,
__label__4, この 同じ そういう この
__label__5,
__label__5,
__label__3, そういう
__label__1,
__label__5,
__label__1, この その この
__label__1, この
__label__3,
__label__4,
__label__1,
__label__2,
__label__1,
__label__2,
__label__5,
__label__5,
__label__1, その
__label__5,
__label__5,
__label__5,
__label__4, この この
__label__5,
__label__3,
__label__2,
__label__1,
__label__4,
__label__4, この
__label__1, この
__label__4, この
__label__4, その その そんな この いわゆる
__label__2, 同じ
__label__2,
__label__3,
__label__1,
__label__4,
__label__1, この
__label__1, その
__label__4, この
__label__1, この
__label__4,
__label__5,
__label__3,
__label__5,
__label__1, 何らかの 大した こういう
__label__4, この
__label__1,
__label__4,
__label__4, 色んな
__label__1,
__label__2, 同じ
__label__3, 小さな
__label__4,
__label__4, 色んな この この
__label__2,
__label__3,
__label__5, この
__label__5,
__label__3,
__label__2,
__label__5,
__label__5, この
__label__4,
__label__1, こんな
__label__4,
__label__3,
__label__3,
__label__4, この
__label__3,
__label__3,
__label__4, この
__label__1,
__label__3,
__label__3,
__label__5, この
__label__5, 同じ この
__label__5, 大きな
__label__1,
__label__1, この
__label__2,
__label__5,
__label__1,
__label__1,
__label__1,
__label__2,
__label__4,
__label__1, この
__label__5, この
__label__2,
__label__1,
__label__5,
__label__5, 小さな 小さな この
__label__3,
__label__5,
__label__1, その その
__label__3, この
__label__4, この
__label__4, この その
__label__4,
__label__5, この
__label__4,
__label__1,
__label__5,
__label__3,
__label__3,
__label__3,
__label__3,
__label__1, どの その 何らかの こうした
__label__1,
__label__1, その 同じ
__label__2,
__label__1,
__label__2,
__label__1,
__label__5,
__label__1,
__label__1, この
__label__3,
__label__1, 小さな
__label__5,
__label__1,
__label__4,
__label__4,
__label__2,
__label__1,
__label__1,
__label__3,
__label__1,
__label__1,
__label__5,
__label__5, どんな どんな 大きな この 同じ どの その その 大きな こうした どんな その この 何らかの 大きな
__label__1,
__label__1,
__label__2,
__label__4,
__label__3,
__label__2,
__label__3, どの
__label__4,
__label__3,
__label__2,
__label__4, この
__label__1,
__label__5,
__label__4,
__label__2,
__label__1,
__label__1, そんな
__label__1, そんな
__label__4, この この
__label__4, この この
__label__5,
__label__2,
__label__2,
__label__1, この 同じ その その この
__label__1,
__label__5,
__label__2,
__label__2, その
__label__1,
__label__4,
__label__4,
__label__1,
__label__3,
__label__1,
__label__1,
__label__5,
__label__2, 同じ
__label__3, その
__label__1, ある この
__label__3,
__label__1,
__label__3,
__label__3, こんな
__label__3,
__label__2,
__label__5,
__label__1,
__label__2,
__label__5,
__label__5,
__label__4,
__label__1,
__label__1,
__label__4, この
__label__5,
__label__1, その その この この この この
__label__3,
__label__2,
__label__1,
__label__4, この
__label__4,
__label__3, 同じ どんな
__label__1, この 同じ
__label__1, この
__label__2,
__label__2,
__label__1,
__label__2,
__label__1, そんな こんな
__label__5,
__label__1, ある
__label__3,
__label__1, その 同じ
__label__4,
__label__1, この その こんな 同じ 同じ 色んな
__label__4, 我が
__label__1, 大した
__label__3,
__label__1,
__label__5,
__label__2,
__label__4, そんな
__label__2, どんな 小さな
__label__5, この
__label__5,
__label__1,
__label__1,
__label__2,
__label__2,
__label__3,
__label__4,
__label__2, この
__label__2, この どんな この この この この この この
__label__2, 同じ
__label__4,
__label__3,
__label__4,
__label__4, この 同じ
__label__2,
__label__3,
__label__5,
__label__2,
__label__2, この
__label__2, 同じ
__label__2, この
__label__1,
__label__5,
__label__1,
__label__5,
__label__3,
__label__1,
__label__2, この
__label__1,
__label__1,
__label__1,
__label__3,
__label__5,
__label__4,
__label__4,
__label__1,
__label__4,
__label__1,
__label__2,
__label__1, 微々たる どの
__label__5, この
__label__1,
__label__5, この
__label__5,
__label__2, この この
__label__3,
__label__5,
__label__3, この
__label__4,
__label__4, この
__label__2,
__label__4,
__label__2,
__label__3,
__label__3,
__label__1,
__label__5, この
__label__3,
__label__1,
__label__3,
__label__4,
__label__5,
__label__4,
__label__3,
__label__2, 同じ
__label__4,
__label__2,
__label__4,
__label__2,
__label__1,
__label__5,
__label__3, この どの その この この
__label__5,
__label__1, こんな
__label__5,
__label__4,
__label__3,
__label__1,
__label__3,
__label__3, 同じ
__label__2,
__label__2,
__label__4,
__label__5,
__label__2,
__label__4,
__label__3,
__label__1, こんな
__label__3,
__label__1, この
__label__5, この
__label__1, そんな どういう
__label__5,
__label__1, この
__label__2,
__label__5,
__label__5,
__label__5,
__label__3, 同じ
__label__2,
__label__5,
__label__3,
__label__1,
__label__2, その
__label__1, こういう
__label__1,
__label__4,
__label__5,
__label__1,
__label__1,
__label__1, 何らかの 大した こういう
__label__1, その そんな
__label__5,
__label__2,
__label__5,
__label__1, その
__label__3, そういった どんな
__label__3,
__label__2,
__label__3,
__label__5,
__label__1,
__label__4,
__label__1,
__label__4,
__label__2,
__label__1,
__label__3,
__label__3,
__label__2,
__label__1, この 同じ
__label__2,
__label__3, 同じ 同じ
__label__3,
__label__1, どういう 大した この この
__label__3,
__label__1,
__label__5,
__label__3,
__label__1,
__label__2, この この この この この
__label__5,
__label__3,
__label__1,
__label__2,
__label__3,
__label__1,
__label__4,
__label__4,
__label__1,
__label__5,
__label__5,
__label__5,
__label__3, この どういう
__label__3,
__label__1, そういう
__label__1,
__label__5, この この
__label__3, 同じ
__label__3,
__label__2,
__label__1,
__label__5,
__label__1, 同じ
__label__2,
__label__5,
__label__1, その その
__label__5,
__label__5,
__label__4,
__label__4,
__label__5,
__label__5, こんな
__label__2, この
__label__1,
__label__1, この
__label__2, その
__label__2, その
__label__4, どんな
__label__1,
__label__1, この
__label__3,
__label__1,
__label__5, この
__label__4,
__label__3,
__label__4,
__label__4,
__label__4,
__label__3,
__label__3,
__label__5,
__label__5,
__label__4,
__label__5,
__label__1,
__label__2,
__label__1, 同じ
__label__1,
__label__1,
__label__3,
__label__1,
__label__1, 同じ
__label__2,
__label__1,
__label__4, その そういう
__label__1,
__label__4, この 同じ
__label__1, この こんな この 同じ 同じ 同じ この
__label__2, この どの いろんな
__label__4, 同じ
__label__4,
__label__3, この
__label__4,
__label__2,
__label__1, この
__label__1,
__label__1, 同じ
__label__4,
__label__1,
__label__3, この
__label__3,
__label__1,
__label__2, この この こんな こんな
__label__3,
__label__5, その こんな
__label__2, どんな どんな この こんな
__label__5, 同じ
__label__1,
__label__1,
__label__4,
__label__1,
__label__2,
__label__3, この 同じ
__label__1,
__label__2,
__label__4,
__label__1, この
__label__2, 同じ こんな
__label__1, その
__label__4,
__label__1,
__label__3,
__label__5, この
__label__3,
__label__4, この
__label__1,
__label__5,
__label__1,
__label__1, どの 大きな その 同じ
__label__3,
__label__3,
__label__2,
__label__1,
__label__1,
__label__1, 単なる
__label__4,
__label__3,
__label__5,
__label__2,
__label__5, この 小さな
__label__1, こんな
__label__2,
__label__3,
__label__4,
__label__2,
__label__5,
__label__3,
__label__4,
__label__3,
__label__5,
__label__1, この この この その この その この この その この
__label__1,
__label__1,
__label__4,
__label__3, そんな
__label__3, その そんな
__label__1,
__label__4,
__label__4,
__label__5,
__label__3,
__label__2, ちょっとした
__label__2,
__label__5,
__label__4,
__label__3,
__label__3, あの
__label__1,
__label__3,
__label__1,
__label__3,
__label__4,
__label__3,
__label__3,
__label__1,
__label__4, この
__label__4,
__label__4,
__label__5,
__label__5,
__label__4,
__label__3,
__label__5,
__label__5,
__label__1,
__label__1, その この
__label__1,
__label__4,
__label__3,
__label__5, 同じ
__label__5,
__label__2,
__label__4,
__label__2, 小さな ある こういう どんな この
__label__2,
__label__5,
__label__1,
__label__1,
__label__5,
__label__1,
__label__5, どんな この この
__label__1, この どの 同じ
__label__5,
__label__1,
__label__5, その
__label__1, 同じ
__label__1, どの その 何らかの こうした
__label__4,
__label__3, この
__label__1, この
__label__1,
__label__5,
__label__3,
__label__1, この
__label__1,
__label__5, この
__label__4,
__label__2,
__label__3,
__label__4, その この この その その その その その その その そんな そんな そういう こんな その
__label__1,
__label__2,
__label__1, 大きな なんらかの
__label__3,
__label__5, この
__label__2,
__label__5,
__label__3,
__label__1,
__label__1,
__label__2,
__label__4,
__label__2,
__label__5,
__label__3,
__label__2, こんな
__label__2, この
__label__4,
__label__2,
__label__1,
__label__5, 同じ
__label__2, この
__label__4,
__label__3,
__label__3,
__label__5,
__label__5, その
__label__5, この
__label__3,
__label__1, この
__label__3,
__label__4,
__label__3,
__label__2,
__label__4, どの
__label__1, この
__label__1,
__label__5, この
__label__1, こんな
__label__4, ほんの そんな
__label__3, 同じ 同じ
__label__4, 小さな
__label__4,
__label__4,
__label__1,
__label__1,
__label__5,
__label__3, この
__label__4, その
__label__1,
__label__4,
__label__5,
__label__2,
__label__3, 同じ
__label__1, どの
__label__3, この
__label__2,
__label__3,
__label__4, 同じ 同じ
__label__4, この
__label__1,
__label__1,
__label__1, こんな
__label__5, この
__label__1,
__label__1, 同じ
__label__3,
__label__2,
__label__5, 同じ 同じ
__label__1, この
__label__1,
__label__5, この
__label__4, この
__label__2,
__label__4,
__label__1, 同じ
__label__2, この
__label__4, あの
__label__2,
__label__5, この
__label__3,
__label__1,
__label__4,
__label__2,
__label__2,
__label__1,
__label__1,
__label__2, 同じ
__label__4,
__label__3, この
__label__4,
__label__3,
__label__1,
__label__1,
__label__1,
__label__5,
__label__3, その
__label__1,
__label__1,
__label__1,
__label__3,
__label__1,
__label__1, ありとあらゆる
__label__1,
__label__5,
__label__1,
__label__1,
__label__5,
__label__3,
__label__1,
__label__1,
__label__3,
__label__3, その
__label__2, こんな その どういう
__label__2,
__label__4,
__label__1, そんな
__label__4,
__label__3,
__label__3,
__label__1,
__label__3, 同じ
__label__4, この
__label__2, この
__label__3, そういった その
__label__1, その
__label__1, 同じ あらゆる 同じ
__label__3,
__label__1,
__label__1,
__label__4, ちっちゃな この
__label__1,
__label__4, この
__label__4,
__label__1,
__label__4,
__label__1, この 同じ その その この
__label__1, 何らかの 大した こういう
__label__5,
__label__1,
__label__4,
__label__4,
__label__4,
__label__1, あの
__label__3,
__label__5,
__label__2, この
__label__5, この ある この
__label__1, この どの
__label__3,
__label__4, この
__label__1, 何らかの 大した こういう
__label__1,
__label__1,
__label__2,
__label__1,
__label__1,
__label__5,
__label__1, その
__label__4,
__label__1,
__label__5, その
__label__1,
__label__1, この
__label__1,
__label__1, この
__label__3,
__label__4,
__label__5, この 小さな 同じ
__label__5,
__label__1,
__label__1,
__label__5,
__label__1,
__label__5,
__label__1,
__label__3, 同じ
__label__1,
__label__1,
__label__3,
__label__1, その この その その 同じ この この その この その どの その この この この その この その この その その この
__label__2,
__label__3,
__label__1,
__label__2, ちょっとした
__label__4,
__label__3, 小さな
__label__3,
__label__1,
__label__3, この
__label__4,
__label__1,
__label__5,
__label__1,
__label__4, ちょっとした
__label__2, 同じ こんな
__label__2,
__label__5,
__label__5, この
__label__3,
__label__2,
__label__2,
__label__1,
__label__4,
__label__3,
__label__2,
__label__1,
__label__1,
__label__2,
__label__2,
__label__5, 小さな
__label__1,
__label__1,
__label__1,
__label__1,
__label__4,
__label__1,
__label__3, その
__label__5, こういう
__label__5,
__label__3, どの どんな
__label__2, この その
__label__5, この
__label__4,
__label__5,
__label__5, この
__label__2,
__label__1, この
__label__3,
__label__5, この
__label__4, 同じ
__label__1,
__label__3,
__label__2,
__label__1,
__label__5,
__label__1,
__label__3,
__label__5,
__label__1,
__label__4, この
__label__5, この
__label__2,
__label__5,
__label__5,
__label__1,
__label__5, この
__label__1, どの 同じ
__label__5,
__label__1,
__label__3,
__label__1,
__label__1,
__label__1,
__label__1,
__label__2,
__label__2, この
__label__4,
__label__4, 同じ
__label__5,
__label__1,
__label__2,
__label__1,
__label__4, この 大きな その この
__label__1, この この その その その そんな ある
__label__2,
__label__1,
__label__5,
__label__1, この 同じ
__label__2,
__label__2,
__label__1,
__label__3,
__label__4,
__label__3,
__label__4,
__label__3,
__label__2,
__label__1, この 同じ
__label__1,
__label__4, この
__label__5,
__label__4,
__label__3, その
__label__5, この
__label__1,
__label__3,
__label__1,
__label__5,
__label__1,
__label__2,
__label__3,
__label__2,
__label__1, こんな
__label__5,
__label__2,
__label__5,
__label__3, この
__label__1, 同じ
__label__2,
__label__3,
__label__1,
__label__5, この 同じ
__label__1,
__label__5,
__label__4,
__label__3, この
__label__1, 大した
__label__1,
__label__2,
__label__1, その 同じ
__label__4,
__label__2,
__label__2,
__label__4,
__label__1,
__label__3, そんな
__label__3,
__label__5,
__label__3, あらゆる この その この そういった
__label__1,
__label__5, この この ある その この その その こんな この 大きな この その この 大きな この
__label__5,
__label__2, この
__label__2, 同じ この 同じ
__label__4,
__label__1, この
__label__1,
__label__1,
__label__3,
__label__1,
__label__2, この この
__label__4,
__label__1,
__label__3,
__label__4,
__label__1, この
__label__4,
__label__5,
__label__4, 同じ
__label__4,
__label__5, この
__label__1, その
__label__1, この この
__label__5, この
__label__5,
__label__1,
__label__3,
__label__1,
__label__1, 何らかの 大した こういう
__label__2,
__label__1, この
__label__3,
__label__2, この
__label__1,
__label__5,
__label__2, この この
__label__5,
__label__4,
__label__5,
__label__1,
__label__1,
__label__1,
__label__2, どの この こんな
__label__5, この
__label__5,
__label__5, この
__label__3,
__label__1,
__label__1,
__label__5,
__label__4,
__label__2, 同じ
__label__1,
__label__1,
__label__3,
__label__2,
__label__3, 小さな
__label__1, この
__label__1,
__label__1,
__label__2,
__label__2,
__label__5,
__label__1,
__label__5,
__label__1,
__label__4, この
__label__3,
__label__5,
__label__2, 同じ
__label__1,
__label__5,
__label__3,
__label__1, この
__label__1,
__label__1, そんな こんな
__label__1, この
__label__5,
__label__2,
__label__3,
__label__5,
__label__1, そんな
__label__1,
__label__3, こういう この
__label__4, 同じ そういう
__label__1,
__label__2,
__label__1, この この こんな
__label__1,
__label__3,
__label__1, こんな
__label__1, その
__label__5, その こういう
__label__1,
__label__1, この
__label__2,
__label__2,
__label__1, この 同じ
__label__1,
__label__4,
__label__2,
__label__4, 同じ
__label__5,
__label__3, この
__label__1, この この 同じ この この この この 同じ
__label__1,
__label__2,
__label__2,
__label__5,
__label__4, その
__label__4, こういう
__label__4, この
__label__5, この
__label__1,
__label__2,
__label__1,
__label__2, こんな
__label__1,
__label__1, 単なる この
__label__3,
__label__1, その
__label__1, こういう この
__label__5, この
__label__1,
__label__1, この
__label__5,
__label__3,
__label__4,
__label__4, 大きな
__label__3, その
__label__5,
__label__1, あの
__label__3,
__label__1,
__label__1,
__label__1,
__label__5,
__label__4, こんな
__label__3,
__label__2, この
__label__2,
__label__2, 大きな そういった
__label__4,
__label__1,
__label__1,
__label__4,
__label__1, この
__label__4,
__label__1,
__label__2, 同じ
__label__2, この この
__label__1, その この その その 同じ この この その この その どの その この この この その この その この その その この
__label__2, 同じ
__label__1,
__label__2,
__label__3, この
__label__1,
__label__4,
__label__1, この そんな おかしな
__label__1, この
__label__1,
__label__1, 同じ
__label__4, そういう その
__label__1,
__label__4,
__label__1,
__label__1, 単なる この
__label__2,
__label__2,
__label__5,
__label__5,
__label__2,
__label__5,
__label__5,
__label__3, 同じ
__label__5,
__label__2,
__label__3,
__label__3, その その
__label__1, 同じ 同じ こんな
__label__2,
__label__3,
__label__1, この
__label__2, その
__label__4,
__label__5,
__label__1,
__label__5, 小さな
__label__1, ある この
__label__3, この
__label__2, この
__label__5,
__label__1, この
__label__2,
__label__3,
__label__5, この この
__label__5,
__label__1,
__label__2,
__label__2,
__label__2,
__label__1, こんな この
__label__2,
__label__1, この
__label__3, この
__label__1,
__label__3,
__label__2,
__label__4, この
__label__4,
__label__3, この
__label__5,
__label__2,
__label__3,
__label__2,
__label__5, この
__label__5,
__label__5,
__label__5,
__label__3, 同じ
__label__4,
__label__2, こういう
__label__2,
__label__2,
__label__4,
__label__3,
__label__5, その
__label__1, この
__label__2,
__label__1, その その
__label__1, こんな
__label__2, その
__label__1,
__label__4, この
__label__2, その
__label__2,
__label__3,
__label__3, 小さな 単なる
__label__1,
__label__5,
__label__4,
__label__4, その その その
__label__3, この この
__label__2,
__label__2,
__label__2,
__label__3,
__label__3, この この
__label__5, この
__label__1,
__label__1,
__label__5,
__label__1, あの
__label__1,
__label__3, この
__label__4, その その
__label__3,
__label__5, そういう こういう この
__label__2,
__label__3,
__label__2,
__label__4,
__label__2,
__label__4, その そうした
__label__2, こんな
__label__3,
__label__5, この どんな この
__label__3, この そういう
__label__1,
__label__4,
__label__1, この
__label__4, その
__label__5,
__label__3, この その こんな この
__label__1,
__label__1, こんな
__label__1,
__label__2, その この その そんな
__label__1,
__label__1, その 同じ
__label__1,
__label__1, 同じ
__label__5, この
__label__3,
__label__4, この どの そんな 色んな 色んな
__label__2, この この あの あの この
__label__5,
__label__2, この この その
__label__4, ある その
__label__2,
__label__1, いろんな
__label__4,
__label__2, こんな その
__label__4,
__label__5,
__label__3, この
__label__3,
__label__5,
__label__3,
__label__4, その
__label__1,
__label__4,
__label__3,
__label__5,
__label__1, こんな
__label__1, この そんな
__label__1,
__label__4,
__label__1,
__label__5,
__label__3, その
__label__1, こんな ある こういう
__label__2, こんな
__label__3,
__label__1, この
__label__4,
__label__2, この この そういう
__label__3,
__label__1,
__label__2,
__label__3,
__label__5, この
__label__2, その この
__label__4,
__label__4,
__label__1,
__label__3,
__label__1,
__label__1, この この 同じ この 大きな その この
__label__1,
__label__4,
__label__3, この そういう その この こうした 同じ
__label__1,
__label__2,
__label__5,
__label__3, この その この なんらかの どの この この なんらかの その この この
__label__3,
__label__1, そんな
__label__4, どういう ある この ある
__label__1,
__label__4,
__label__1,
__label__2,
__label__3,
__label__5,
__label__3,
__label__2,
__label__3,
__label__3,
__label__2,
__label__2, この
__label__1, 同じ
__label__1,
__label__5,
__label__2,
__label__3, 同じ
__label__5,
__label__3, この
__label__1,
__label__1,
__label__1, そんな どういう
__label__1,
__label__4, この この 同じ この 同じ 小さな この 同じ
__label__4,
__label__4,
__label__1, この この
__label__4,
__label__4, そんな この
__label__4,
__label__1, その
__label__5,
__label__1, その その この この この この
__label__5, 色んな
__label__1, 同じ
__label__1,
__label__4,
__label__3, この
__label__4, この
__label__2, この
__label__4,
__label__2,
__label__2,
__label__5, この この
__label__5, その
__label__1,
__label__4,
__label__5, この
__label__1, この
__label__1,
__label__2,
__label__5, この
__label__5,
__label__1, ちょっとした
__label__1, この この その その その この
__label__2, この
__label__1,
__label__5,
__label__4,
__label__5,
__label__5,
__label__2,
__label__3,
__label__1,
__label__1,
__label__1,
__label__1,
__label__1,
__label__1, 同じ
__label__5,
__label__3,
__label__1,
__label__1,
__label__3,
__label__3,
__label__1,
__label__2,
__label__2,
__label__5,
__label__4,
__label__4,
__label__1,
__label__3,
__label__1,
__label__2,
__label__5,
__label__5,
__label__3,
__label__2,
__label__5,
__label__5, この この この その
__label__2,
__label__1, この こんな この そんな こんな この
__label__5,
__label__3,
__label__2,
__label__1, 同じ
__label__3,
__label__1, その
__label__4,
__label__2,
__label__4,
__label__3,
__label__1,
__label__1,
__label__1,
__label__4,
__label__3,
__label__2,
__label__5,
__label__1,
__label__5, この
__label__1,
__label__1, この この
__label__1,
__label__1,
__label__5,
__label__1,
__label__1, あの
__label__5,
__label__3,
__label__1,
__label__1,
__label__4,
__label__1, この その その この 同じ
__label__5, この
__label__1,
__label__2, この
__label__3,
__label__2,
__label__3,
__label__3,
__label__2,
__label__4,
__label__1, こんな
__label__5, その そんな あの
__label__1,
__label__1, その 同じ
__label__1, ちょっとした
__label__1,
__label__2,
__label__4, その
__label__5,
__label__2,
__label__2, この
__label__1, あの
__label__1,
__label__1, こんな こんな
__label__5, この この この
__label__4,
__label__4, この
__label__3,
__label__2,
__label__1,
__label__3,
__label__1,
__label__3,
__label__1,
__label__1,
__label__2,
__label__1,
__label__1,
__label__1,
__label__1,
__label__1, この この 同じ この
__label__5, この
__label__1,
__label__5,
__label__4, その
__label__2, 大きな
__label__5, この その
__label__1, この
__label__1,
__label__1,
__label__1,
__label__2,
__label__1,
__label__5,
__label__1,
__label__1, ちょっとした
__label__3,
__label__3,
__label__1, その そんな この この そういう そういう 同じ そんな この この その この
__label__4,
__label__2, この
__label__2,
__label__3,
__label__4,
__label__3,
__label__4,
__label__1,
__label__4,
__label__1,
__label__3,
__label__5,
__label__3, この
__label__3, この
__label__2,
__label__2,
__label__4, その
__label__1,
__label__1,
__label__4,
__label__2, その
__label__2,
__label__2,
__label__4, ちょっとした この
__label__1,
__label__1,
__label__4,
__label__2, ほんの
__label__3,
__label__1, ちょっとした
__label__3,
__label__5,
__label__4, この
__label__5, その
__label__1,
__label__1,
__label__1,
__label__5,
__label__1,
__label__2, 同じ
__label__1, この この この この この
__label__1, この
__label__3, どの
__label__4, こういう
__label__1,
__label__5, この どんな どんな
__label__1, 同じ
__label__3, この
__label__1, こんな こんな
__label__1, こんな
__label__3,
__label__1, そういう
__label__4,
__label__2,
__label__4,
__label__2,
__label__5,
__label__5,
__label__1,
__label__2,
__label__1, いろんな
__label__5, こんな
__label__5,
__label__1,
__label__5,
__label__5,
__label__4,
__label__5,
__label__1, こんな
__label__1, この この その その その この
__label__1,
__label__5, そんな
__label__1,
__label__1,
__label__4,
__label__3,
__label__4,
__label__3,
__label__5, そんな この
__label__4, その
__label__5, 同じ この
__label__4, この
__label__4,
__label__3,
__label__5,
__label__5, その そういう ある
__label__3,
__label__5,
__label__4,
__label__5,
__label__3, その
__label__2,
__label__1,
__label__2,
__label__1, その
__label__4,
__label__2, この
__label__3, その こんな
__label__5,
__label__1, この
__label__4, ほんの この どんな
__label__4,
__label__5,
__label__4,
__label__4, この
__label__2,
__label__5,
__label__4, この
__label__5,
__label__1, 同じ
__label__3,
__label__2,
__label__4,
__label__1,
__label__3,
__label__1,
__label__2, 同じ その その その 同じ
__label__4,
__label__4,
__label__3,
__label__4,
__label__2,
__label__1,
__label__5, 同じ この
__label__2, その この
__label__3,
__label__3,
__label__2, この その その その
__label__1,
__label__5,
__label__5,
__label__1, こんな この
__label__1,
__label__3,
__label__4, 小さな その
__label__1,
__label__4,
__label__2,
__label__1, その
__label__4,
__label__2,
__label__1,
__label__1,
__label__2,
__label__1, 同じ
__label__2,
__label__4,
__label__2,
__label__3, 同じ 同じ その
__label__2,
__label__4,
__label__4,
__label__3,
__label__5,
__label__4,
__label__1,
__label__4,
__label__3,
__label__1,
__label__1, こんな
__label__1, この
__label__1,
__label__2,
__label__2,
__label__2,
__label__5, この この
__label__2,
__label__3,
__label__1, どの 同じ
__label__4, この
__label__1,
__label__1,
__label__3, その
__label__3, この この
__label__5,
__label__5, この
__label__4,
__label__2,
__label__5,
__label__3,
__label__1,
__label__3,
__label__2, 同じ
__label__1, この
__label__3,
__label__4, その その その そんな
__label__1,
__label__2,
__label__1,
__label__1,
__label__1,
__label__1, この
__label__1, この
__label__1,
__label__1,
__label__1,
__label__2,
__label__2,
__label__2, その
__label__2,
__label__1,
__label__2, その この 同じ
__label__1,
__label__2,
__label__1,
__label__5, その この
__label__4,
__label__5, この
__label__1,
__label__4,
__label__4,
__label__3,
__label__1,
__label__4,
__label__1,
__label__5,
__label__2, この この この その この その この この
__label__4,
__label__1, この
__label__4,
__label__5,
__label__4,
__label__3, 同じ
__label__1, どの 同じ
__label__2,
__label__1,
__label__4,
__label__4,
__label__1, 同じ
__label__3,
__label__3, この
__label__4,
__label__1,
__label__2,
__label__1,
__label__5,
__label__1, どの その 何らかの こうした
__label__4,
__label__4, この
__label__1,
__label__1,
__label__3,
__label__4,
__label__4,
__label__3, この この
__label__1,
__label__1, どの その
__label__5, この この
__label__4,
__label__1,
__label__5,
__label__4,
__label__3,
__label__4,
__label__2,
__label__1,
__label__2,
__label__4, その
__label__4,
__label__5,
__label__3,
__label__4,
__label__5,
__label__3,
__label__4,
__label__5, その 小さな 同じ
__label__3, あの
__label__1,
__label__2, この
__label__2,
__label__5, この この
__label__2,
__label__1,
__label__2, 同じ その
__label__3,
__label__2, 小さな
__label__1,
__label__3,
__label__1,
__label__1,
__label__1,
__label__5,
__label__4, こんな
__label__3,
__label__5,
__label__1, この
__label__3,
__label__1,
__label__3,
__label__1, この
__label__1,
__label__5,
__label__1,
__label__1, そういう
__label__2,
__label__4,
__label__3, この
__label__1,
__label__3, その 同じ
__label__2, 小さな
__label__3, この その
__label__2,
__label__3,
__label__5,
__label__2,
__label__4,
__label__5, 我が
__label__2, そういう
__label__3,
__label__3, この その
__label__1,
__label__4,
__label__1, こういう この
__label__1,
__label__1,
__label__5,
__label__2, こんな 同じ
__label__1,
__label__5, そういう この その
__label__3,
__label__4,
__label__1,
__label__4,
__label__5,
__label__1,
__label__1, ある
__label__2,
__label__1,
__label__4,
__label__5, この
__label__3, その この
__label__1, どの 同じ
__label__5,
__label__4,
__label__5,
__label__3,
__label__5,
__label__1,
__label__4,
__label__4,
__label__4,
__label__5,
__label__1, こんな
__label__3,
__label__2, その
__label__5,
__label__5,
__label__1,
__label__2, こんな
__label__5, この
__label__5,
__label__2,
__label__1,
__label__2,
__label__3,
__label__2, 同じ
__label__1,
__label__3, この この その あの
__label__2,
__label__1,
__label__1,
__label__3,
__label__1,
__label__2,
__label__1, こんな
__label__1, この
__label__3, その
__label__3, この 同じ
__label__5, そういう
__label__5,
__label__2,
__label__2,
__label__4,
__label__1,
__label__1, こんな
__label__3,
__label__5,
__label__2,
__label__1,
__label__3,
__label__4, 同じ
__label__1,
__label__2,
__label__4,
__label__2,
__label__1,
__label__4, この この
__label__1,
__label__5,
__label__1,
__label__4,
__label__1,
__label__3, 同じ
__label__4,
__label__1, そんな どういう
__label__1, その
__label__1,
__label__3, その
__label__2,
__label__1, その
__label__3,
__label__3,
__label__1, この そんな
__label__4, 大きな この
__label__2,
__label__2, そういった
__label__5,
__label__4,
__label__1,
__label__1,
__label__1,
__label__1,
__label__5,
__label__1,
__label__1, いわゆる この
__label__1, この
__label__4, この
__label__1,
__label__1,
__label__5,
__label__4,
__label__3,
__label__2,
__label__1, この
__label__1, こんな
__label__4,
__label__1,
__label__5, この
__label__1,
__label__2, いろんな この
__label__5,
__label__4,
__label__2,
__label__2,
__label__1,
__label__5, この そんな この そんな 同じ その この こうした 同じ
__label__1,
__label__3,
__label__4,
__label__1,
__label__1, この この この その この その この この その この
__label__4,
__label__1, その その どの
__label__1,
__label__5, この
__label__5,
__label__5,
__label__1,
__label__3,
__label__3, 大した この
__label__2, この
__label__1, そういう
__label__4,
__label__4,
__label__2,
__label__5, 同じ
__label__1,
__label__1, この
__label__1,
__label__4,
__label__2,
__label__2, この この
__label__4,
__label__1, この
__label__1, そんな どういう
__label__4,
__label__4,
__label__1, こんな
__label__3,
__label__1,
__label__5,
__label__1,
__label__1,
__label__2, この
__label__5,
__label__1,
__label__5, あの あの
__label__3,
__label__5, この
__label__5, どの その 小さな その どの その そういう そういう この
__label__4,
__label__4, そんな そんな その
__label__2, その
__label__3, そういった
__label__1, この この この その この その この この その この
__label__3,
__label__1,
__label__2,
__label__3, この
__label__3,
__label__4,
__label__2, そういった
__label__1,
__label__4,
__label__1,
__label__1,
__label__1, その この
__label__3,
__label__2,
__label__1,
__label__3,
__label__5, そんな
__label__3,
__label__3, この
__label__1,
__label__1,
__label__2,
__label__1,
__label__5,
__label__4, 大きな この この
__label__1, この 同じ こんな
__label__2,
__label__3,
__label__1,
__label__5, この
__label__2,
__label__1, この
__label__4,
__label__4,
__label__3, この そんな
__label__4,
__label__1,
__label__4,
__label__1,
__label__5,
__label__3,
__label__2, この そんな
__label__3,
__label__5,
__label__4,
__label__2,
__label__4, ちょっとした
__label__1,
__label__3,
__label__2,
__label__3,
__label__1, その
__label__1,
__label__2,
__label__4, その この この その その その その その その その そんな そんな そういう こんな この 同じ その
__label__2, その
__label__3,
__label__1, その 同じ その こんな
__label__2, この この この こういう
__label__3,
__label__5,
__label__5,
__label__3, この
__label__1,
__label__4,
__label__1,
__label__4,
__label__5,
__label__4,
__label__1,
__label__3, この その こういう
__label__3,
__label__1,
__label__3,
__label__1, そういう
__label__4,
__label__3, あの あらゆる この
__label__1, 同じ
__label__4,
__label__2, この
__label__2,
__label__1, 単なる
__label__5,
__label__1,
__label__5, 小さな
__label__3,
__label__1, こんな
__label__5,
__label__2, この
__label__1,
__label__1, この
__label__5,
__label__4,
__label__3,
__label__2,
__label__1,
__label__2,
__label__2, この
__label__3,
__label__5,
__label__1,
__label__1, こういう
__label__4, この この
__label__5,
__label__2,
__label__4,
__label__4, その
__label__1,
__label__4,
__label__4, この
__label__3,
__label__5,
__label__1, この
__label__1, 何らかの 大した こういう
__label__5,
__label__1,
__label__2, 大きな 同じ 同じ
__label__5,
__label__1,
__label__5, この
__label__5,
__label__2,
__label__1, その
__label__3,
__label__1, こんな
__label__5,
__label__4,
__label__5,
__label__3,
__label__2,
__label__5,
__label__2,
__label__3,
__label__4,
__label__2, 同じ
__label__3,
__label__3, 同じ
__label__1, こんな そういう
__label__1,
__label__1,
__label__2,
__label__3, そういった どんな
__label__1,
__label__5,
__label__5,
__label__3, 大きな
__label__2,
__label__4,
__label__3,
__label__2,
__label__2,
__label__1,
__label__1,
__label__1, この こんな この
__label__3,
__label__1, 同じ
__label__1,
__label__3, その
__label__2,
__label__3,
__label__4,
__label__1,
__label__2,
__label__3, この その
__label__3, いわゆる
__label__5,
__label__1, この
__label__5, その この
__label__1, こんな こんな
__label__5, その
__label__3,
__label__3,
__label__1,
__label__2, この 同じ この
__label__3, この
__label__5,
__label__5,
__label__1, 大きな
__label__1,
__label__5, その
__label__2, その
__label__3,
__label__2,
__label__1,
__label__2, こんな
__label__2, この
__label__1,
__label__5,
__label__5, この
__label__1,
__label__1, こういう
__label__1,
__label__4,
__label__2,
__label__4,
__label__3,
__label__3,
__label__5, この
__label__2,
__label__3, この
__label__2, この
__label__5,
__label__1,
__label__1, そういう
__label__3,
__label__2,
__label__2, その この この
__label__1, この この 同じ この この この この 同じ
__label__5,
__label__5, この
__label__2,
__label__3,
__label__4,
__label__2, この この
__label__1, この こんな この 同じ 同じ 同じ この
__label__1, この
__label__3,
__label__3,
__label__4,
__label__2,
__label__2,
__label__1,
__label__2, この
__label__2,
__label__4,
__label__2,
__label__4, この
__label__5,
__label__3, この
__label__2,
__label__1, この
__label__5,
__label__5,
__label__1,
__label__1, 同じ
__label__3,
__label__2, その
__label__1,
__label__4, この
__label__1,
__label__5, その
__label__1,
__label__3, この
__label__3,
__label__1, どんな こういう この
__label__1,
__label__2,
__label__1,
__label__4, その
__label__2,
__label__2,
__label__1, こんな この この
__label__1,
__label__3, その
__label__1,
__label__5,
__label__2,
__label__1,
__label__2,
__label__1,
__label__2,
__label__1,
__label__4,
__label__2, 同じ この 同じ
__label__2,
__label__1, この この
__label__2,
__label__3, その この この
__label__2,
__label__1, その
__label__3,
__label__3, この
__label__1, ちょっとした そんな
__label__2, この この
__label__1,
__label__4, この
__label__1, どの 同じ
__label__5,
__label__1,
__label__1, 同じ 同じ こんな
__label__2,
__label__5, この
__label__1,
__label__4,
__label__1,
__label__4, この この
__label__5,
__label__2,
__label__4, 小さな
__label__5,
__label__4, この
__label__5,
__label__1, そんな どういう
__label__5,
__label__4,
__label__1, ある ある
__label__5,
__label__1,
__label__2,
__label__1, その
__label__1,
__label__3,
__label__1,
__label__2, こんな
__label__1,
__label__5,
__label__4, こういう
__label__1, いわゆる この
__label__1,
__label__1,
__label__2, 単なる どの この この
__label__3,
__label__2,
__label__5,
__label__1, 小さな
__label__2, この
__label__1,
__label__2, この
__label__4,
__label__4, この
__label__1, その
__label__5,
__label__1,
__label__2,
__label__1,
__label__4,
__label__1,
__label__2,
__label__4,
__label__5, この
__label__2,
__label__3,
__label__1,
__label__2, 同じ
__label__4,
__label__5, どの
__label__5,
__label__5, 同じ この そういう
__label__2, この
__label__3, その こんな
__label__1,
__label__2,
__label__4, この
__label__2, この
__label__5, その この この
__label__1,
__label__2, ある
__label__3,
__label__1, 同じ
__label__2, この この こんな こんな
__label__3, あんな
__label__3,
__label__2,
__label__1,
__label__2, 同じ そんな
__label__4,
__label__4,
__label__4, どの その
__label__1,
__label__4,
__label__5,
__label__2,
__label__4,
__label__2, どの
__label__1,
__label__5,
__label__1, そういう
__label__1,
__label__1, ちょっとした そんな
__label__4,
__label__3,
__label__1,
__label__1, そんな どういう
__label__1, こんな
__label__1,
__label__5, この
__label__1,
__label__5,
__label__1, そういう
__label__3,
__label__1,
__label__3, 色んな
__label__5,
__label__5, この この
__label__1,
__label__1,
__label__5, その この
__label__2,
__label__2,
__label__1, こんな
__label__2,
__label__5,
__label__1, この
__label__4,
__label__4,
__label__1,
__label__1, まさかの
__label__2,
__label__4,
__label__4, この
__label__1,
__label__2,
__label__5,
__label__5, その その
__label__4, その
__label__3,
__label__2,
__label__5, この
__label__1, この その こういう
__label__1,
__label__1, この
__label__1,
__label__1,
__label__1,
__label__2, こんな この こんな この
__label__5,
__label__2,
__label__1, その
__label__3,
__label__2,
__label__1,
__label__1,
__label__3, この
__label__1, この
__label__4, こういう
__label__5, その
__label__2,
__label__1, この この
__label__1,
__label__1, この
__label__1, この その この
__label__1,
__label__4,
__label__2,
__label__1, 同じ どんな
__label__1, そういう
__label__1, その
__label__1, その 同じ
__label__5, その その
__label__5,
__label__1,
__label__5,
__label__2, こういう
__label__5,
__label__1,
__label__2, その
__label__2,
__label__3,
__label__5, この
__label__1,
__label__2,
__label__4,
__label__2,
__label__4,
__label__5,
__label__4, この その この いわゆる こんな そんな この こんな この この
__label__5, その この この
__label__3,
__label__5,
__label__1, この この
__label__4,
__label__3,
__label__4,
__label__3,
__label__3,
__label__2,
__label__1,
__label__1, この
__label__3,
__label__1,
__label__1,
__label__4,
__label__5,
__label__1, この
__label__3,
__label__3, こんな
__label__1,
__label__1,
__label__2,
__label__2,
__label__3,
__label__2, 同じ
__label__2,
__label__5,
__label__3,
__label__1, こういう
__label__1, この
__label__2, どういう
__label__2,
__label__3,
__label__4,
__label__4,
__label__1,
__label__1,
__label__1,
__label__4, この
__label__1,
__label__4,
__label__5, この
__label__1,
__label__1, この
__label__3,
__label__5,
__label__5, その この
__label__5, この
__label__4,
__label__1,
__label__5,
__label__1,
__label__4,
__label__1, 同じ
__label__1,
__label__3,
__label__1, 同じ
__label__5,
__label__1,
__label__1,
__label__1,
__label__2,
__label__3, この その
__label__1,
__label__3,
__label__5,
__label__5,
__label__5,
__label__1, どの
__label__1,
__label__2, その
__label__1,
__label__3, この
__label__5,
__label__5, この この この
__label__1,
__label__2, 同じ
__label__3,
__label__1,
__label__1, この
__label__5,
__label__2, この
__label__3, どの
__label__4,
__label__5,
__label__5, 同じ 同じ ある
__label__1,
__label__1,
__label__1, どんな
__label__3,
__label__2,
__label__1, どんな こういう この
__label__4,
__label__3, その その
__label__5, この この
__label__4,
__label__3,
__label__2,
__label__1,
__label__4,
__label__4,
__label__5,
__label__5, この そんな この この この
__label__5,
__label__1, こんな
__label__5,
__label__1, こんな
__label__3,
__label__2, 同じ
__label__3,
__label__3, 同じ
__label__3,
__label__5,
__label__5, この
__label__4, その
__label__3, 同じ
__label__1,
__label__2,
__label__1, この この こんな
__label__1, この
__label__4, この
__label__3, どんな この
__label__3, この
__label__5,
__label__5,
__label__5, この
__label__1, この
__label__1,
__label__1,
__label__1,
__label__1,
__label__1, こんな
__label__3,
__label__2, この
__label__1,
__label__2,
__label__1, 同じ そんな その この
__label__2,
__label__5,
__label__1,
__label__5,
__label__4,
__label__1,
__label__3, この この
__label__2,
__label__1,
__label__5,
__label__1,
__label__5,
__label__3, 色んな この
__label__1, その
__label__1,
__label__4,
__label__5,
__label__2,
__label__5, あの この この
__label__1,
__label__1,
__label__3, この
__label__3,
__label__4,
__label__1,
__label__1,
__label__1,
__label__1,
__label__4,
__label__1,
__label__4,
__label__1,
__label__1, 大きな
__label__1,
__label__4, 同じ
__label__4,
__label__1, この
__label__1, この この この その この その この この その この
__label__3,
__label__5,
__label__3,
__label__1, その
__label__5,
__label__3,
__label__3,
__label__2,
__label__2,
__label__3,
__label__4,
__label__1,
__label__4,
__label__1, この その こういう
__label__1, その この 色んな こんな この
__label__4,
__label__5,
__label__4, その 大きな 同じ
__label__1, この その その この 同じ
__label__4, この そういった
__label__4,
__label__5, その
__label__3, その
__label__3,
__label__5, この
__label__5,
__label__2,
__label__1, ちょっとした
__label__2,
__label__1, この
__label__1,
__label__4,
__label__2, この
__label__2,
__label__2, この この こんな こんな
__label__1, そんな どういう
__label__1, この
__label__1, 同じ
__label__1, この
__label__2,
__label__1, いろんな
__label__2,
__label__2,
__label__5,
__label__3,
__label__1,
__label__3,
__label__1, そんな
__label__2,
__label__1,
__label__3,
__label__1,
__label__1, まさかの
__label__1,
__label__1,
__label__3, この
__label__1,
__label__5,
__label__1,
__label__1,
__label__1,
__label__5, この
__label__3,
__label__1,
__label__3,
__label__1, 何らかの 大した こういう
__label__5,
__label__2, この あの その その あの
__label__1, この この
__label__1, その
__label__1,
__label__3,
__label__1, その
__label__4,
__label__3,
__label__4,
__label__1,
__label__2,
__label__4,
__label__4,
__label__5,
__label__1,
__label__2,
__label__1,
__label__1,
__label__1,
__label__2,
__label__3,
__label__2, この
__label__1, 同じ
__label__1,
__label__1, この その こんな 同じ 同じ 色んな
__label__1, この 大きな この
__label__3, 同じ
__label__3,
__label__5,
__label__1, そんな どういう
__label__3,
__label__2, おかしな
__label__1,
__label__3, この
__label__4, 同じ
__label__4,
__label__2,
__label__1, この 同じ その その この
__label__2, こんな
__label__3,
__label__2,
__label__2,
__label__1,
__label__4,
__label__4, この
__label__2, この この この この
__label__3,
__label__4, この
__label__5, その
__label__5, どの
__label__1, その この 色んな こんな この
__label__2, この
__label__2,
__label__3, この
__label__1,
__label__2,
__label__5, この この
__label__3, 同じ
__label__5,
__label__1,
__label__2,
__label__1,
__label__1,
__label__2,
__label__1,
__label__1,
__label__1, こんな
__label__1,
__label__5,
__label__1, この
__label__1, 同じ
__label__1, こんな
__label__1,
__label__3,
__label__4,
__label__4,
__label__2,
__label__2, どの 同じ 同じ その 同じ その
__label__3, あの
__label__1, こんな
__label__4, この
__label__4, いわゆる その
__label__4,
__label__1,
__label__5, 小さな
__label__2, どういう
__label__2, この この
__label__5, この
__label__3, この
__label__1,
__label__1,
__label__3,
__label__2,
__label__5,
__label__4, その
__label__1,
__label__2,
__label__1, こんな
__label__2, この こんな
__label__1,
__label__3,
__label__1, どの その 何らかの こうした
__label__5, この この
__label__5, こんな
__label__2, この
__label__1, この
__label__1, 同じ
__label__1,
__label__5, この
__label__3,
__label__4,
__label__4,
__label__2,
__label__4, 同じ
__label__4, この その そういう 確たる こういう その
__label__2, こんな
__label__2, こんな
__label__5,
__label__3, 同じ
__label__1,
__label__1,
__label__5, この
__label__4,
__label__5,
__label__1,
__label__3,
__label__1, この この
__label__1,
__label__5,
__label__3, 同じ
__label__3,
__label__3,
__label__4, この
__label__5,
__label__4,
__label__5, この
__label__5, 我が
__label__2,
__label__2, どの 同じ
__label__1, 同じ この
__label__4, この
__label__3,
__label__1,
__label__3, そんな
__label__1,
__label__2,
__label__1,
__label__3,
__label__3,
__label__5,
__label__1,
__label__4, この
__label__1,
__label__3, あの
__label__2,
__label__2,
__label__3,
__label__2, この その
__label__4, この この 同じ
__label__5, この
__label__4,
__label__1,
__label__4,
__label__1,
__label__1,
__label__5, この 同じ
__label__4,
__label__4,
__label__1, この
__label__2, 同じ
__label__3, たいした その
__label__3, その
__label__1,
__label__3,
__label__2, その
__label__5, この
__label__2,
__label__1,
__label__1,
__label__1,
__label__4, この
__label__2,
__label__2,
__label__5,
__label__1,
__label__4,
__label__1,
__label__2,
__label__5, そういう そういう 大きな
__label__3,
__label__3,
__label__2,
__label__1, そんな どういう
__label__1,
__label__4, この
__label__2,
__label__4,
__label__5,
__label__4,
__label__1, この 何らかの その そんな こんな
__label__4,
__label__1,
__label__3,
__label__4,
__label__1, その その ある
__label__2, その 同じ
__label__5,
__label__4,
__label__2, その
__label__3,
__label__5,
__label__4,
__label__3,
__label__3, この
__label__1,
__label__4, 同じ どの
__label__5,
__label__4,
__label__1, この
__label__4,
__label__4,
__label__1,
__label__1, その 同じ その こんな
__label__5,
__label__4,
__label__4,
__label__4,
__label__1, 同じ 色んな こんな
__label__4,
__label__4,
__label__1,
