__label__4,
__label__2,
__label__2,
__label__2,
__label__2,
__label__1, また ところが しかも また
__label__1,
__label__2,
__label__1,
__label__5,
__label__4, また また
__label__3,
__label__4,
__label__5,
__label__1,
__label__2,
__label__2,
__label__1, そもそも
__label__4,
__label__5,
__label__1,
__label__2,
__label__5,
__label__1,
__label__5,
__label__5, また
__label__5,
__label__4,
__label__1,
__label__2,
__label__5, それでも
__label__2,
__label__1, ところが また しかし また
__label__5,
__label__2,
__label__3, 及び また また また しかし
__label__1,
__label__2,
__label__5,
__label__1, そして
__label__4,
__label__5,
__label__2,
__label__1, それなら
__label__1,
__label__5, でも
__label__1,
__label__2,
__label__2,
__label__1,
__label__4,
__label__1,
__label__2,
__label__4, ただ
__label__3, 及び
__label__5,
__label__1,
__label__1,
__label__4,
__label__4,
__label__1,
__label__5,
__label__3,
__label__2, また
__label__1,
__label__5,
__label__1,
__label__2,
__label__4, でも また でも それでも
__label__1,
__label__5,
__label__1, ちなみに ですが
__label__2,
__label__1,
__label__2, しかし なので
__label__3, が
__label__3, ただし なので
__label__5,
__label__4,
__label__5,
__label__5,
__label__1, それでも
__label__1,
__label__5,
__label__3, でも
__label__3,
__label__5,
__label__2, けれど
__label__1, いや
__label__3, でも
__label__1,
__label__3,
__label__4,
__label__4,
__label__1,
__label__1,
__label__1,
__label__5,
__label__4, そして ただ
__label__1,
__label__1,
__label__3,
__label__1, しかも
__label__3,
__label__5,
__label__5,
__label__4,
__label__3,
__label__3, ちなみに
__label__1,
__label__4,
__label__5,
__label__1, でも
__label__2,
__label__3, ただし
__label__2,
__label__1,
__label__4,
__label__3,
__label__1,
__label__4, しかも すなわち しかし が
__label__5,
__label__2,
__label__1,
__label__1,
__label__3,
__label__4, また
__label__1, ただ
__label__4, ただ
__label__1,
__label__2,
__label__5,
__label__5,
__label__4,
__label__1,
__label__5, でも それでも
__label__3,
__label__4,
__label__2,
__label__1,
__label__1,
__label__4,
__label__4, だから
__label__1,
__label__1,
__label__3, ないし
__label__3, でも
__label__1,
__label__1, が なお
__label__4,
__label__1,
__label__2,
__label__1,
__label__4, ただ
__label__1, そもそも
__label__4,
__label__5,
__label__2,
__label__1,
__label__1, しかも
__label__4,
__label__1,
__label__2,
__label__2, でも
__label__3,
__label__1, そりゃ
__label__5,
__label__3,
__label__5,
__label__1,
__label__1, つまり
__label__4,
__label__1,
__label__3,
__label__1,
__label__5,
__label__5,
__label__4,
__label__5,
__label__3,
__label__5,
__label__3,
__label__4,
__label__5,
__label__5, また
__label__2,
__label__5,
__label__5,
__label__2,
__label__5,
__label__5,
__label__3,
__label__1,
__label__1,
__label__4,
__label__5,
__label__2, 但し しかし
__label__2,
__label__2, そして
__label__5,
__label__1,
__label__4,
__label__5,
__label__2,
__label__3,
__label__1,
__label__4,
__label__5,
__label__1,
__label__4,
__label__1,
__label__3,
__label__1,
__label__4,
__label__3, ちなみに
__label__4,
__label__2,
__label__1,
__label__2, ただ
__label__2,
__label__1,
__label__1, しかし
__label__1,
__label__4,
__label__1,
__label__4,
__label__1,
__label__3,
__label__5,
__label__5,
__label__5, そこで
__label__3,
__label__4,
__label__5,
__label__1, そして
__label__3, しかし
__label__2, が
__label__1,
__label__4,
__label__3,
__label__1,
__label__1, なので
__label__4,
__label__3, さて
__label__3, また
__label__2,
__label__2,
__label__3,
__label__3, ただ
__label__2,
__label__1,
__label__5,
__label__5,
__label__2, ただ
__label__4, それで だって でも また さて また
__label__4,
__label__1, しかし
__label__5,
__label__2,
__label__3, そして 但し
__label__5,
__label__2,
__label__3, ただ
__label__1,
__label__3,
__label__4,
__label__1,
__label__1,
__label__3,
__label__2,
__label__2, また
__label__3, でも でも
__label__3, しかも ところで すなわち
__label__5,
__label__1,
__label__3,
__label__5,
__label__1,
__label__4,
__label__2,
__label__1,
__label__4,
__label__5,
__label__1,
__label__1,
__label__1,
__label__1,
__label__3,
__label__3,
__label__5,
__label__3,
__label__2, でも
__label__3,
__label__2,
__label__4, ただ
__label__1,
__label__4,
__label__1,
__label__5,
__label__1,
__label__4,
__label__5,
__label__4,
__label__1,
__label__1,
__label__4,
__label__1,
__label__4,
__label__1,
__label__4,
__label__1,
__label__5,
__label__2,
__label__1, また
__label__1,
__label__1,
__label__1, また
__label__1,
__label__3,
__label__1,
__label__3,
__label__1,
__label__1, しかも
__label__5, でも
__label__1,
__label__2,
__label__1,
__label__2,
__label__3,
__label__1,
__label__4,
__label__1,
__label__1,
__label__4,
__label__5,
__label__3,
__label__3,
__label__4, では
__label__2, ただ また
__label__3, ただ
__label__1,
__label__1,
__label__3,
__label__1,
__label__3, しかし そもそも 或いは かつ そもそも
__label__2, けど
__label__1,
__label__1,
__label__2,
__label__5,
__label__4,
__label__2, でも しかし
__label__1, しかし
__label__2,
__label__3, また そもそも
__label__1,
__label__5, まずは
__label__1, 又
__label__3,
__label__2, しかしながら
__label__1,
__label__4,
__label__3, ただ
__label__4,
__label__1,
__label__3,
__label__2,
__label__1, または
__label__2, また また
__label__2,
__label__4,
__label__5,
__label__4, しかも
__label__1,
__label__2, しかし しかも
__label__1, しかも
__label__1,
__label__3,
__label__5,
__label__5,
__label__1,
__label__1,
__label__2, が ちなみに
__label__5, ただ
__label__1,
__label__1,
__label__5,
__label__4,
__label__3, もしくは
__label__1,
__label__4,
__label__2,
__label__1,
__label__4, だが そもそも
__label__3,
__label__2,
__label__5,
__label__1,
__label__4,
__label__4, また
__label__4,
__label__4,
__label__1,
__label__5,
__label__4, ちなみに
__label__5,
__label__5,
__label__1,
__label__1, また しかし そして
__label__1, また
__label__1,
__label__2, しかも 因みに
__label__1,
__label__4, それでも
__label__4, ただ
__label__1, ただ
__label__1,
__label__3,
__label__1,
__label__1,
__label__2,
__label__4,
__label__5,
__label__2,
__label__1,
__label__4,
__label__5, でも そして それでも
__label__1,
__label__1,
__label__1, でも
__label__1,
__label__5,
__label__5,
__label__3,
__label__4, ただ
__label__1,
__label__1, つまり
__label__2, しかも
__label__4,
__label__1,
__label__5, また
__label__5, ただし そこで
__label__1, すると
__label__1, なので また また
__label__5, また
__label__1,
__label__5,
__label__5, また
__label__2, しかし
__label__1,
__label__5,
__label__1, ただ
__label__4, しかし
__label__2,
__label__2,
__label__4, ただ
__label__2,
__label__3,
__label__2,
__label__4,
__label__1,
__label__3, ただ
__label__5,
__label__2, また ただ
__label__4,
__label__1,
__label__1,
__label__2,
__label__1,
__label__5, また ちなみに ただ そもそも しかも
__label__1, で ちなみに
__label__2, しかし
__label__4,
__label__2,
__label__3,
__label__4,
__label__4,
__label__3,
__label__1,
__label__1, しかし つまり
__label__1, ならば しかも ただ
__label__3,
__label__3,
__label__5, そして
__label__3,
__label__3,
__label__3,
__label__2, それで
__label__1,
__label__2,
__label__4,
__label__4,
__label__1, また
__label__2,
__label__2,
__label__2, なので
__label__1, そもそも
__label__2,
__label__1,
__label__1, ただ
__label__3,
__label__2,
__label__1, 次いで そして
__label__1,
__label__5, また
__label__2,
__label__1,
__label__1,
__label__3,
__label__4, だが
__label__5, それでも
__label__5,
__label__1, ならば しかも ただ
__label__2,
__label__4,
__label__1,
__label__1,
__label__5,
__label__1,
__label__3, でも
__label__4,
__label__5,
__label__2, ただ かつ ただ
__label__3, 但し
__label__2,
__label__3,
__label__1,
__label__2, しかし
__label__2, が
__label__1,
__label__3, なので
__label__4, ただ ちなみに
__label__5,
__label__2,
__label__3,
__label__5,
__label__1, 但し
__label__1, 及び
__label__3, でも
__label__2, しかし しかも
__label__1, また ちなみに
__label__3, ただ でも
__label__2, また
__label__1, 一方
__label__5,
__label__5, かつ
__label__1,
__label__5,
__label__5,
__label__4,
__label__2,
__label__4,
__label__2,
__label__1, もしくは だから
__label__1, ただ
__label__5, それでも
__label__5,
__label__2,
__label__3,
__label__4,
__label__1,
__label__3,
__label__2, しかしながら
__label__2,
__label__1, ただ
__label__1,
__label__1,
__label__1,
__label__1,
__label__3,
__label__2,
__label__3,
__label__5,
__label__4,
__label__5, また
__label__3,
__label__1,
__label__2, また
__label__5,
__label__3,
__label__1,
__label__5,
__label__1, また
__label__5,
__label__5,
__label__1,
__label__4,
__label__2,
__label__3,
__label__4,
__label__3,
__label__1, 若しくは
__label__4,
__label__1,
__label__1, ただ
__label__1,
__label__4, ただ しかしながら しかも そもそも
__label__1,
__label__4,
__label__3,
__label__2,
__label__2,
__label__3,
__label__1,
__label__3,
__label__3,
__label__2,
__label__1,
__label__3,
__label__2,
__label__1,
__label__3,
__label__2,
__label__4,
__label__5,
__label__2,
__label__5,
__label__2, でも
__label__2, しかも
__label__4, ただ
__label__2,
__label__4,
__label__3,
__label__5,
__label__3,
__label__4,
__label__2,
__label__1, それなら
__label__5,
__label__1, また だからといって
__label__2, または
__label__5,
__label__4, なお
__label__1,
__label__1,
__label__4,
__label__5,
__label__1,
__label__1,
__label__2, それとも
__label__4,
__label__3,
__label__3,
__label__1,
__label__4, そして
__label__2,
__label__4,
__label__1,
__label__1,
__label__3,
__label__5, しかし
__label__4,
__label__4,
__label__1,
__label__5,
__label__1, ただ
__label__3,
__label__4,
__label__3,
__label__4, ただ
__label__2,
__label__4,
__label__3, ただ
__label__1,
__label__2, そして または また
__label__2, ただ
__label__2, ただ
__label__2,
__label__1,
__label__2,
__label__1,
__label__1,
__label__5,
__label__4,
__label__2,
__label__1, ただ
__label__3, そして
__label__5,
__label__3,
__label__2,
__label__1,
__label__1,
__label__5,
__label__3,
__label__1,
__label__5, そして すると ただ だが
__label__1, 例えば
__label__5,
__label__3,
__label__1,
__label__5,
__label__3,
__label__2,
__label__4,
__label__2,
__label__4, なら または そして ただ
__label__4, なので ちなみに また また ところで
__label__1,
__label__3,
__label__1, しかも
__label__1,
__label__1, ただ そして 即 また
__label__1,
__label__3,
__label__3,
__label__5,
__label__1,
__label__1, 又は
__label__1,
__label__5,
__label__3,
__label__1,
__label__3,
__label__2,
__label__2,
__label__5,
__label__3,
__label__3,
__label__5,
__label__3, ところが
__label__4, ただし 及び
__label__3,
__label__1,
__label__1,
__label__2,
__label__4,
__label__1, そもそも また
__label__4,
__label__1,
__label__2,
__label__1,
__label__5,
__label__2,
__label__1,
__label__3,
__label__5,
__label__2,
__label__3,
__label__4,
__label__1,
__label__3,
__label__1,
__label__3,
__label__3,
__label__1, でも
__label__2,
__label__5,
__label__3,
__label__1, しかし
__label__5,
__label__5,
__label__4,
__label__5,
__label__1, また
__label__5,
__label__5,
__label__4, しかし
__label__3,
__label__1,
__label__4, が
__label__5,
__label__5, ただ
__label__3,
__label__2,
__label__4,
__label__2,
__label__2,
__label__4,
__label__2,
__label__5,
__label__3, よって
__label__3, ただ
__label__1, ならば しかも ただ
__label__1, そして
__label__1,
__label__4,
__label__4, ただ また で
__label__5,
__label__1,
__label__1,
__label__3,
__label__1, そして
__label__3,
__label__4,
__label__2,
__label__3,
__label__4,
__label__4, しかし
__label__5,
__label__2, ただ
__label__4,
__label__1,
__label__1, ところが
__label__4,
__label__4,
__label__1, そもそも
__label__1,
__label__1,
__label__3,
__label__5, 因みに
__label__3,
__label__1,
__label__2,
__label__1,
__label__5,
__label__1,
__label__1,
__label__2,
__label__4, でも
__label__5,
__label__4, でも しかも ただし
__label__1,
__label__4,
__label__1,
__label__1,
__label__2,
__label__4,
__label__3,
__label__1,
__label__1, また
__label__2, 又
__label__1,
__label__1,
__label__4,
__label__4,
__label__1,
__label__1,
__label__1, 例えば
__label__2,
__label__2, そこで また
__label__1,
__label__1, もしくは だから
__label__1,
__label__2,
__label__5,
__label__4,
__label__4, しかし
__label__3, ただし
__label__1,
__label__1,
__label__2,
__label__5,
__label__5,
__label__1,
__label__2,
__label__3,
__label__5,
__label__4, けど
__label__2, なので かつ ただ
__label__4,
__label__4,
__label__1,
__label__5, また
__label__3,
__label__4, 因みに
__label__1,
__label__1, また だからといって
__label__2, また しかし
__label__1,
__label__3,
__label__3,
__label__1, しかも
__label__1,
__label__5,
__label__1, ならば しかも ただ
__label__5,
__label__2, そして
__label__1,
__label__3,
__label__5,
__label__3, けど
__label__1,
__label__2,
__label__3,
__label__1, しかも
__label__2,
__label__4,
__label__1,
__label__3,
__label__4,
__label__3,
__label__1,
__label__1,
__label__4,
__label__3, けれど
__label__1, しかし
__label__2, しかも
__label__4,
__label__4,
__label__3,
__label__3,
__label__1,
__label__1,
__label__5, ちなみに
__label__5, しかし
__label__1,
__label__3,
__label__1, でも
__label__1,
__label__4,
__label__1, ただし そして
__label__3,
__label__4,
__label__4,
__label__1, しかし また
__label__2,
__label__4,
__label__3,
__label__3,
__label__1,
__label__5,
__label__4,
__label__1,
__label__4,
__label__4,
__label__2,
__label__5,
__label__3, そもそも
__label__2, ただ
__label__1,
__label__3,
__label__2, かつ
__label__2,
__label__2,
__label__5,
__label__3,
__label__1,
__label__5,
__label__5,
__label__2, 但し それだけに
__label__1,
__label__3, なので
__label__3,
__label__1,
__label__4, でも
__label__5,
__label__1,
__label__5, また
__label__5,
__label__1,
__label__4,
__label__2,
__label__3,
__label__1,
__label__1,
__label__3,
__label__3,
__label__3,
__label__2,
__label__2,
__label__2,
__label__4, ただ また それでも
__label__1, で 実は そもそも
__label__2,
__label__1,
__label__3,
__label__5,
__label__2,
__label__5,
__label__1,
__label__3,
__label__1, もしくは
__label__4, でも
__label__2,
__label__2,
__label__4,
__label__3,
__label__5,
__label__3, でも
__label__1,
__label__1, けど
__label__4, 例えば また
__label__3,
__label__1,
__label__1,
__label__2,
__label__4,
__label__4, ただ
__label__2,
__label__3,
__label__2,
__label__2, けど
__label__1,
__label__3,
__label__2,
__label__2,
__label__5, でも また
__label__3, しかし
__label__2,
__label__5,
__label__2, また
__label__5,
__label__1,
__label__1,
__label__1,
__label__5,
__label__4,
__label__2,
__label__1,
__label__3, でも
__label__5,
__label__5, および しかし ただ そして しかし
__label__4,
__label__5,
__label__1, しかし
__label__1, ところが また しかし また
__label__1,
__label__1,
__label__5, また
__label__4, ただ
__label__4,
__label__4,
__label__4,
__label__5,
__label__3,
__label__3,
__label__2,
__label__2, それでも
__label__3,
__label__1,
__label__1,
__label__3,
__label__3,
__label__4,
__label__1,
__label__5,
__label__5, また
__label__1,
__label__4,
__label__1,
__label__1,
__label__4, では が
__label__5,
__label__2, ただ ちなみに
__label__1,
__label__1,
__label__4, また
__label__1,
__label__3,
__label__5,
__label__2,
__label__5,
__label__3,
__label__3,
__label__1,
__label__5,
__label__1, また
__label__5,
__label__1,
__label__2,
__label__1,
__label__5, なので
__label__5,
__label__4,
__label__1, けど
__label__1,
__label__1, しかし また
__label__4,
__label__5,
__label__3,
__label__1,
__label__1,
__label__2,
__label__4,
__label__3, また
__label__3,
__label__2, しかも
__label__1,
__label__3,
__label__1,
__label__3, でも
__label__3, しかし また
__label__5,
__label__1,
__label__1,
__label__2,
__label__2, 例えば 例えば そして
__label__1,
__label__4,
__label__2,
__label__1,
__label__3,
__label__1,
__label__4,
__label__5,
__label__4, でも
__label__1,
__label__5,
__label__1,
__label__1, ただ それでも
__label__5,
__label__3, ただ
__label__1,
__label__5,
__label__1,
__label__2,
__label__3,
__label__3, しかしながら
__label__3, それでも
__label__1,
__label__2,
__label__1, しかし
__label__2,
__label__5, そして また
__label__2,
__label__1,
__label__4, 実は ちなみに 尚 また ただ
__label__1, よって
__label__2, しかし しかも
__label__1,
__label__1, また
__label__1,
__label__5,
__label__2,
__label__3,
__label__4,
__label__4,
__label__1, それにしても
__label__1, また
__label__5,
__label__4,
__label__2,
__label__2,
__label__5,
__label__1,
__label__5,
__label__2,
__label__4,
__label__1, それでも
__label__1,
__label__5,
__label__2,
__label__1,
__label__4, また
__label__5,
__label__4,
__label__4,
__label__4,
__label__1,
__label__1,
__label__4,
__label__1,
__label__5,
__label__1, そもそも
__label__5,
__label__4,
__label__1, しかも なので ちなみに
__label__1, つまり
__label__5,
__label__2,
__label__5,
__label__1,
__label__2,
__label__1, じゃあ
__label__2,
__label__1,
__label__4,
__label__1,
__label__3, しかし ちなみに
__label__1,
__label__1,
__label__1,
__label__1,
__label__1, が
__label__3,
__label__1,
__label__4,
__label__1, ところが
__label__3,
__label__1,
__label__1, しかも でも ただ しかし また
__label__1,
__label__3,
__label__1, そして
__label__4,
__label__2,
__label__5,
__label__2,
__label__2,
__label__1, ただ
__label__1,
__label__1,
__label__1,
__label__1, また
__label__2, 例えば つまり
__label__5,
__label__1,
__label__2, しかしながら
__label__5,
__label__4,
__label__1,
__label__1,
__label__3, ちなみに ちなみに
__label__1,
__label__1,
__label__2, が
__label__4,
__label__2,
__label__2, ただ しかし
__label__4,
__label__5,
__label__2,
__label__2, ただ でも
__label__3,
__label__3,
__label__2,
__label__1, 尚
__label__1, もしくは だから
__label__4, そして でも
__label__1,
__label__2, では
__label__3, そもそも
__label__2,
__label__1,
__label__4,
__label__5, そこで また
__label__4,
__label__1,
__label__4,
__label__4,
__label__4,
__label__1,
__label__3,
__label__4, ただ
__label__1,
__label__2,
__label__1,
__label__3,
__label__2, それでも
__label__5, また
__label__1,
__label__4,
__label__1,
__label__4, しかも
__label__1,
__label__1,
__label__3,
__label__4,
__label__1,
__label__4,
__label__3,
__label__1, それなら
__label__3,
__label__4,
__label__5,
__label__2,
__label__2, また
__label__2,
__label__3,
__label__3,
__label__2, が それでも
__label__3, また しかし
__label__4,
__label__3,
__label__2,
__label__3, そもそも
__label__3,
__label__1,
__label__1,
__label__4,
__label__3,
__label__1,
__label__4,
__label__1,
__label__4,
__label__2, ただ 反面 そこで ちなみに 次に
__label__5,
__label__4,
__label__1,
__label__4, そして
__label__4,
__label__1,
__label__3,
__label__1,
__label__5,
__label__4,
__label__2,
__label__5,
__label__1,
__label__2,
__label__5,
__label__2,
__label__2,
__label__4,
__label__2,
__label__5,
__label__3,
__label__2,
__label__4,
__label__1,
__label__4,
__label__5,
__label__1, 又
__label__2,
__label__1,
__label__1,
__label__2,
__label__5,
__label__5,
__label__1, また
__label__3,
__label__1,
__label__2,
__label__4,
__label__2,
__label__4,
__label__1,
__label__5,
__label__1,
__label__4,
__label__2,
__label__1,
__label__4, ないしは また ましてや しかしながら
__label__4, ただ
__label__5,
__label__3,
__label__1, また
__label__1,
__label__5,
__label__3,
__label__1, しかし そして ただ また
__label__3, そして
__label__1,
__label__3,
__label__1,
__label__1, よって
__label__4,
__label__2,
__label__3,
__label__1, そりゃ
__label__5,
__label__1, まずは
__label__2, しかし
__label__4,
__label__1,
__label__4,
__label__1,
__label__1,
__label__4,
__label__3,
__label__3,
__label__1,
__label__1,
__label__1,
__label__2,
__label__5,
__label__5,
__label__3,
__label__1,
__label__4,
__label__5,
__label__4, ただ
__label__1,
__label__4,
__label__1,
__label__1,
__label__4,
__label__1, でも でも
__label__4,
__label__1,
__label__4,
__label__1,
__label__4,
__label__4,
__label__1, 若しくは
__label__5, しかも
__label__3,
__label__2,
__label__4, でも
__label__1,
__label__2,
__label__3, ただ
__label__4,
__label__1,
__label__2,
__label__5, ただ
__label__1,
__label__3,
__label__2,
__label__5,
__label__2,
__label__4,
__label__5,
__label__5,
__label__3,
__label__4,
__label__1, すなわち それと しかも そして そして また ましてや
__label__4,
__label__2,
__label__2,
__label__2, ただ
__label__2, また
__label__1,
__label__1,
__label__3,
__label__3,
__label__3,
__label__4,
__label__5,
__label__1,
__label__3,
__label__1, また また
__label__3,
__label__1,
__label__1, しかし
__label__1,
__label__2, また
__label__4,
__label__1,
__label__1,
__label__3,
__label__1,
__label__1,
__label__5,
__label__4,
__label__1,
__label__4,
__label__4,
__label__5,
__label__4,
__label__4,
__label__3,
__label__3,
__label__5, ただ
__label__5,
__label__2, また
__label__5, 又
__label__1,
__label__4,
__label__1,
__label__2,
__label__5,
__label__4, しかし
__label__1,
__label__4,
__label__2, しかし
__label__1, 及び
__label__2, でも
__label__5, そして
__label__4,
__label__5, また
__label__4, ただ
__label__5,
__label__1,
__label__2, ただ
__label__2,
__label__1,
__label__5, それとも
__label__5,
__label__3,
__label__3, そして しかし そして そして
__label__1, で ちなみに
__label__1,
__label__1, でも でも
__label__2,
__label__1,
__label__5,
__label__1,
__label__1,
__label__1,
__label__4,
__label__5,
__label__1,
__label__2, しかし
__label__1,
__label__1,
__label__1,
__label__4,
__label__1,
__label__1,
__label__1,
__label__4,
__label__4, また
__label__5, また
__label__3,
__label__1, そもそも
__label__2,
__label__4,
__label__5, ちなみに
__label__5,
__label__3,
__label__1,
__label__5, しかも
__label__5,
__label__4, また
__label__1, ちなみに
__label__5, ちなみに
__label__4,
__label__5,
__label__3,
__label__3,
__label__1, それとも
__label__5,
__label__1,
__label__2, また
__label__1,
__label__1, 一方
__label__3, ただ
__label__3,
__label__3, 因みに
__label__2,
__label__1,
__label__1,
__label__1, でも
__label__1,
__label__5, かつ
__label__3, あるいは そして また
__label__4,
__label__4,
__label__1,
__label__3,
__label__5,
__label__2,
__label__1,
__label__3, そして
__label__4, しかし
__label__1,
__label__2,
__label__2,
__label__1,
__label__2,
__label__5,
__label__5,
__label__1,
__label__5,
__label__2, けど
__label__1, そして
__label__5,
__label__4,
__label__1,
__label__3, ただ
__label__3,
__label__1,
__label__3, ただ
__label__1,
__label__4,
__label__1,
__label__1,
__label__1,
__label__4, ただ
__label__2,
__label__1,
__label__3,
__label__1,
__label__4,
__label__1,
__label__1,
__label__1, ただ
__label__5,
__label__5,
__label__3,
__label__1,
__label__1, 及び
__label__1,
__label__3,
__label__4, ただ しかしながら しかも そもそも
__label__5,
__label__5,
__label__4, では
__label__3,
__label__2, ただ
__label__4,
__label__4,
__label__1,
__label__1,
__label__1,
__label__4,
__label__1,
__label__2, そして ただし
__label__5,
__label__4, ただ
__label__1,
__label__4,
__label__1,
__label__4,
__label__3, それで
__label__1,
__label__5,
__label__2,
__label__4, ただ
__label__2, だから
__label__1,
__label__5,
__label__1,
__label__5,
__label__4,
__label__5, なお
__label__5,
__label__1,
__label__1,
__label__2,
__label__1,
__label__1,
__label__5,
__label__1,
__label__1,
__label__1,
__label__2,
__label__4, ただ
__label__2,
__label__2,
__label__5,
__label__3,
__label__1,
__label__1,
__label__1,
__label__1,
__label__4,
__label__4,
__label__1,
__label__1,
__label__1,
__label__2,
__label__4,
__label__4,
__label__1, また だからといって
__label__4, 但し
__label__4, 但し
__label__5, また
__label__2,
__label__5,
__label__5,
__label__4,
__label__3,
__label__1,
__label__1, そして
__label__3,
__label__2,
__label__2,
__label__3,
__label__1, けど
__label__2, また
__label__1,
__label__1,
__label__4,
__label__3,
__label__2, ちなみに が
__label__5, でも
__label__1, したら
__label__2, よって それでも
__label__3,
__label__3,
__label__5, また
__label__4,
__label__1, また
__label__3, ただ ただ
__label__4,
__label__2,
__label__1,
__label__1,
__label__4, そして
__label__1,
__label__5,
__label__4,
__label__3,
__label__2,
__label__1,
__label__1,
__label__1,
__label__2,
__label__2,
__label__1, また
__label__2,
__label__3,
__label__4, また
__label__5,
__label__4, ただし なので じゃ
__label__2, 及び
__label__1,
__label__4, ただ
__label__5, そして
__label__1,
__label__3,
__label__1,
__label__5, ただ
__label__3,
__label__5,
__label__2,
__label__3, それで
__label__1, ただ なので でも また ただ でも また
__label__2,
__label__2,
__label__3,
__label__5, ちなみに
__label__5,
__label__1,
__label__5,
__label__3,
__label__1, しかも しかも
__label__1,
__label__3,
__label__2,
__label__5, ただ なので
__label__4,
__label__5,
__label__3,
__label__5,
__label__4,
__label__4,
__label__1,
__label__4,
__label__4,
__label__2,
__label__4, 即
__label__1,
__label__3,
__label__5, ちなみに
__label__2,
__label__5,
__label__2, 例えば
__label__5, それでも
__label__1,
__label__2,
__label__3,
__label__1, しかも でも ただ しかし また
__label__2, また
__label__3, ただ
__label__1,
__label__1,
__label__1,
__label__4,
__label__4,
__label__3,
__label__1, じゃあ
__label__3, または ただ または
__label__1, それなら
__label__2,
__label__2, ただ
__label__2,
__label__3,
__label__1,
__label__4,
__label__2,
__label__5, まずは そして つまり そして そして
__label__3,
__label__1,
__label__3, ただし
__label__4,
__label__1,
__label__1,
__label__1,
__label__3,
__label__1, また また
__label__1,
__label__4, だから
__label__3,
__label__4,
__label__1,
__label__1,
__label__1,
__label__1,
__label__1, しかし そして ただ また
__label__3,
__label__2,
__label__2,
__label__5,
__label__4,
__label__4, ただし
__label__2, それで
__label__1,
__label__3, だから
__label__5,
__label__5, また
__label__1,
__label__1,
__label__3,
__label__4, しかし
__label__1,
__label__3,
__label__5,
__label__2, そもそも 尚 また また
__label__1, でも
__label__1,
__label__1,
__label__3,
__label__2,
__label__1,
__label__5,
__label__1,
__label__4, また しかしながら
__label__4,
__label__2,
__label__5,
__label__5,
__label__1,
__label__1,
__label__5,
__label__4,
__label__4,
__label__1,
__label__1, しかし
__label__4, ただ
__label__4,
__label__5,
__label__1,
__label__4,
__label__1,
__label__5, ただ
__label__1,
__label__2,
__label__2,
__label__2,
__label__2,
__label__5,
__label__2,
__label__1,
__label__1, しかも
__label__3,
__label__3,
__label__3,
__label__1,
__label__1, 及び
__label__3, しかし
__label__1, それで
__label__1, ならば しかも ただ
__label__4, ただ
__label__1,
__label__1,
__label__1, だが
__label__4,
__label__3,
__label__3,
__label__4,
__label__2, が
__label__1,
__label__1,
__label__3,
__label__2,
__label__1,
__label__2, また
__label__4, しかし
__label__1, 尚
__label__2,
__label__1,
__label__1, また
__label__4,
__label__5, そして しかし いや でも また ないし ただ
__label__1,
__label__1, しかも しかも
__label__3,
__label__4, ただし しかも そうなると いや しかし
__label__3, ただ
__label__3, しかし
__label__1,
__label__4,
__label__3,
__label__4,
__label__4, ただ
__label__3,
__label__1,
__label__3,
__label__1,
__label__4, ただ
__label__2,
__label__4,
__label__4, ただ それでも
__label__4,
__label__1,
__label__1,
__label__1,
__label__5,
__label__1, ちなみに ただ ちなみに
__label__5,
__label__5,
__label__3,
__label__1, なので
__label__4,
__label__1,
__label__1,
__label__1,
__label__4,
__label__4,
__label__2,
__label__1,
__label__4,
__label__3, また
__label__5,
__label__1,
__label__1,
__label__4,
__label__2,
__label__1,
__label__4,
__label__1,
__label__2,
__label__1,
__label__3, また ただ
__label__2,
__label__1,
__label__1,
__label__3,
__label__1,
__label__1,
__label__1,
__label__4, 及び
__label__3,
__label__1, または
__label__1, それとも
__label__1,
__label__2,
__label__1,
__label__4,
__label__1,
__label__1,
__label__3,
__label__1,
__label__1, そもそも また
__label__2,
__label__5, および および
__label__2, ただ
__label__1, また
__label__3,
__label__4,
__label__5,
__label__5,
__label__5,
__label__4,
__label__1,
__label__1,
__label__1, また だからといって
__label__1,
__label__1,
__label__5,
__label__2,
__label__1,
__label__5, それでいて
__label__4, そして
__label__1,
__label__5,
__label__1,
__label__3, ただ
__label__3,
__label__5,
__label__4,
__label__1, しかし
__label__3,
__label__2,
__label__5,
__label__1,
__label__4, ただ
__label__1,
__label__3,
__label__1,
__label__3, でも
__label__5, が でも
__label__2,
__label__2,
__label__2,
__label__1, ならば しかも ただ
__label__1,
__label__4,
__label__4,
__label__1, しかも
__label__2, ただ
__label__2,
__label__1, つまり
__label__2,
__label__4,
__label__4,
__label__2, ただ
__label__1, また だからといって
__label__1, なので
__label__2,
__label__2,
__label__5,
__label__2,
__label__1, しかも 故に しかも
__label__5,
__label__3, しかし
__label__4,
__label__2,
__label__4,
__label__4,
__label__2, でも また
__label__3,
__label__2,
__label__4,
__label__1,
__label__2,
__label__1, そして
__label__5,
__label__1,
__label__1,
__label__3,
__label__4,
__label__4, 又は もしくは
__label__1,
__label__4, それでも
__label__5, だって
__label__3, また また
__label__3,
__label__3,
__label__2,
__label__5, そして
__label__2, だが
__label__3,
__label__5, ちなみに
__label__3, すると
__label__4,
__label__5,
__label__5, 又
__label__2, しかし
__label__1,
__label__1, また
__label__1,
__label__5,
__label__2,
__label__2, でも でも
__label__2,
__label__1, ところが それでは
__label__4,
__label__4, しかし
__label__3,
__label__5,
__label__3,
__label__5,
__label__4,
__label__3,
__label__1, また
__label__5, また
__label__5, でも
__label__5,
__label__2, 実は しかも
__label__5, または
__label__5,
__label__3,
__label__2,
__label__1,
__label__4, しかし また
__label__1,
__label__3,
__label__3, また
__label__4,
__label__1,
__label__1,
__label__3,
__label__3,
__label__3,
__label__1,
__label__4,
__label__2, ただ
__label__4,
__label__2,
__label__1,
__label__2,
__label__5,
__label__5,
__label__3, ただし
__label__1,
__label__5,
__label__1,
__label__1,
__label__1,
__label__1,
__label__1,
__label__2, で
__label__1, ただ ただ ただ ただ ただ でも
__label__1,
__label__1,
__label__3,
__label__2,
__label__1,
__label__5, そして
__label__4,
__label__3,
__label__5,
__label__4,
__label__3,
__label__4,
__label__1,
__label__3, しかし
__label__1, また しかし そして
__label__4, ただ
__label__2,
__label__5,
__label__5,
__label__3,
__label__1,
__label__4,
__label__5,
__label__5,
__label__5,
__label__5,
__label__4,
__label__3, それでも
__label__1,
__label__1,
__label__5,
__label__4,
__label__3,
__label__1,
__label__2,
__label__3,
__label__2,
__label__4,
__label__5,
__label__1,
__label__2,
__label__1,
__label__3,
__label__2,
__label__2, また
__label__2,
__label__2,
__label__2, そもそも
__label__4, また
__label__1,
__label__1,
__label__2, また
__label__5, が ただ
__label__1,
__label__1,
__label__1, 一方
__label__1,
__label__4,
__label__1,
__label__3, そして
__label__1,
__label__1, ならば しかも ただ
__label__2,
__label__1,
__label__1,
__label__4,
__label__1, しかし
__label__5,
__label__3,
__label__3,
__label__2, そして そして
__label__2, そしたら
__label__5,
__label__1,
__label__4,
__label__5, でも
__label__5,
__label__1, しかし
__label__5, 例えば
__label__3, ただし
__label__2,
__label__1,
__label__1, そして
__label__1,
__label__4, そして
__label__3, また
__label__2, でも
__label__5, それで つまり また
__label__1, でも
__label__5,
__label__1,
__label__1,
__label__3, でも
__label__2,
__label__1,
__label__4, ただ
__label__2,
__label__1,
__label__3, それにしても
__label__3, ついては
__label__1, なので
__label__1,
__label__2,
__label__1,
__label__2, それでも
__label__4, そして
__label__1,
__label__1,
__label__5,
__label__4, ただ また 例えば しかし しかし したがって 実は 例えば また
__label__2,
__label__1,
__label__4,
__label__5,
__label__1, で 実は そもそも
__label__1,
__label__1,
__label__5,
__label__5,
__label__5,
__label__3,
__label__1,
__label__3,
__label__1,
__label__2,
__label__1, けど
__label__5,
__label__5,
__label__1,
__label__3,
__label__3,
__label__1,
__label__3,
__label__1, けど
__label__3, しかし
__label__1,
__label__5,
__label__4,
__label__1,
__label__1,
__label__1, しかも それで また だから
__label__1,
__label__2, しかしながら
__label__2,
__label__1,
__label__3,
__label__5,
__label__1, しかも なので ちなみに
__label__4, ところが そこで
__label__5,
__label__5,
__label__5,
__label__2,
__label__3,
__label__3,
__label__1,
__label__1,
__label__1, しかも
__label__2, 及び また また
__label__1,
__label__1,
__label__3,
__label__4,
__label__2,
__label__4,
__label__4, 一方 そして 反面
__label__4, ただ
__label__1,
__label__4, ただ
__label__4,
__label__1,
__label__2,
__label__2,
__label__5,
__label__1,
__label__2,
__label__3,
__label__1,
__label__2,
__label__1,
__label__3,
__label__4,
__label__5,
__label__1,
__label__1,
__label__3,
__label__2,
__label__1,
__label__3,
__label__1,
__label__4,
__label__1,
__label__1, しかも それで また だから
__label__5,
__label__1,
__label__5,
__label__2,
__label__1,
__label__5, そして
__label__1, なので
__label__2,
__label__5,
__label__4,
__label__3, しかも
__label__3,
__label__1, ちなみに
__label__5, つまるところ
__label__3,
__label__2,
__label__4,
__label__4,
__label__1,
__label__4,
__label__5,
__label__5,
__label__5,
__label__1,
__label__2, それとも
__label__2,
__label__1,
__label__1,
__label__2,
__label__2,
__label__1,
__label__1,
__label__1,
__label__5,
__label__1, しかし
__label__3, しかも
__label__5,
__label__4,
__label__4, ただ
__label__5, なので または ただし それから また そして そして そもそも なので しかし そもそも そもそも なので そして もしくは
__label__1,
__label__1, しかし
__label__1, もしくは
__label__4,
__label__4,
__label__4, でも だから でも
__label__3,
__label__1,
__label__4, でも
__label__2,
__label__5, そして
__label__1,
__label__1,
__label__4,
__label__2,
__label__1,
__label__1, しかも
__label__1,
__label__1,
__label__2,
__label__5,
__label__3,
__label__2,
__label__3, ただ
__label__1, そして
__label__5, また
__label__3,
__label__4,
__label__4,
__label__3, ちなみに
__label__4,
__label__4,
__label__5,
__label__1,
__label__2,
__label__5,
__label__2,
__label__4,
__label__2,
__label__3,
__label__5,
__label__4,
__label__5,
__label__5,
__label__3,
__label__4,
__label__1,
__label__1,
__label__4,
__label__1, まずは でも
__label__2,
__label__1,
__label__1, 又は
__label__3,
__label__3, しかし
__label__1,
__label__5,
__label__3,
__label__3,
__label__5, ただ
__label__1,
__label__4, また
__label__3,
__label__4,
__label__1,
__label__3,
__label__1, ただ それでも
__label__4,
__label__3,
__label__1, なので 一方 そして
__label__4,
__label__3,
__label__4,
__label__2,
__label__2,
__label__1,
__label__3,
__label__3,
__label__2,
__label__3, そして ただ しかし ただ というのも よって そして じゃあ なぜなら
__label__3,
__label__3, ちなみに
__label__3,
__label__3, 実は そして
__label__1,
__label__1,
__label__1,
__label__1,
__label__1,
__label__2,
__label__5,
__label__1, したら
__label__5,
__label__1,
__label__1,
__label__1,
__label__1,
__label__5, ただ
__label__2, また
__label__2,
__label__5, また ただ また
__label__1, また
__label__1, ただ そりゃ
__label__1,
__label__3, しかも
__label__1,
__label__4,
__label__5,
__label__1, なので それでも
__label__3,
__label__4, しかしながら
__label__1, 及び 及び ちなみに そもそも 例えば それでも つまり ちなみに
__label__1,
__label__1,
__label__2,
__label__5,
__label__1,
__label__4,
__label__2,
__label__5,
__label__5,
__label__1,
__label__1, しかも
__label__2,
__label__5,
__label__5,
__label__3,
__label__1,
__label__1,
__label__1,
__label__5,
__label__2, しかし
__label__1,
__label__4,
__label__2, ただ
__label__1,
__label__1,
__label__1,
__label__5,
__label__3, ただ
__label__1,
__label__5,
__label__1,
__label__2,
__label__4,
__label__1,
__label__1, なお
__label__2,
__label__5,
__label__1,
__label__4, が
__label__2,
__label__1,
__label__4,
__label__1, んじゃ
__label__1,
__label__1, ただ
__label__5,
__label__1,
__label__1, しかし
__label__1,
__label__1,
__label__1,
__label__2,
__label__1, また
__label__1,
__label__1,
__label__4,
__label__5,
__label__5,
__label__1, そもそも また
__label__5,
__label__5, 例えば しかし また しかし そして
__label__3,
__label__3,
__label__5,
__label__4,
__label__1, すると
__label__2,
__label__2, また
__label__1,
__label__1, しかも
__label__3,
__label__4,
__label__2,
__label__5, 実は
__label__4,
__label__3,
__label__1,
__label__4,
__label__2, かつ
__label__5, ただ
__label__2,
__label__3,
__label__1,
__label__3,
__label__4,
__label__5,
__label__1, 又
__label__3,
__label__3, ただ
__label__1,
__label__1,
__label__2,
__label__5,
__label__5, ただ しかし
__label__1,
__label__3,
__label__3,
__label__5, しかし
__label__3,
__label__2, が
__label__4,
__label__3,
__label__1,
__label__2, ただ そもそも
__label__1,
__label__1,
__label__1,
__label__4,
__label__3,
__label__3,
__label__2,
__label__4, でも 因みに
__label__5,
__label__2, また
__label__1,
__label__4, では ただし が
__label__3,
__label__1,
__label__1,
__label__1,
__label__1,
__label__3,
__label__4,
__label__1,
__label__2,
__label__5,
__label__2,
__label__4, だけど
__label__1, なので 一方 そして
__label__4,
__label__1,
__label__1,
__label__1,
__label__5,
__label__3,
__label__4,
__label__1, しかし または
__label__3, ただ
__label__3,
__label__1,
__label__1,
__label__5,
__label__2,
__label__1,
__label__3,
__label__3, たとえば また
__label__4,
__label__1, しかも
__label__1, なので
__label__3,
__label__2, また
__label__1,
__label__5,
__label__5,
__label__1,
__label__5,
__label__3, しかし そもそも 一方 あるいは
__label__5,
__label__4,
__label__1,
__label__5,
__label__3,
__label__4,
__label__1, でも
__label__1,
__label__1,
__label__4, ですが
__label__1, しかも
__label__4,
__label__3, また
__label__1,
__label__3, ただ そして
__label__3, ただ
__label__2,
__label__1,
__label__1, そして
__label__2, しかも
__label__1,
__label__1, でも でも
__label__4, そもそも
__label__1, また
__label__3,
__label__2,
__label__2,
__label__5,
__label__5,
__label__5,
__label__3, 追って
__label__5,
__label__2,
__label__2,
__label__1,
__label__1,
__label__4,
__label__1,
__label__3,
__label__4,
__label__1,
__label__3,
__label__3, また
__label__1, それとも
__label__1,
__label__4,
__label__1,
__label__5,
__label__1,
__label__5,
__label__3, また また
__label__4, そして
__label__1,
__label__2,
__label__5,
__label__5,
__label__4, しかし
__label__1,
__label__5, ちなみに
__label__5,
__label__2,
__label__1,
__label__3,
__label__2,
__label__1,
__label__1,
__label__3,
__label__3,
__label__2, また よって
__label__2, だから
__label__4,
__label__1, なお
__label__2,
__label__3,
__label__1,
__label__2,
__label__1, また ちなみに
__label__4,
__label__2,
__label__3,
__label__2, また
__label__4, ただし
__label__1,
__label__4,
__label__2,
__label__3, 因みに
__label__1,
__label__5,
__label__2, ただ そしたら
__label__5, また
__label__1, それなら
__label__1,
__label__3,
__label__1,
__label__3,
__label__1, また
__label__4,
__label__1,
__label__5, 実は
__label__5,
__label__3,
__label__2, しかし
__label__3, また
__label__5, また ただし もしくは
__label__3, ただし
__label__2,
__label__4,
__label__5,
__label__4,
__label__1,
__label__1,
__label__2, また
__label__4,
__label__3, ただ それでも
__label__4,
__label__1,
__label__4,
__label__4,
__label__1, けど
__label__1,
__label__4,
__label__3,
__label__5,
__label__1, なので
__label__1,
__label__1, そして
__label__3, また
__label__1,
__label__1,
__label__1,
__label__5,
__label__2,
__label__1, すると 因みに
__label__1,
__label__5,
__label__2,
__label__3, また
__label__5,
__label__5,
__label__5,
__label__3,
__label__3,
__label__1,
__label__1,
__label__2,
__label__1,
__label__1,
__label__3, それでも
__label__1, 次いで そして
__label__1,
__label__5,
__label__3,
__label__4,
__label__2, また
__label__4,
__label__1,
__label__5, そして
__label__5,
__label__1,
__label__4,
__label__5,
__label__3,
__label__5,
__label__3,
__label__2,
__label__5, ただし 実は ただ
__label__1, また だからといって
__label__5,
__label__1, ただ
__label__4,
__label__1,
__label__1, ただ
__label__4,
__label__4,
__label__1,
__label__2, しかも
__label__3, そして
__label__5,
__label__5, また
__label__3,
__label__3,
__label__1,
__label__1,
__label__1,
__label__4,
__label__3, ただ また
__label__4,
__label__4, また
__label__1,
__label__4,
__label__4, しかし
__label__1, また
__label__5,
__label__1, ただ
__label__1,
__label__2, しかし ところが 追って また いや
__label__1,
__label__5,
__label__4,
__label__3,
__label__2,
__label__3,
__label__5, しかし
__label__1,
__label__5,
__label__2, しかも
__label__1,
__label__3, しかし
__label__5, ただ また また もしくは また でないと ただ
__label__5,
__label__4,
__label__1,
__label__4,
__label__4, ただ
__label__4,
__label__1,
__label__4,
__label__1, しかも
__label__2,
__label__5,
__label__4,
__label__1, また
__label__3, ただ
__label__2,
__label__1,
__label__4,
__label__1,
__label__5, ただ でも ただ
__label__4,
__label__5,
__label__1,
__label__4, ただ
__label__2,
__label__2,
__label__1,
__label__2, しかし
__label__5,
__label__5,
__label__3, でも
__label__1, つまり
__label__4,
__label__4,
__label__3,
__label__1,
__label__1,
__label__5,
__label__4,
__label__5,
__label__1,
__label__1,
__label__4,
__label__5,
__label__1, 但し
__label__5,
__label__1,
__label__2,
__label__1, また
__label__1,
__label__2, 実は しかも
__label__1,
__label__2,
__label__3, それでも
__label__1,
__label__3,
__label__3,
__label__3,
__label__3,
__label__5,
__label__1,
__label__4,
__label__1,
__label__1,
__label__1,
__label__4, ただ
__label__2,
__label__5,
__label__2,
__label__3,
__label__2,
__label__5,
__label__3,
__label__4, ただ
__label__1, だが
__label__3,
__label__1,
__label__1,
__label__1,
__label__5,
__label__1,
__label__1,
__label__1, つまり
__label__4,
__label__1,
__label__1,
__label__1, また
__label__2,
__label__1,
__label__3, でも
__label__1,
__label__1,
__label__5,
__label__1,
__label__2,
__label__5,
__label__4, ただ
__label__3,
__label__2,
__label__4,
__label__1,
__label__1, もしくは だから
__label__5,
__label__4,
__label__4,
__label__1,
__label__1,
__label__3,
__label__4,
__label__1,
__label__3,
__label__1,
__label__5,
__label__5,
__label__1,
__label__1, それでも
__label__3, いや
__label__5, また
__label__5,
__label__3,
__label__3,
__label__1,
__label__1,
__label__1,
__label__5,
__label__1,
__label__4,
__label__2,
__label__2,
__label__2,
__label__1,
__label__3, ただ
__label__4, そして
__label__2, ただし
__label__3,
__label__2,
__label__1, まずは
__label__3,
__label__1,
__label__5,
__label__1,
__label__2,
__label__3, ただ
__label__3,
__label__4,
__label__3,
__label__2, しかし
__label__2,
__label__4,
__label__5, また
__label__4,
__label__1, ところが
__label__2, そして
__label__4, しかしながら
__label__2,
__label__3,
__label__4, しかし
__label__1,
__label__2,
__label__2, そして では また そして
__label__2,
__label__4,
__label__2, ただし
__label__4,
__label__1,
__label__1,
__label__3,
__label__2, だが
__label__1,
__label__2, ただ 従って
__label__3,
__label__5,
__label__5,
__label__2,
__label__5, かつ そして そして
__label__3, ただ
__label__4, そして
__label__1, なので それでも
__label__2,
__label__1,
__label__1,
__label__1,
__label__5,
__label__4,
__label__1,
__label__1,
__label__1,
__label__3,
__label__2,
__label__1,
__label__1, ただ なので でも また ただ でも また
__label__5,
__label__1,
__label__2,
__label__1,
__label__1,
__label__4,
__label__4,
__label__3,
__label__1,
__label__1, また
__label__1,
__label__4,
__label__1, ならば しかも ただ
__label__1,
__label__4,
__label__1,
__label__3, しかも
__label__2,
__label__1, また
__label__4,
__label__1,
__label__4,
__label__2, また
__label__1, だから それでも それでも そもそも いや そもそも けれども それでも
__label__4,
__label__1,
__label__1,
__label__1, なお
__label__5,
__label__3, でも
__label__1,
__label__1,
__label__3, でも そもそも
__label__1,
__label__1,
__label__1,
__label__5,
__label__3,
__label__1, ところが それでは
__label__5,
__label__2,
__label__1,
__label__3,
__label__1, すなわち それと しかも そして そして また ましてや
__label__3,
__label__2,
__label__1, また だからといって
__label__1,
__label__5,
__label__5,
__label__1,
__label__5,
__label__3,
__label__5, また
__label__4,
__label__2,
__label__2,
__label__4, しかも
__label__5,
__label__2,
__label__2,
__label__5, ないし
__label__5,
__label__4, しかしながら
__label__4, 因みに さて そして
__label__3,
__label__3,
__label__3,
__label__3, そこで
__label__3,
__label__5, ちなみに
__label__3,
__label__2,
__label__3,
__label__1,
__label__1,
__label__4,
__label__1,
__label__5,
__label__3, だから
__label__2,
__label__1,
__label__4,
__label__2,
__label__1, それでも
__label__1,
__label__2,
__label__1,
__label__1,
__label__5,
__label__5,
__label__2,
__label__3,
__label__1, でも
__label__2,
__label__4,
__label__2,
__label__2,
__label__2,
__label__1, ただ
__label__5,
__label__2,
__label__3,
__label__3,
__label__5,
__label__2,
__label__5, しかも
__label__5,
__label__2,
__label__1, それとも
__label__4, すると 次に
__label__2, また
__label__3, しかし そして
__label__4,
__label__1,
__label__2,
__label__1, ところが
__label__3, ただ
__label__5,
__label__4,
__label__3,
__label__1,
__label__1,
__label__5,
__label__4, 例えば されど
__label__4,
__label__3, なので
__label__5,
__label__5,
__label__3, しかし
__label__4,
__label__5,
__label__1,
__label__2,
__label__1,
__label__4,
__label__3,
__label__3,
__label__3,
__label__1, しかも
__label__5, しかし
__label__5, そして 例えば ほんで いや
__label__5,
__label__1,
__label__1,
__label__1,
__label__5,
__label__3,
__label__1, そもそも また
__label__2,
__label__5, また
__label__3,
__label__1,
__label__5,
__label__2,
__label__3, ただ
__label__2,
__label__1,
__label__2,
__label__3,
__label__3,
__label__4,
__label__2, でないと でないと
__label__1,
__label__1,
__label__1,
__label__1,
__label__1,
__label__5,
__label__1,
__label__3,
__label__1,
__label__3,
__label__1,
__label__3, そもそも ただ
__label__1,
__label__5,
__label__5,
__label__4,
__label__4, ただ
__label__1,
__label__1,
__label__1, しかも 故に しかも
__label__1,
__label__4,
__label__2,
__label__4,
__label__3, ただ そして
__label__1,
__label__3,
__label__3,
__label__3,
__label__1,
__label__4,
__label__3,
__label__2,
__label__4,
__label__4, また ただ
__label__1,
__label__2,
__label__1,
__label__1,
__label__2,
__label__4,
__label__5,
__label__5,
__label__1,
__label__4,
__label__5,
__label__3,
__label__1,
__label__2,
__label__5,
__label__1,
__label__1, ただ そりゃ
__label__4,
__label__3, また
__label__4,
__label__4,
__label__1,
__label__2, しかし
__label__1,
__label__2,
__label__1,
__label__1,
__label__2,
__label__5,
__label__5,
__label__5,
__label__5,
__label__3, すると
__label__3,
__label__1, けど
__label__3, ただ
__label__1,
__label__1,
__label__3,
__label__4,
__label__1,
__label__1,
__label__3,
__label__4, しかし
__label__4,
__label__4,
__label__1,
__label__5,
__label__4,
__label__2,
__label__1,
__label__2,
__label__3,
__label__4,
__label__3,
__label__5,
__label__1, また
__label__2,
__label__4, でも
__label__3,
__label__3,
__label__3, しかも
__label__1,
__label__1, しかし
__label__5,
__label__1,
__label__5,
__label__3, ただし
__label__3,
__label__2,
__label__5,
__label__3,
__label__2,
__label__1, また
__label__4,
__label__3, また
__label__4,
__label__2,
__label__5,
__label__3,
__label__1, また
__label__1,
__label__3, でも
__label__4, そして 尚 そこで しかし ちなみに だって
__label__5,
__label__1,
__label__4, けれども
__label__2,
__label__1,
__label__2,
__label__2, しかし ところが 追って また いや
__label__4,
__label__2,
__label__5,
__label__5,
__label__2,
__label__1,
__label__4,
__label__4, また また
__label__5, また
__label__3,
__label__3, でも
__label__1, ただ
__label__1,
__label__3,
__label__1,
__label__2,
__label__1,
__label__5,
__label__1,
__label__1,
__label__4,
__label__1, それとも
__label__4,
__label__3, それでも かつ
__label__1, つまり しかも さて
__label__2,
__label__4,
__label__1,
__label__4, なので
__label__5,
__label__2, また
__label__4,
__label__4, でも
__label__5,
__label__4, ただし また
__label__4,
__label__5,
__label__3,
__label__5,
__label__3, ちなみに でも
__label__3,
__label__1, それでも
__label__3,
__label__3,
__label__3,
__label__2, が
__label__1, ただし そして
__label__1,
__label__5,
__label__5,
__label__4,
__label__2, それでも
__label__1,
__label__1,
__label__2,
__label__1,
__label__1,
__label__1,
__label__4,
__label__5,
__label__5,
__label__5,
__label__5,
__label__1,
__label__4,
__label__1,
__label__3,
__label__4, ただ
__label__5,
__label__4,
__label__4,
__label__2, そうしたら
__label__1,
__label__2,
__label__2,
__label__2,
__label__4,
__label__2,
__label__1,
__label__1,
__label__5, また
__label__4,
__label__1, ところで
__label__1,
__label__5,
__label__5,
__label__5,
__label__1,
__label__3,
__label__5,
__label__3,
__label__5,
__label__3,
__label__2, また
__label__3,
__label__2,
__label__1,
__label__4,
__label__1, しかし
__label__4,
__label__1,
__label__4,
__label__3,
__label__2,
__label__3,
__label__1, なお
__label__3,
__label__4, または ちなみに
__label__1,
__label__1,
__label__2,
__label__1,
__label__2,
